Component: ARM Compiler 5.06 (build 20) Tool: armlink [4d35a3]

==============================================================================

Section Cross References

    startup_stm32f103xb.o(RESET) refers to startup_stm32f103xb.o(STACK) for __initial_sp
    startup_stm32f103xb.o(RESET) refers to startup_stm32f103xb.o(.text) for Reset_Handler
    startup_stm32f103xb.o(RESET) refers to stm32f1xx_it.o(i.NMI_Handler) for NMI_Handler
    startup_stm32f103xb.o(RESET) refers to stm32f1xx_it.o(i.HardFault_Handler) for HardFault_Handler
    startup_stm32f103xb.o(RESET) refers to stm32f1xx_it.o(i.MemManage_Handler) for MemManage_Handler
    startup_stm32f103xb.o(RESET) refers to stm32f1xx_it.o(i.BusFault_Handler) for BusFault_Handler
    startup_stm32f103xb.o(RESET) refers to stm32f1xx_it.o(i.UsageFault_Handler) for UsageFault_Handler
    startup_stm32f103xb.o(RESET) refers to stm32f1xx_it.o(i.SVC_Handler) for SVC_Handler
    startup_stm32f103xb.o(RESET) refers to stm32f1xx_it.o(i.DebugMon_Handler) for DebugMon_Handler
    startup_stm32f103xb.o(RESET) refers to stm32f1xx_it.o(i.PendSV_Handler) for PendSV_Handler
    startup_stm32f103xb.o(RESET) refers to stm32f1xx_it.o(i.SysTick_Handler) for SysTick_Handler
    startup_stm32f103xb.o(RESET) refers to stm32f1xx_it.o(i.DMA1_Channel2_IRQHandler) for DMA1_Channel2_IRQHandler
    startup_stm32f103xb.o(RESET) refers to stm32f1xx_it.o(i.DMA1_Channel3_IRQHandler) for DMA1_Channel3_IRQHandler
    startup_stm32f103xb.o(RESET) refers to stm32f1xx_it.o(i.DMA1_Channel4_IRQHandler) for DMA1_Channel4_IRQHandler
    startup_stm32f103xb.o(RESET) refers to stm32f1xx_it.o(i.DMA1_Channel5_IRQHandler) for DMA1_Channel5_IRQHandler
    startup_stm32f103xb.o(RESET) refers to stm32f1xx_it.o(i.DMA1_Channel6_IRQHandler) for DMA1_Channel6_IRQHandler
    startup_stm32f103xb.o(RESET) refers to stm32f1xx_it.o(i.DMA1_Channel7_IRQHandler) for DMA1_Channel7_IRQHandler
    startup_stm32f103xb.o(RESET) refers to stm32f1xx_it.o(i.USB_LP_CAN1_RX0_IRQHandler) for USB_LP_CAN1_RX0_IRQHandler
    startup_stm32f103xb.o(RESET) refers to stm32f1xx_it.o(i.SPI1_IRQHandler) for SPI1_IRQHandler
    startup_stm32f103xb.o(.text) refers to system_stm32f1xx.o(i.SystemInit) for SystemInit
    startup_stm32f103xb.o(.text) refers to entry.o(.ARM.Collect$$$$00000000) for __main
    main.o(i.SystemClock_Config) refers to memseta.o(.text) for __aeabi_memclr4
    main.o(i.SystemClock_Config) refers to stm32f1xx_hal_rcc.o(i.HAL_RCC_OscConfig) for HAL_RCC_OscConfig
    main.o(i.SystemClock_Config) refers to stm32f1xx_hal_rcc.o(i.HAL_RCC_ClockConfig) for HAL_RCC_ClockConfig
    main.o(i.SystemClock_Config) refers to stm32f1xx_hal_rcc_ex.o(i.HAL_RCCEx_PeriphCLKConfig) for HAL_RCCEx_PeriphCLKConfig
    main.o(i.main) refers to stm32f1xx_hal.o(i.HAL_Init) for HAL_Init
    main.o(i.main) refers to main.o(i.SystemClock_Config) for SystemClock_Config
    main.o(i.main) refers to gpio.o(i.MX_GPIO_Init) for MX_GPIO_Init
    main.o(i.main) refers to dma.o(i.MX_DMA_Init) for MX_DMA_Init
    main.o(i.main) refers to adc.o(i.MX_ADC1_Init) for MX_ADC1_Init
    main.o(i.main) refers to can.o(i.MX_CAN_Init) for MX_CAN_Init
    main.o(i.main) refers to i2c.o(i.MX_I2C1_Init) for MX_I2C1_Init
    main.o(i.main) refers to iwdg.o(i.MX_IWDG_Init) for MX_IWDG_Init
    main.o(i.main) refers to spi.o(i.MX_SPI1_Init) for MX_SPI1_Init
    main.o(i.main) refers to tim.o(i.MX_TIM1_Init) for MX_TIM1_Init
    main.o(i.main) refers to tim.o(i.MX_TIM2_Init) for MX_TIM2_Init
    main.o(i.main) refers to tim.o(i.MX_TIM3_Init) for MX_TIM3_Init
    main.o(i.main) refers to tim.o(i.MX_TIM4_Init) for MX_TIM4_Init
    main.o(i.main) refers to usart.o(i.MX_USART1_UART_Init) for MX_USART1_UART_Init
    main.o(i.main) refers to usart.o(i.MX_USART2_UART_Init) for MX_USART2_UART_Init
    main.o(i.main) refers to usart.o(i.MX_USART3_UART_Init) for MX_USART3_UART_Init
    main.o(i.main) refers to usb_device.o(i.MX_USB_DEVICE_Init) for MX_USB_DEVICE_Init
    adc.o(i.HAL_ADC_MspDeInit) refers to stm32f1xx_hal_gpio.o(i.HAL_GPIO_DeInit) for HAL_GPIO_DeInit
    adc.o(i.HAL_ADC_MspInit) refers to stm32f1xx_hal_gpio.o(i.HAL_GPIO_Init) for HAL_GPIO_Init
    adc.o(i.MX_ADC1_Init) refers to stm32f1xx_hal_adc.o(i.HAL_ADC_Init) for HAL_ADC_Init
    adc.o(i.MX_ADC1_Init) refers to main.o(i.Error_Handler) for Error_Handler
    adc.o(i.MX_ADC1_Init) refers to stm32f1xx_hal_adc.o(i.HAL_ADC_ConfigChannel) for HAL_ADC_ConfigChannel
    adc.o(i.MX_ADC1_Init) refers to adc.o(.bss) for .bss
    can.o(i.HAL_CAN_MspDeInit) refers to stm32f1xx_hal_gpio.o(i.HAL_GPIO_DeInit) for HAL_GPIO_DeInit
    can.o(i.HAL_CAN_MspInit) refers to stm32f1xx_hal_gpio.o(i.HAL_GPIO_Init) for HAL_GPIO_Init
    can.o(i.HAL_CAN_MspInit) refers to stm32f1xx_hal_cortex.o(i.HAL_NVIC_SetPriority) for HAL_NVIC_SetPriority
    can.o(i.HAL_CAN_MspInit) refers to stm32f1xx_hal_cortex.o(i.HAL_NVIC_EnableIRQ) for HAL_NVIC_EnableIRQ
    can.o(i.MX_CAN_Init) refers to stm32f1xx_hal_can.o(i.HAL_CAN_Init) for HAL_CAN_Init
[...]
    i.HAL_CAN_TxMailbox1CompleteCallback     0x08000858   Section        0  stm32f1xx_hal_can.o(i.HAL_CAN_TxMailbox1CompleteCallback)
    i.HAL_CAN_TxMailbox2AbortCallback        0x0800085a   Section        0  stm32f1xx_hal_can.o(i.HAL_CAN_TxMailbox2AbortCallback)
    i.HAL_CAN_TxMailbox2CompleteCallback     0x0800085c   Section        0  stm32f1xx_hal_can.o(i.HAL_CAN_TxMailbox2CompleteCallback)
    i.HAL_CAN_WakeUpFromRxMsgCallback        0x0800085e   Section        0  stm32f1xx_hal_can.o(i.HAL_CAN_WakeUpFromRxMsgCallback)
    i.HAL_DMA_Abort_IT                       0x08000860   Section        0  stm32f1xx_hal_dma.o(i.HAL_DMA_Abort_IT)
    i.HAL_DMA_IRQHandler                     0x080008f8   Section        0  stm32f1xx_hal_dma.o(i.HAL_DMA_IRQHandler)
    i.HAL_DMA_Init                           0x08000a4c   Section        0  stm32f1xx_hal_dma.o(i.HAL_DMA_Init)
    i.HAL_GPIO_Init                          0x08000aa8   Section        0  stm32f1xx_hal_gpio.o(i.HAL_GPIO_Init)
    i.HAL_GetTick                            0x08000c64   Section        0  stm32f1xx_hal.o(i.HAL_GetTick)
    i.HAL_I2C_Init                           0x08000c70   Section        0  stm32f1xx_hal_i2c.o(i.HAL_I2C_Init)
    i.HAL_I2C_MspInit                        0x08000db0   Section        0  i2c.o(i.HAL_I2C_MspInit)
    i.HAL_IWDG_Init                          0x08000e0c   Section        0  stm32f1xx_hal_iwdg.o(i.HAL_IWDG_Init)
    i.HAL_IncTick                            0x08000e60   Section        0  stm32f1xx_hal.o(i.HAL_IncTick)
    i.HAL_Init                               0x08000e70   Section        0  stm32f1xx_hal.o(i.HAL_Init)
    i.HAL_InitTick                           0x08000e94   Section        0  stm32f1xx_hal.o(i.HAL_InitTick)
    i.HAL_MspInit                            0x08000ed4   Section        0  stm32f1xx_hal_msp.o(i.HAL_MspInit)
    i.HAL_NVIC_EnableIRQ                     0x08000f10   Section        0  stm32f1xx_hal_cortex.o(i.HAL_NVIC_EnableIRQ)
    i.HAL_NVIC_SetPriority                   0x08000f28   Section        0  stm32f1xx_hal_cortex.o(i.HAL_NVIC_SetPriority)
    i.HAL_NVIC_SetPriorityGrouping           0x08000f68   Section        0  stm32f1xx_hal_cortex.o(i.HAL_NVIC_SetPriorityGrouping)
    i.HAL_PCDEx_PMAConfig                    0x08000f8c   Section        0  stm32f1xx_hal_pcd_ex.o(i.HAL_PCDEx_PMAConfig)
    i.HAL_PCDEx_SetConnectionState           0x08000fc0   Section        0  usbd_conf.o(i.HAL_PCDEx_SetConnectionState)
    i.HAL_PCD_DataInStageCallback            0x08000fc2   Section        0  usbd_conf.o(i.HAL_PCD_DataInStageCallback)
    i.HAL_PCD_DataOutStageCallback           0x08000fd0   Section        0  usbd_conf.o(i.HAL_PCD_DataOutStageCallback)
    i.HAL_PCD_EP_Close                       0x08000fe0   Section        0  stm32f1xx_hal_pcd.o(i.HAL_PCD_EP_Close)
    i.HAL_PCD_EP_ClrStall                    0x08001020   Section        0  stm32f1xx_hal_pcd.o(i.HAL_PCD_EP_ClrStall)
    i.HAL_PCD_EP_Flush                       0x08001068   Section        0  stm32f1xx_hal_pcd.o(i.HAL_PCD_EP_Flush)
    i.HAL_PCD_EP_GetRxCount                  0x0800109c   Section        0  stm32f1xx_hal_pcd.o(i.HAL_PCD_EP_GetRxCount)
    i.HAL_PCD_EP_Open                        0x080010ac   Section        0  stm32f1xx_hal_pcd.o(i.HAL_PCD_EP_Open)
    i.HAL_PCD_EP_Receive                     0x080010f0   Section        0  stm32f1xx_hal_pcd.o(i.HAL_PCD_EP_Receive)
    i.HAL_PCD_EP_SetStall                    0x0800111e   Section        0  stm32f1xx_hal_pcd.o(i.HAL_PCD_EP_SetStall)
    i.HAL_PCD_EP_Transmit                    0x08001174   Section        0  stm32f1xx_hal_pcd.o(i.HAL_PCD_EP_Transmit)
    i.HAL_PCD_IRQHandler                     0x0800119e   Section        0  stm32f1xx_hal_pcd.o(i.HAL_PCD_IRQHandler)
    i.HAL_PCD_Init                           0x080012ac   Section        0  stm32f1xx_hal_pcd.o(i.HAL_PCD_Init)
    i.HAL_PCD_MspInit                        0x0800136c   Section        0  usbd_conf.o(i.HAL_PCD_MspInit)
    i.HAL_PCD_ResetCallback                  0x080013a8   Section        0  usbd_conf.o(i.HAL_PCD_ResetCallback)
    i.HAL_PCD_ResumeCallback                 0x080013ce   Section        0  usbd_conf.o(i.HAL_PCD_ResumeCallback)
    i.HAL_PCD_SOFCallback                    0x080013d6   Section        0  usbd_conf.o(i.HAL_PCD_SOFCallback)
    i.HAL_PCD_SetAddress                     0x080013de   Section        0  stm32f1xx_hal_pcd.o(i.HAL_PCD_SetAddress)
    i.HAL_PCD_SetupStageCallback             0x08001406   Section        0  usbd_conf.o(i.HAL_PCD_SetupStageCallback)
    i.HAL_PCD_Start                          0x08001414   Section        0  stm32f1xx_hal_pcd.o(i.HAL_PCD_Start)
    i.HAL_PCD_SuspendCallback                0x08001448   Section        0  usbd_conf.o(i.HAL_PCD_SuspendCallback)
    i.HAL_RCCEx_PeriphCLKConfig              0x0800146c   Section        0  stm32f1xx_hal_rcc_ex.o(i.HAL_RCCEx_PeriphCLKConfig)
    i.HAL_RCC_ClockConfig                    0x08001558   Section        0  stm32f1xx_hal_rcc.o(i.HAL_RCC_ClockConfig)
    i.HAL_RCC_GetPCLK1Freq                   0x080016c4   Section        0  stm32f1xx_hal_rcc.o(i.HAL_RCC_GetPCLK1Freq)
    i.HAL_RCC_GetPCLK2Freq                   0x080016e4   Section        0  stm32f1xx_hal_rcc.o(i.HAL_RCC_GetPCLK2Freq)
    i.HAL_RCC_GetSysClockFreq                0x08001704   Section        0  stm32f1xx_hal_rcc.o(i.HAL_RCC_GetSysClockFreq)
    i.HAL_RCC_OscConfig                      0x08001770   Section        0  stm32f1xx_hal_rcc.o(i.HAL_RCC_OscConfig)
    i.HAL_SPI_ErrorCallback                  0x08001a74   Section        0  stm32f1xx_hal_spi.o(i.HAL_SPI_ErrorCallback)
    i.HAL_SPI_IRQHandler                     0x08001a78   Section        0  stm32f1xx_hal_spi.o(i.HAL_SPI_IRQHandler)
    i.HAL_SPI_Init                           0x08001b3c   Section        0  stm32f1xx_hal_spi_ex.o(i.HAL_SPI_Init)
    i.HAL_SPI_MspInit                        0x08001bc0   Section        0  spi.o(i.HAL_SPI_MspInit)
    i.HAL_SYSTICK_Config                     0x08001c98   Section        0  stm32f1xx_hal_cortex.o(i.HAL_SYSTICK_Config)
    i.HAL_TIMEx_MasterConfigSynchronization  0x08001cc0   Section        0  stm32f1xx_hal_tim_ex.o(i.HAL_TIMEx_MasterConfigSynchronization)
    i.HAL_TIM_Base_Init                      0x08001d10   Section        0  stm32f1xx_hal_tim.o(i.HAL_TIM_Base_Init)
    i.HAL_TIM_Base_MspInit                   0x08001d48   Section        0  tim.o(i.HAL_TIM_Base_MspInit)
    i.HAL_TIM_ConfigClockSource              0x08001db8   Section        0  stm32f1xx_hal_tim.o(i.HAL_TIM_ConfigClockSource)
    i.HAL_UART_Init                          0x08001eaa   Section        0  stm32f1xx_hal_uart.o(i.HAL_UART_Init)
    i.HAL_UART_MspInit                       0x08001f0c   Section        0  usart.o(i.HAL_UART_MspInit)
    i.HardFault_Handler                      0x080020c4   Section        0  stm32f1xx_it.o(i.HardFault_Handler)
    i.IntToUnicode                           0x080020c8   Section        0  usbd_desc.o(i.IntToUnicode)
    IntToUnicode                             0x080020c9   Thumb Code    56  usbd_desc.o(i.IntToUnicode)
    i.MSC_BOT_Abort                          0x08002100   Section        0  usbd_msc_bot.o(i.MSC_BOT_Abort)
    MSC_BOT_Abort                            0x08002101   Thumb Code    66  usbd_msc_bot.o(i.MSC_BOT_Abort)
    i.MSC_BOT_CBW_Decode                     0x08002144   Section        0  usbd_msc_bot.o(i.MSC_BOT_CBW_Decode)
    MSC_BOT_CBW_Decode                       0x08002145   Thumb Code   198  usbd_msc_bot.o(i.MSC_BOT_CBW_Decode)
    i.MSC_BOT_CplClrFeature                  0x08002210   Section        0  usbd_msc_bot.o(i.MSC_BOT_CplClrFeature)
    i.MSC_BOT_DataIn                         0x0800223a   Section        0  usbd_msc_bot.o(i.MSC_BOT_DataIn)
    i.MSC_BOT_DataOut                        0x08002274   Section        0  usbd_msc_bot.o(i.MSC_BOT_DataOut)
    i.MSC_BOT_DeInit                         0x080022ae   Section        0  usbd_msc_bot.o(i.MSC_BOT_DeInit)
    i.MSC_BOT_Init                           0x080022b8   Section        0  usbd_msc_bot.o(i.MSC_BOT_Init)
    i.MSC_BOT_Reset                          0x080022fa   Section        0  usbd_msc_bot.o(i.MSC_BOT_Reset)
    i.MSC_BOT_SendCSW                        0x08002310   Section        0  usbd_msc_bot.o(i.MSC_BOT_SendCSW)
    i.MX_ADC1_Init                           0x0800234c   Section        0  adc.o(i.MX_ADC1_Init)
    i.MX_CAN_Init                            0x0800239c   Section        0  can.o(i.MX_CAN_Init)
    i.MX_DMA_Init                            0x080023d8   Section        0  dma.o(i.MX_DMA_Init)
    i.MX_GPIO_Init                           0x08002454   Section        0  gpio.o(i.MX_GPIO_Init)
    i.MX_I2C1_Init                           0x08002490   Section        0  i2c.o(i.MX_I2C1_Init)
    i.MX_IWDG_Init                           0x080024d0   Section        0  iwdg.o(i.MX_IWDG_Init)
    i.MX_SPI1_Init                           0x080024fc   Section        0  spi.o(i.MX_SPI1_Init)
    i.MX_TIM1_Init                           0x08002544   Section        0  tim.o(i.MX_TIM1_Init)
    i.MX_TIM2_Init                           0x080025a8   Section        0  tim.o(i.MX_TIM2_Init)
    i.MX_TIM3_Init                           0x08002608   Section        0  tim.o(i.MX_TIM3_Init)
    i.MX_TIM4_Init                           0x08002668   Section        0  tim.o(i.MX_TIM4_Init)
    i.MX_USART1_UART_Init                    0x080026c8   Section        0  usart.o(i.MX_USART1_UART_Init)
    i.MX_USART2_UART_Init                    0x08002700   Section        0  usart.o(i.MX_USART2_UART_Init)
    i.MX_USART3_UART_Init                    0x08002738   Section        0  usart.o(i.MX_USART3_UART_Init)
    i.MX_USB_DEVICE_Init                     0x08002770   Section        0  usb_device.o(i.MX_USB_DEVICE_Init)
    i.MemManage_Handler                      0x080027c4   Section        0  stm32f1xx_it.o(i.MemManage_Handler)
    i.NMI_Handler                            0x080027c6   Section        0  stm32f1xx_it.o(i.NMI_Handler)
    i.NVIC_SetPriority                       0x080027c8   Section        0  stm32f1xx_hal_cortex.o(i.NVIC_SetPriority)
    NVIC_SetPriority                         0x080027c9   Thumb Code    32  stm32f1xx_hal_cortex.o(i.NVIC_SetPriority)
    i.PCD_EP_ISR_Handler                     0x080027e8   Section        0  stm32f1xx_hal_pcd.o(i.PCD_EP_ISR_Handler)
    PCD_EP_ISR_Handler                       0x080027e9   Thumb Code   866  stm32f1xx_hal_pcd.o(i.PCD_EP_ISR_Handler)
    i.PendSV_Handler                         0x08002b4a   Section        0  stm32f1xx_it.o(i.PendSV_Handler)
    i.SCSI_CheckAddressRange                 0x08002b4c   Section        0  usbd_msc_scsi.o(i.SCSI_CheckAddressRange)
    SCSI_CheckAddressRange                   0x08002b4d   Thumb Code    34  usbd_msc_scsi.o(i.SCSI_CheckAddressRange)
    i.SCSI_ProcessCmd                        0x08002b70   Section        0  usbd_msc_scsi.o(i.SCSI_ProcessCmd)
    i.SCSI_ProcessRead                       0x08002d3c   Section        0  usbd_msc_scsi.o(i.SCSI_ProcessRead)
    SCSI_ProcessRead                         0x08002d3d   Thumb Code   140  usbd_msc_scsi.o(i.SCSI_ProcessRead)
    i.SCSI_ProcessWrite                      0x08002dc8   Section        0  usbd_msc_scsi.o(i.SCSI_ProcessWrite)
    SCSI_ProcessWrite                        0x08002dc9   Thumb Code   152  usbd_msc_scsi.o(i.SCSI_ProcessWrite)
    i.SCSI_Read10                            0x08002e60   Section        0  usbd_msc_scsi.o(i.SCSI_Read10)
    SCSI_Read10                              0x08002e61   Thumb Code   170  usbd_msc_scsi.o(i.SCSI_Read10)
    i.SCSI_ReadCapacity10                    0x08002f0a   Section        0  usbd_msc_scsi.o(i.SCSI_ReadCapacity10)
    SCSI_ReadCapacity10                      0x08002f0b   Thumb Code    86  usbd_msc_scsi.o(i.SCSI_ReadCapacity10)
    i.SCSI_ReadFormatCapacity                0x08002f60   Section        0  usbd_msc_scsi.o(i.SCSI_ReadFormatCapacity)
    SCSI_ReadFormatCapacity                  0x08002f61   Thumb Code   110  usbd_msc_scsi.o(i.SCSI_ReadFormatCapacity)
    i.SCSI_SenseCode                         0x08002fce   Section        0  usbd_msc_scsi.o(i.SCSI_SenseCode)
    i.SCSI_Write10                           0x08003004   Section        0  usbd_msc_scsi.o(i.SCSI_Write10)
    SCSI_Write10                             0x08003005   Thumb Code   202  usbd_msc_scsi.o(i.SCSI_Write10)
    i.SPI1_IRQHandler                        0x080030d0   Section        0  stm32f1xx_it.o(i.SPI1_IRQHandler)
    i.SPI_DMAAbortOnError                    0x080030dc   Section        0  stm32f1xx_hal_spi.o(i.SPI_DMAAbortOnError)
    SPI_DMAAbortOnError                      0x080030dd   Thumb Code    16  stm32f1xx_hal_spi.o(i.SPI_DMAAbortOnError)
    i.STORAGE_GetCapacity_FS                 0x080030ec   Section        0  usbd_storage_if.o(i.STORAGE_GetCapacity_FS)
    STORAGE_GetCapacity_FS                   0x080030ed   Thumb Code    14  usbd_storage_if.o(i.STORAGE_GetCapacity_FS)
    i.STORAGE_GetMaxLun_FS                   0x080030fa   Section        0  usbd_storage_if.o(i.STORAGE_GetMaxLun_FS)
    STORAGE_GetMaxLun_FS                     0x080030fb   Thumb Code     4  usbd_storage_if.o(i.STORAGE_GetMaxLun_FS)
    i.STORAGE_Init_FS                        0x080030fe   Section        0  usbd_storage_if.o(i.STORAGE_Init_FS)
    STORAGE_Init_FS                          0x080030ff   Thumb Code     4  usbd_storage_if.o(i.STORAGE_Init_FS)
    i.STORAGE_IsReady_FS                     0x08003102   Section        0  usbd_storage_if.o(i.STORAGE_IsReady_FS)
    STORAGE_IsReady_FS                       0x08003103   Thumb Code     4  usbd_storage_if.o(i.STORAGE_IsReady_FS)
    i.STORAGE_IsWriteProtected_FS            0x08003106   Section        0  usbd_storage_if.o(i.STORAGE_IsWriteProtected_FS)
    STORAGE_IsWriteProtected_FS              0x08003107   Thumb Code     4  usbd_storage_if.o(i.STORAGE_IsWriteProtected_FS)
    i.STORAGE_Read_FS                        0x0800310a   Section        0  usbd_storage_if.o(i.STORAGE_Read_FS)
    STORAGE_Read_FS                          0x0800310b   Thumb Code     4  usbd_storage_if.o(i.STORAGE_Read_FS)
    i.STORAGE_Write_FS                       0x0800310e   Section        0  usbd_storage_if.o(i.STORAGE_Write_FS)
    STORAGE_Write_FS                         0x0800310f   Thumb Code     4  usbd_storage_if.o(i.STORAGE_Write_FS)
    i.SVC_Handler                            0x08003112   Section        0  stm32f1xx_it.o(i.SVC_Handler)
    i.SysTick_Handler                        0x08003114   Section        0  stm32f1xx_it.o(i.SysTick_Handler)
    i.SystemClock_Config                     0x08003118   Section        0  main.o(i.SystemClock_Config)
    i.SystemInit                             0x08003184   Section        0  system_stm32f1xx.o(i.SystemInit)
    i.TIM_Base_SetConfig                     0x080031cc   Section        0  stm32f1xx_hal_tim.o(i.TIM_Base_SetConfig)
    i.TIM_ETR_SetConfig                      0x08003238   Section        0  stm32f1xx_hal_tim.o(i.TIM_ETR_SetConfig)
    TIM_ETR_SetConfig                        0x08003239   Thumb Code    20  stm32f1xx_hal_tim.o(i.TIM_ETR_SetConfig)
    i.TIM_ITRx_SetConfig                     0x0800324c   Section        0  stm32f1xx_hal_tim.o(i.TIM_ITRx_SetConfig)
    TIM_ITRx_SetConfig                       0x0800324d   Thumb Code    16  stm32f1xx_hal_tim.o(i.TIM_ITRx_SetConfig)
    i.TIM_TI1_ConfigInputStage               0x0800325c   Section        0  stm32f1xx_hal_tim.o(i.TIM_TI1_ConfigInputStage)
    TIM_TI1_ConfigInputStage                 0x0800325d   Thumb Code    34  stm32f1xx_hal_tim.o(i.TIM_TI1_ConfigInputStage)
    i.TIM_TI2_ConfigInputStage               0x0800327e   Section        0  stm32f1xx_hal_tim.o(i.TIM_TI2_ConfigInputStage)
    TIM_TI2_ConfigInputStage                 0x0800327f   Thumb Code    36  stm32f1xx_hal_tim.o(i.TIM_TI2_ConfigInputStage)
    i.UART_SetConfig                         0x080032a4   Section        0  stm32f1xx_hal_uart.o(i.UART_SetConfig)
    UART_SetConfig                           0x080032a5   Thumb Code   364  stm32f1xx_hal_uart.o(i.UART_SetConfig)
    i.USBD_ClrClassConfig                    0x08003414   Section        0  usbd_core.o(i.USBD_ClrClassConfig)
    i.USBD_CtlContinueRx                     0x08003422   Section        0  usbd_ioreq.o(i.USBD_CtlContinueRx)
    i.USBD_CtlContinueSendData               0x08003432   Section        0  usbd_ioreq.o(i.USBD_CtlContinueSendData)
    i.USBD_CtlError                          0x08003442   Section        0  usbd_ctlreq.o(i.USBD_CtlError)
    i.USBD_CtlReceiveStatus                  0x08003458   Section        0  usbd_ioreq.o(i.USBD_CtlReceiveStatus)
    i.USBD_CtlSendData                       0x0800346e   Section        0  usbd_ioreq.o(i.USBD_CtlSendData)
    i.USBD_CtlSendStatus                     0x08003488   Section        0  usbd_ioreq.o(i.USBD_CtlSendStatus)
    i.USBD_FS_ConfigStrDescriptor            0x080034a0   Section        0  usbd_desc.o(i.USBD_FS_ConfigStrDescriptor)
    i.USBD_FS_DeviceDescriptor               0x080034c0   Section        0  usbd_desc.o(i.USBD_FS_DeviceDescriptor)
    i.USBD_FS_InterfaceStrDescriptor         0x080034cc   Section        0  usbd_desc.o(i.USBD_FS_InterfaceStrDescriptor)
    i.USBD_FS_LangIDStrDescriptor            0x080034f0   Section        0  usbd_desc.o(i.USBD_FS_LangIDStrDescriptor)
    i.USBD_FS_ManufacturerStrDescriptor      0x080034fc   Section        0  usbd_desc.o(i.USBD_FS_ManufacturerStrDescriptor)
    i.USBD_FS_ProductStrDescriptor           0x08003524   Section        0  usbd_desc.o(i.USBD_FS_ProductStrDescriptor)
    i.USBD_FS_SerialStrDescriptor            0x0800354c   Section        0  usbd_desc.o(i.USBD_FS_SerialStrDescriptor)
    i.USBD_GetDescriptor                     0x08003584   Section        0  usbd_ctlreq.o(i.USBD_GetDescriptor)
    USBD_GetDescriptor                       0x08003585   Thumb Code   224  usbd_ctlreq.o(i.USBD_GetDescriptor)
    i.USBD_GetString                         0x08003664   Section        0  usbd_ctlreq.o(i.USBD_GetString)
    i.USBD_Get_USB_Status                    0x080036aa   Section        0  usbd_conf.o(i.USBD_Get_USB_Status)
    USBD_Get_USB_Status                      0x080036ab   Thumb Code    24  usbd_conf.o(i.USBD_Get_USB_Status)
    i.USBD_Init                              0x080036c2   Section        0  usbd_core.o(i.USBD_Init)
    i.USBD_LL_ClearStallEP                   0x080036ec   Section        0  usbd_conf.o(i.USBD_LL_ClearStallEP)
    i.USBD_LL_CloseEP                        0x080036fe   Section        0  usbd_conf.o(i.USBD_LL_CloseEP)
    i.USBD_LL_DataInStage                    0x08003710   Section        0  usbd_core.o(i.USBD_LL_DataInStage)
    i.USBD_LL_DataOutStage                   0x080037ba   Section        0  usbd_core.o(i.USBD_LL_DataOutStage)
    i.USBD_LL_FlushEP                        0x08003824   Section        0  usbd_conf.o(i.USBD_LL_FlushEP)
    i.USBD_LL_GetRxDataSize                  0x08003836   Section        0  usbd_conf.o(i.USBD_LL_GetRxDataSize)
    i.USBD_LL_Init                           0x08003840   Section        0  usbd_conf.o(i.USBD_LL_Init)
    i.USBD_LL_IsStallEP                      0x080038b0   Section        0  usbd_conf.o(i.USBD_LL_IsStallEP)
    i.USBD_LL_OpenEP                         0x080038cc   Section        0  usbd_conf.o(i.USBD_LL_OpenEP)
    i.USBD_LL_PrepareReceive                 0x080038e4   Section        0  usbd_conf.o(i.USBD_LL_PrepareReceive)
    i.USBD_LL_Reset                          0x080038f6   Section        0  usbd_core.o(i.USBD_LL_Reset)
    i.USBD_LL_Resume                         0x08003934   Section        0  usbd_core.o(i.USBD_LL_Resume)
    i.USBD_LL_SOF                            0x08003940   Section        0  usbd_core.o(i.USBD_LL_SOF)
    i.USBD_LL_SetSpeed                       0x08003958   Section        0  usbd_core.o(i.USBD_LL_SetSpeed)
    i.USBD_LL_SetUSBAddress                  0x0800395e   Section        0  usbd_conf.o(i.USBD_LL_SetUSBAddress)
    i.USBD_LL_SetupStage                     0x08003970   Section        0  usbd_core.o(i.USBD_LL_SetupStage)
    i.USBD_LL_StallEP                        0x080039ca   Section        0  usbd_conf.o(i.USBD_LL_StallEP)
    i.USBD_LL_Start                          0x080039dc   Section        0  usbd_conf.o(i.USBD_LL_Start)
    i.USBD_LL_Suspend                        0x080039ee   Section        0  usbd_core.o(i.USBD_LL_Suspend)
    i.USBD_LL_Transmit                       0x08003a00   Section        0  usbd_conf.o(i.USBD_LL_Transmit)
    i.USBD_MSC_DataIn                        0x08003a12   Section        0  usbd_msc.o(i.USBD_MSC_DataIn)
    i.USBD_MSC_DataOut                       0x08003a1c   Section        0  usbd_msc.o(i.USBD_MSC_DataOut)
    i.USBD_MSC_DeInit                        0x08003a26   Section        0  usbd_msc.o(i.USBD_MSC_DeInit)
    i.USBD_MSC_GetDeviceQualifierDescriptor  0x08003a54   Section        0  usbd_msc.o(i.USBD_MSC_GetDeviceQualifierDescriptor)
    i.USBD_MSC_GetFSCfgDesc                  0x08003a60   Section        0  usbd_msc.o(i.USBD_MSC_GetFSCfgDesc)
    i.USBD_MSC_GetHSCfgDesc                  0x08003a6c   Section        0  usbd_msc.o(i.USBD_MSC_GetHSCfgDesc)
    i.USBD_MSC_GetOtherSpeedCfgDesc          0x08003a78   Section        0  usbd_msc.o(i.USBD_MSC_GetOtherSpeedCfgDesc)
    i.USBD_MSC_Init                          0x08003a84   Section        0  usbd_msc.o(i.USBD_MSC_Init)
    i.USBD_MSC_RegisterStorage               0x08003ad6   Section        0  usbd_msc.o(i.USBD_MSC_RegisterStorage)
    i.USBD_MSC_Setup                         0x08003ae0   Section        0  usbd_msc.o(i.USBD_MSC_Setup)
    i.USBD_ParseSetupRequest                 0x08003ba2   Section        0  usbd_ctlreq.o(i.USBD_ParseSetupRequest)
    i.USBD_RegisterClass                     0x08003bca   Section        0  usbd_core.o(i.USBD_RegisterClass)
    i.USBD_SetClassConfig                    0x08003bda   Section        0  usbd_core.o(i.USBD_SetClassConfig)
    i.USBD_SetConfig                         0x08003bf0   Section        0  usbd_ctlreq.o(i.USBD_SetConfig)
    USBD_SetConfig                           0x08003bf1   Thumb Code   110  usbd_ctlreq.o(i.USBD_SetConfig)
    i.USBD_Start                             0x08003c64   Section        0  usbd_core.o(i.USBD_Start)
    i.USBD_StdDevReq                         0x08003c6e   Section        0  usbd_ctlreq.o(i.USBD_StdDevReq)
    i.USBD_StdEPReq                          0x08003d60   Section        0  usbd_ctlreq.o(i.USBD_StdEPReq)
    i.USBD_StdItfReq                         0x08003e3c   Section        0  usbd_ctlreq.o(i.USBD_StdItfReq)
    i.USBD_static_free                       0x08003e70   Section        0  usbd_conf.o(i.USBD_static_free)
    i.USBD_static_malloc                     0x08003e74   Section        0  usbd_conf.o(i.USBD_static_malloc)
    i.USB_ActivateEndpoint                   0x08003e7c   Section        0  stm32f1xx_ll_usb.o(i.USB_ActivateEndpoint)
    i.USB_CoreInit                           0x080040d8   Section        0  stm32f1xx_ll_usb.o(i.USB_CoreInit)
    i.USB_DeactivateEndpoint                 0x080040dc   Section        0  stm32f1xx_ll_usb.o(i.USB_DeactivateEndpoint)
    i.USB_DevConnect                         0x08004200   Section        0  stm32f1xx_ll_usb.o(i.USB_DevConnect)
    i.USB_DevDisconnect                      0x08004204   Section        0  stm32f1xx_ll_usb.o(i.USB_DevDisconnect)
    i.USB_DevInit                            0x08004208   Section        0  stm32f1xx_ll_usb.o(i.USB_DevInit)
    i.USB_DisableGlobalInt                   0x08004226   Section        0  stm32f1xx_ll_usb.o(i.USB_DisableGlobalInt)
    i.USB_EP0_OutStart                       0x08004234   Section        0  stm32f1xx_ll_usb.o(i.USB_EP0_OutStart)
    i.USB_EPClearStall                       0x08004238   Section        0  stm32f1xx_ll_usb.o(i.USB_EPClearStall)
    i.USB_EPSetStall                         0x080042a2   Section        0  stm32f1xx_ll_usb.o(i.USB_EPSetStall)
    i.USB_EPStartXfer                        0x080042ec   Section        0  stm32f1xx_ll_usb.o(i.USB_EPStartXfer)
    i.USB_EnableGlobalInt                    0x08004496   Section        0  stm32f1xx_ll_usb.o(i.USB_EnableGlobalInt)
    i.USB_FlushRxFifo                        0x080044a4   Section        0  stm32f1xx_ll_usb.o(i.USB_FlushRxFifo)
    i.USB_FlushTxFifo                        0x080044a8   Section        0  stm32f1xx_ll_usb.o(i.USB_FlushTxFifo)
    i.USB_LP_CAN1_RX0_IRQHandler             0x080044ac   Section        0  stm32f1xx_it.o(i.USB_LP_CAN1_RX0_IRQHandler)
    i.USB_ReadInterrupts                     0x080044c8   Section        0  stm32f1xx_ll_usb.o(i.USB_ReadInterrupts)
    i.USB_ReadPMA                            0x080044d0   Section        0  stm32f1xx_ll_usb.o(i.USB_ReadPMA)
    i.USB_SetCurrentMode                     0x080044ee   Section        0  stm32f1xx_ll_usb.o(i.USB_SetCurrentMode)
    i.USB_SetDevAddress                      0x080044f2   Section        0  stm32f1xx_ll_usb.o(i.USB_SetDevAddress)
    i.USB_WritePMA                           0x080044fe   Section        0  stm32f1xx_ll_usb.o(i.USB_WritePMA)
    i.UsageFault_Handler                     0x08004524   Section        0  stm32f1xx_it.o(i.UsageFault_Handler)
    i.__scatterload_copy                     0x08004526   Section       14  handlers.o(i.__scatterload_copy)
    i.__scatterload_null                     0x08004534   Section        2  handlers.o(i.__scatterload_null)
    i.__scatterload_zeroinit                 0x08004536   Section       14  handlers.o(i.__scatterload_zeroinit)
    i.main                                   0x08004544   Section        0  main.o(i.main)
    .constdata                               0x0800458a   Section       36  usbd_storage_if.o(.constdata)
    .constdata                               0x080045ae   Section       16  system_stm32f1xx.o(.constdata)
    .constdata                               0x080045be   Section        8  system_stm32f1xx.o(.constdata)
    .constdata                               0x080045c6   Section        7  usbd_msc_data.o(.constdata)
    .constdata                               0x080045cd   Section        8  usbd_msc_data.o(.constdata)
    .constdata                               0x080045d5   Section        8  usbd_msc_data.o(.constdata)
    .data                                    0x20000000   Section       28  usbd_desc.o(.data)
    .data                                    0x2000001c   Section       50  usbd_desc.o(.data)
    .data                                    0x20000050   Section       32  usbd_storage_if.o(.data)
    .data                                    0x20000070   Section       12  stm32f1xx_hal.o(.data)
    .data                                    0x2000007c   Section        4  system_stm32f1xx.o(.data)
    .data                                    0x20000080   Section        1  usbd_ctlreq.o(.data)
    cfgidx                                   0x20000080   Data           1  usbd_ctlreq.o(.data)
    .data                                    0x20000084   Section       56  usbd_msc.o(.data)
    .data                                    0x200000bc   Section      106  usbd_msc.o(.data)
    .bss                                     0x20000128   Section       48  adc.o(.bss)
    .bss                                     0x20000158   Section       40  can.o(.bss)
    .bss                                     0x20000180   Section       84  i2c.o(.bss)
    .bss                                     0x200001d4   Section       12  iwdg.o(.bss)
    .bss                                     0x200001e0   Section      224  spi.o(.bss)
    .bss                                     0x200002c0   Section      256  tim.o(.bss)
    .bss                                     0x200003c0   Section      464  usart.o(.bss)
    .bss                                     0x20000590   Section      548  usb_device.o(.bss)
    .bss                                     0x200007b4   Section     1744  usbd_conf.o(.bss)
    mem                                      0x200007b4   Data         624  usbd_conf.o(.bss)
    .bss                                     0x20000e84   Section      512  usbd_desc.o(.bss)
    STACK                                    0x20001088   Section     1024  startup_stm32f103xb.o(STACK)

    Global Symbols

    Symbol Name                              Value     Ov Type        Size  Object(Section)

    BuildAttributes$$THM_ISAv4$P$D$K$B$S$PE$A:L22UL41UL21$X:L11$S22US41US21$IEEE1$IW$USESV6$~STKCKD$USESV7$~SHL$OSPACE$EBA8$MICROLIB$REQ8$PRES8$EABIv2 0x00000000   Number         0  anon$$obj.o ABSOLUTE
    __ARM_use_no_argv                        0x00000000   Number         0  main.o ABSOLUTE
    __cpp_initialize__aeabi_                  - Undefined Weak Reference
    __cxa_finalize                            - Undefined Weak Reference
    __decompress                              - Undefined Weak Reference
    _clock_init                               - Undefined Weak Reference
    _microlib_exit                            - Undefined Weak Reference
    __Vectors_Size                           0x000000ec   Number         0  startup_stm32f103xb.o ABSOLUTE
    __Vectors                                0x08000000   Data           4  startup_stm32f103xb.o(RESET)
    __Vectors_End                            0x080000ec   Data           0  startup_stm32f103xb.o(RESET)
    __main                                   0x080000ed   Thumb Code     0  entry.o(.ARM.Collect$$$$00000000)
    _main_stk                                0x080000ed   Thumb Code     0  entry2.o(.ARM.Collect$$$$00000001)
    _main_scatterload                        0x080000f1   Thumb Code     0  entry5.o(.ARM.Collect$$$$00000004)
    __main_after_scatterload                 0x080000f5   Thumb Code     0  entry5.o(.ARM.Collect$$$$00000004)
    _main_clock                              0x080000f5   Thumb Code     0  entry7b.o(.ARM.Collect$$$$00000008)
    _main_cpp_init                           0x080000f5   Thumb Code     0  entry8b.o(.ARM.Collect$$$$0000000A)
    _main_init                               0x080000f5   Thumb Code     0  entry9a.o(.ARM.Collect$$$$0000000B)
    __rt_final_cpp                           0x080000fd   Thumb Code     0  entry10a.o(.ARM.Collect$$$$0000000D)
    __rt_final_exit                          0x080000fd   Thumb Code     0  entry11a.o(.ARM.Collect$$$$0000000F)
    Reset_Handler                            0x08000101   Thumb Code     8  startup_stm32f103xb.o(.text)
    ADC1_2_IRQHandler                        0x0800011b   Thumb Code     0  startup_stm32f103xb.o(.text)
    CAN1_RX1_IRQHandler                      0x0800011b   Thumb Code     0  startup_stm32f103xb.o(.text)
    CAN1_SCE_IRQHandler                      0x0800011b   Thumb Code     0  startup_stm32f103xb.o(.text)
    DMA1_Channel1_IRQHandler                 0x0800011b   Thumb Code     0  startup_stm32f103xb.o(.text)
    EXTI0_IRQHandler                         0x0800011b   Thumb Code     0  startup_stm32f103xb.o(.text)
    EXTI15_10_IRQHandler                     0x0800011b   Thumb Code     0  startup_stm32f103xb.o(.text)
    EXTI1_IRQHandler                         0x0800011b   Thumb Code     0  startup_stm32f103xb.o(.text)
    EXTI2_IRQHandler                         0x0800011b   Thumb Code     0  startup_stm32f103xb.o(.text)
    EXTI3_IRQHandler                         0x0800011b   Thumb Code     0  startup_stm32f103xb.o(.text)
    EXTI4_IRQHandler                         0x0800011b   Thumb Code     0  startup_stm32f103xb.o(.text)
    EXTI9_5_IRQHandler                       0x0800011b   Thumb Code     0  startup_stm32f103xb.o(.text)
    FLASH_IRQHandler                         0x0800011b   Thumb Code     0  startup_stm32f103xb.o(.text)
    I2C1_ER_IRQHandler                       0x0800011b   Thumb Code     0  startup_stm32f103xb.o(.text)
    I2C1_EV_IRQHandler                       0x0800011b   Thumb Code     0  startup_stm32f103xb.o(.text)
    I2C2_ER_IRQHandler                       0x0800011b   Thumb Code     0  startup_stm32f103xb.o(.text)
    I2C2_EV_IRQHandler                       0x0800011b   Thumb Code     0  startup_stm32f103xb.o(.text)
    PVD_IRQHandler                           0x0800011b   Thumb Code     0  startup_stm32f103xb.o(.text)
    RCC_IRQHandler                           0x0800011b   Thumb Code     0  startup_stm32f103xb.o(.text)
    RTC_Alarm_IRQHandler                     0x0800011b   Thumb Code     0  startup_stm32f103xb.o(.text)
    RTC_IRQHandler                           0x0800011b   Thumb Code     0  startup_stm32f103xb.o(.text)
    SPI2_IRQHandler                          0x0800011b   Thumb Code     0  startup_stm32f103xb.o(.text)
    TAMPER_IRQHandler                        0x0800011b   Thumb Code     0  startup_stm32f103xb.o(.text)
    TIM1_BRK_IRQHandler                      0x0800011b   Thumb Code     0  startup_stm32f103xb.o(.text)
    TIM1_CC_IRQHandler                       0x0800011b   Thumb Code     0  startup_stm32f103xb.o(.text)
    TIM1_TRG_COM_IRQHandler                  0x0800011b   Thumb Code     0  startup_stm32f103xb.o(.text)
    TIM1_UP_IRQHandler                       0x0800011b   Thumb Code     0  startup_stm32f103xb.o(.text)
    TIM2_IRQHandler                          0x0800011b   Thumb Code     0  startup_stm32f103xb.o(.text)
    TIM3_IRQHandler                          0x0800011b   Thumb Code     0  startup_stm32f103xb.o(.text)
    TIM4_IRQHandler                          0x0800011b   Thumb Code     0  startup_stm32f103xb.o(.text)
    USART1_IRQHandler                        0x0800011b   Thumb Code     0  startup_stm32f103xb.o(.text)
    USART2_IRQHandler                        0x0800011b   Thumb Code     0  startup_stm32f103xb.o(.text)
    USART3_IRQHandler                        0x0800011b   Thumb Code     0  startup_stm32f103xb.o(.text)
    USBWakeUp_IRQHandler                     0x0800011b   Thumb Code     0  startup_stm32f103xb.o(.text)
    USB_HP_CAN1_TX_IRQHandler                0x0800011b   Thumb Code     0  startup_stm32f103xb.o(.text)
    WWDG_IRQHandler                          0x0800011b   Thumb Code     0  startup_stm32f103xb.o(.text)
    __aeabi_memcpy                           0x08000125   Thumb Code    36  memcpya.o(.text)
    __aeabi_memcpy4                          0x08000125   Thumb Code     0  memcpya.o(.text)
    __aeabi_memcpy8                          0x08000125   Thumb Code     0  memcpya.o(.text)
    __aeabi_memset                           0x08000149   Thumb Code    14  memseta.o(.text)
    __aeabi_memset4                          0x08000149   Thumb Code     0  memseta.o(.text)
    __aeabi_memset8                          0x08000149   Thumb Code     0  memseta.o(.text)
    __aeabi_memclr                           0x08000157   Thumb Code     4  memseta.o(.text)
    __aeabi_memclr4                          0x08000157   Thumb Code     0  memseta.o(.text)
    __aeabi_memclr8                          0x08000157   Thumb Code     0  memseta.o(.text)
    _memset$wrapper                          0x0800015b   Thumb Code    18  memseta.o(.text)
    __scatterload                            0x0800016d   Thumb Code    28  init.o(.text)
    __scatterload_rt2                        0x0800016d   Thumb Code     0  init.o(.text)
    ADC_ConversionStop_Disable               0x08000191   Thumb Code    76  stm32f1xx_hal_adc.o(i.ADC_ConversionStop_Disable)
    BusFault_Handler                         0x080001dd   Thumb Code     2  stm32f1xx_it.o(i.BusFault_Handler)
    DMA1_Channel2_IRQHandler                 0x080001e1   Thumb Code     6  stm32f1xx_it.o(i.DMA1_Channel2_IRQHandler)
    DMA1_Channel3_IRQHandler                 0x080001ed   Thumb Code     6  stm32f1xx_it.o(i.DMA1_Channel3_IRQHandler)
    DMA1_Channel4_IRQHandler                 0x080001f9   Thumb Code     6  stm32f1xx_it.o(i.DMA1_Channel4_IRQHandler)
    DMA1_Channel5_IRQHandler                 0x08000205   Thumb Code     6  stm32f1xx_it.o(i.DMA1_Channel5_IRQHandler)
    DMA1_Channel6_IRQHandler                 0x08000211   Thumb Code     6  stm32f1xx_it.o(i.DMA1_Channel6_IRQHandler)
    DMA1_Channel7_IRQHandler                 0x0800021d   Thumb Code     6  stm32f1xx_it.o(i.DMA1_Channel7_IRQHandler)
    DebugMon_Handler                         0x08000229   Thumb Code     2  stm32f1xx_it.o(i.DebugMon_Handler)
    Error_Handler                            0x0800022b   Thumb Code     2  main.o(i.Error_Handler)
    HAL_ADC_ConfigChannel                    0x0800022d   Thumb Code   240  stm32f1xx_hal_adc.o(i.HAL_ADC_ConfigChannel)
    HAL_ADC_Init                             0x08000329   Thumb Code   272  stm32f1xx_hal_adc.o(i.HAL_ADC_Init)
    HAL_ADC_MspInit                          0x08000445   Thumb Code    74  adc.o(i.HAL_ADC_MspInit)
    HAL_CAN_ErrorCallback                    0x0800049d   Thumb Code     2  stm32f1xx_hal_can.o(i.HAL_CAN_ErrorCallback)
    HAL_CAN_IRQHandler                       0x0800049f   Thumb Code   508  stm32f1xx_hal_can.o(i.HAL_CAN_IRQHandler)
    HAL_CAN_Init                             0x0800069b   Thumb Code   282  stm32f1xx_hal_can.o(i.HAL_CAN_Init)
    HAL_CAN_MspInit                          0x080007b5   Thumb Code   130  can.o(i.HAL_CAN_MspInit)
    HAL_CAN_RxFifo0FullCallback              0x08000849   Thumb Code     2  stm32f1xx_hal_can.o(i.HAL_CAN_RxFifo0FullCallback)
    HAL_CAN_RxFifo0MsgPendingCallback        0x0800084b   Thumb Code     2  stm32f1xx_hal_can.o(i.HAL_CAN_RxFifo0MsgPendingCallback)
    HAL_CAN_RxFifo1FullCallback              0x0800084d   Thumb Code     2  stm32f1xx_hal_can.o(i.HAL_CAN_RxFifo1FullCallback)
    HAL_CAN_RxFifo1MsgPendingCallback        0x0800084f   Thumb Code     2  stm32f1xx_hal_can.o(i.HAL_CAN_RxFifo1MsgPendingCallback)
    HAL_CAN_SleepCallback                    0x08000851   Thumb Code     2  stm32f1xx_hal_can.o(i.HAL_CAN_SleepCallback)
    HAL_CAN_TxMailbox0AbortCallback          0x08000853   Thumb Code     2  stm32f1xx_hal_can.o(i.HAL_CAN_TxMailbox0AbortCallback)
    HAL_CAN_TxMailbox0CompleteCallback       0x08000855   Thumb Code     2  stm32f1xx_hal_can.o(i.HAL_CAN_TxMailbox0CompleteCallback)
    HAL_CAN_TxMailbox1AbortCallback          0x08000857   Thumb Code     2  stm32f1xx_hal_can.o(i.HAL_CAN_TxMailbox1AbortCallback)
    HAL_CAN_TxMailbox1CompleteCallback       0x08000859   Thumb Code     2  stm32f1xx_hal_can.o(i.HAL_CAN_TxMailbox1CompleteCallback)
    HAL_CAN_TxMailbox2AbortCallback          0x0800085b   Thumb Code     2  stm32f1xx_hal_can.o(i.HAL_CAN_TxMailbox2AbortCallback)
    HAL_CAN_TxMailbox2CompleteCallback       0x0800085d   Thumb Code     2  stm32f1xx_hal_can.o(i.HAL_CAN_TxMailbox2CompleteCallback)
    HAL_CAN_WakeUpFromRxMsgCallback          0x0800085f   Thumb Code     2  stm32f1xx_hal_can.o(i.HAL_CAN_WakeUpFromRxMsgCallback)
    HAL_DMA_Abort_IT                         0x08000861   Thumb Code   148  stm32f1xx_hal_dma.o(i.HAL_DMA_Abort_IT)
    HAL_DMA_IRQHandler                       0x080008f9   Thumb Code   316  stm32f1xx_hal_dma.o(i.HAL_DMA_IRQHandler)
    HAL_DMA_Init                             0x08000a4d   Thumb Code    84  stm32f1xx_hal_dma.o(i.HAL_DMA_Init)
    HAL_GPIO_Init                            0x08000aa9   Thumb Code   408  stm32f1xx_hal_gpio.o(i.HAL_GPIO_Init)
    HAL_GetTick                              0x08000c65   Thumb Code     6  stm32f1xx_hal.o(i.HAL_GetTick)
    HAL_I2C_Init                             0x08000c71   Thumb Code   302  stm32f1xx_hal_i2c.o(i.HAL_I2C_Init)
    HAL_I2C_MspInit                          0x08000db1   Thumb Code    80  i2c.o(i.HAL_I2C_MspInit)
    HAL_IWDG_Init                            0x08000e0d   Thumb Code    82  stm32f1xx_hal_iwdg.o(i.HAL_IWDG_Init)
    HAL_IncTick                              0x08000e61   Thumb Code    12  stm32f1xx_hal.o(i.HAL_IncTick)
    HAL_Init                                 0x08000e71   Thumb Code    32  stm32f1xx_hal.o(i.HAL_Init)
    HAL_InitTick                             0x08000e95   Thumb Code    54  stm32f1xx_hal.o(i.HAL_InitTick)
    HAL_MspInit                              0x08000ed5   Thumb Code    52  stm32f1xx_hal_msp.o(i.HAL_MspInit)
    HAL_NVIC_EnableIRQ                       0x08000f11   Thumb Code    22  stm32f1xx_hal_cortex.o(i.HAL_NVIC_EnableIRQ)
    HAL_NVIC_SetPriority                     0x08000f29   Thumb Code    60  stm32f1xx_hal_cortex.o(i.HAL_NVIC_SetPriority)
    HAL_NVIC_SetPriorityGrouping             0x08000f69   Thumb Code    26  stm32f1xx_hal_cortex.o(i.HAL_NVIC_SetPriorityGrouping)
    HAL_PCDEx_PMAConfig                      0x08000f8d   Thumb Code    52  stm32f1xx_hal_pcd_ex.o(i.HAL_PCDEx_PMAConfig)
    HAL_PCDEx_SetConnectionState             0x08000fc1   Thumb Code     2  usbd_conf.o(i.HAL_PCDEx_SetConnectionState)
    HAL_PCD_DataInStageCallback              0x08000fc3   Thumb Code    14  usbd_conf.o(i.HAL_PCD_DataInStageCallback)
    HAL_PCD_DataOutStageCallback             0x08000fd1   Thumb Code    16  usbd_conf.o(i.HAL_PCD_DataOutStageCallback)
    HAL_PCD_EP_Close                         0x08000fe1   Thumb Code    64  stm32f1xx_hal_pcd.o(i.HAL_PCD_EP_Close)
    HAL_PCD_EP_ClrStall                      0x08001021   Thumb Code    72  stm32f1xx_hal_pcd.o(i.HAL_PCD_EP_ClrStall)
    HAL_PCD_EP_Flush                         0x08001069   Thumb Code    52  stm32f1xx_hal_pcd.o(i.HAL_PCD_EP_Flush)
    HAL_PCD_EP_GetRxCount                    0x0800109d   Thumb Code    16  stm32f1xx_hal_pcd.o(i.HAL_PCD_EP_GetRxCount)
    HAL_PCD_EP_Open                          0x080010ad   Thumb Code    68  stm32f1xx_hal_pcd.o(i.HAL_PCD_EP_Open)
    HAL_PCD_EP_Receive                       0x080010f1   Thumb Code    46  stm32f1xx_hal_pcd.o(i.HAL_PCD_EP_Receive)
    HAL_PCD_EP_SetStall                      0x0800111f   Thumb Code    86  stm32f1xx_hal_pcd.o(i.HAL_PCD_EP_SetStall)
    HAL_PCD_EP_Transmit                      0x08001175   Thumb Code    42  stm32f1xx_hal_pcd.o(i.HAL_PCD_EP_Transmit)
    HAL_PCD_IRQHandler                       0x0800119f   Thumb Code   268  stm32f1xx_hal_pcd.o(i.HAL_PCD_IRQHandler)
    HAL_PCD_Init                             0x080012ad   Thumb Code   192  stm32f1xx_hal_pcd.o(i.HAL_PCD_Init)
    HAL_PCD_MspInit                          0x0800136d   Thumb Code    50  usbd_conf.o(i.HAL_PCD_MspInit)
    HAL_PCD_ResetCallback                    0x080013a9   Thumb Code    38  usbd_conf.o(i.HAL_PCD_ResetCallback)
    HAL_PCD_ResumeCallback                   0x080013cf   Thumb Code     8  usbd_conf.o(i.HAL_PCD_ResumeCallback)
    HAL_PCD_SOFCallback                      0x080013d7   Thumb Code     8  usbd_conf.o(i.HAL_PCD_SOFCallback)
    HAL_PCD_SetAddress                       0x080013df   Thumb Code    40  stm32f1xx_hal_pcd.o(i.HAL_PCD_SetAddress)
    HAL_PCD_SetupStageCallback               0x08001407   Thumb Code    14  usbd_conf.o(i.HAL_PCD_SetupStageCallback)
    HAL_PCD_Start                            0x08001415   Thumb Code    50  stm32f1xx_hal_pcd.o(i.HAL_PCD_Start)
    HAL_PCD_SuspendCallback                  0x08001449   Thumb Code    30  usbd_conf.o(i.HAL_PCD_SuspendCallback)
    HAL_RCCEx_PeriphCLKConfig                0x0800146d   Thumb Code   224  stm32f1xx_hal_rcc_ex.o(i.HAL_RCCEx_PeriphCLKConfig)
    HAL_RCC_ClockConfig                      0x08001559   Thumb Code   346  stm32f1xx_hal_rcc.o(i.HAL_RCC_ClockConfig)
    HAL_RCC_GetPCLK1Freq                     0x080016c5   Thumb Code    20  stm32f1xx_hal_rcc.o(i.HAL_RCC_GetPCLK1Freq)
    HAL_RCC_GetPCLK2Freq                     0x080016e5   Thumb Code    20  stm32f1xx_hal_rcc.o(i.HAL_RCC_GetPCLK2Freq)
    HAL_RCC_GetSysClockFreq                  0x08001705   Thumb Code    74  stm32f1xx_hal_rcc.o(i.HAL_RCC_GetSysClockFreq)
    HAL_RCC_OscConfig                        0x08001771   Thumb Code   750  stm32f1xx_hal_rcc.o(i.HAL_RCC_OscConfig)
    HAL_SPI_ErrorCallback                    0x08001a75   Thumb Code     2  stm32f1xx_hal_spi.o(i.HAL_SPI_ErrorCallback)
    HAL_SPI_IRQHandler                       0x08001a79   Thumb Code   190  stm32f1xx_hal_spi.o(i.HAL_SPI_IRQHandler)
    HAL_SPI_Init                             0x08001b3d   Thumb Code   130  stm32f1xx_hal_spi_ex.o(i.HAL_SPI_Init)
    HAL_SPI_MspInit                          0x08001bc1   Thumb Code   196  spi.o(i.HAL_SPI_MspInit)
    HAL_SYSTICK_Config                       0x08001c99   Thumb Code    40  stm32f1xx_hal_cortex.o(i.HAL_SYSTICK_Config)
    HAL_TIMEx_MasterConfigSynchronization    0x08001cc1   Thumb Code    80  stm32f1xx_hal_tim_ex.o(i.HAL_TIMEx_MasterConfigSynchronization)
    HAL_TIM_Base_Init                        0x08001d11   Thumb Code    54  stm32f1xx_hal_tim.o(i.HAL_TIM_Base_Init)
    HAL_TIM_Base_MspInit                     0x08001d49   Thumb Code    96  tim.o(i.HAL_TIM_Base_MspInit)
    HAL_TIM_ConfigClockSource                0x08001db9   Thumb Code   242  stm32f1xx_hal_tim.o(i.HAL_TIM_ConfigClockSource)
    HAL_UART_Init                            0x08001eab   Thumb Code    98  stm32f1xx_hal_uart.o(i.HAL_UART_Init)
    HAL_UART_MspInit                         0x08001f0d   Thumb Code   406  usart.o(i.HAL_UART_MspInit)
    HardFault_Handler                        0x080020c5   Thumb Code     2  stm32f1xx_it.o(i.HardFault_Handler)
    MSC_BOT_CplClrFeature                    0x08002211   Thumb Code    42  usbd_msc_bot.o(i.MSC_BOT_CplClrFeature)
    MSC_BOT_DataIn                           0x0800223b   Thumb Code    58  usbd_msc_bot.o(i.MSC_BOT_DataIn)
    MSC_BOT_DataOut                          0x08002275   Thumb Code    58  usbd_msc_bot.o(i.MSC_BOT_DataOut)
    MSC_BOT_DeInit                           0x080022af   Thumb Code    10  usbd_msc_bot.o(i.MSC_BOT_DeInit)
    MSC_BOT_Init                             0x080022b9   Thumb Code    66  usbd_msc_bot.o(i.MSC_BOT_Init)
    MSC_BOT_Reset                            0x080022fb   Thumb Code    22  usbd_msc_bot.o(i.MSC_BOT_Reset)
    MSC_BOT_SendCSW                          0x08002311   Thumb Code    54  usbd_msc_bot.o(i.MSC_BOT_SendCSW)
    MX_ADC1_Init                             0x0800234d   Thumb Code    70  adc.o(i.MX_ADC1_Init)
    MX_CAN_Init                              0x0800239d   Thumb Code    52  can.o(i.MX_CAN_Init)
    MX_DMA_Init                              0x080023d9   Thumb Code   120  dma.o(i.MX_DMA_Init)
    MX_GPIO_Init                             0x08002455   Thumb Code    54  gpio.o(i.MX_GPIO_Init)
    MX_I2C1_Init                             0x08002491   Thumb Code    50  i2c.o(i.MX_I2C1_Init)
    MX_IWDG_Init                             0x080024d1   Thumb Code    36  iwdg.o(i.MX_IWDG_Init)
    MX_SPI1_Init                             0x080024fd   Thumb Code    62  spi.o(i.MX_SPI1_Init)
    MX_TIM1_Init                             0x08002545   Thumb Code    90  tim.o(i.MX_TIM1_Init)
    MX_TIM2_Init                             0x080025a9   Thumb Code    90  tim.o(i.MX_TIM2_Init)
    MX_TIM3_Init                             0x08002609   Thumb Code    88  tim.o(i.MX_TIM3_Init)
    MX_TIM4_Init                             0x08002669   Thumb Code    88  tim.o(i.MX_TIM4_Init)
    MX_USART1_UART_Init                      0x080026c9   Thumb Code    48  usart.o(i.MX_USART1_UART_Init)
    MX_USART2_UART_Init                      0x08002701   Thumb Code    48  usart.o(i.MX_USART2_UART_Init)
    MX_USART3_UART_Init                      0x08002739   Thumb Code    48  usart.o(i.MX_USART3_UART_Init)
    MX_USB_DEVICE_Init                       0x08002771   Thumb Code    66  usb_device.o(i.MX_USB_DEVICE_Init)
    MemManage_Handler                        0x080027c5   Thumb Code     2  stm32f1xx_it.o(i.MemManage_Handler)
    NMI_Handler                              0x080027c7   Thumb Code     2  stm32f1xx_it.o(i.NMI_Handler)
    PendSV_Handler                           0x08002b4b   Thumb Code     2  stm32f1xx_it.o(i.PendSV_Handler)
    SCSI_ProcessCmd                          0x08002b71   Thumb Code   448  usbd_msc_scsi.o(i.SCSI_ProcessCmd)
    SCSI_SenseCode                           0x08002fcf   Thumb Code    54  usbd_msc_scsi.o(i.SCSI_SenseCode)
    SPI1_IRQHandler                          0x080030d1   Thumb Code     6  stm32f1xx_it.o(i.SPI1_IRQHandler)
    SVC_Handler                              0x08003113   Thumb Code     2  stm32f1xx_it.o(i.SVC_Handler)
    SysTick_Handler                          0x08003115   Thumb Code     4  stm32f1xx_it.o(i.SysTick_Handler)
    SystemClock_Config                       0x08003119   Thumb Code   108  main.o(i.SystemClock_Config)
    SystemInit                               0x08003185   Thumb Code    56  system_stm32f1xx.o(i.SystemInit)
    TIM_Base_SetConfig                       0x080031cd   Thumb Code    94  stm32f1xx_hal_tim.o(i.TIM_Base_SetConfig)
    USBD_ClrClassConfig                      0x08003415   Thumb Code    14  usbd_core.o(i.USBD_ClrClassConfig)
    USBD_CtlContinueRx                       0x08003423   Thumb Code    16  usbd_ioreq.o(i.USBD_CtlContinueRx)
    USBD_CtlContinueSendData                 0x08003433   Thumb Code    16  usbd_ioreq.o(i.USBD_CtlContinueSendData)
    USBD_CtlError                            0x08003443   Thumb Code    22  usbd_ctlreq.o(i.USBD_CtlError)
    USBD_CtlReceiveStatus                    0x08003459   Thumb Code    22  usbd_ioreq.o(i.USBD_CtlReceiveStatus)
    USBD_CtlSendData                         0x0800346f   Thumb Code    26  usbd_ioreq.o(i.USBD_CtlSendData)
    USBD_CtlSendStatus                       0x08003489   Thumb Code    22  usbd_ioreq.o(i.USBD_CtlSendStatus)
    USBD_FS_ConfigStrDescriptor              0x080034a1   Thumb Code    16  usbd_desc.o(i.USBD_FS_ConfigStrDescriptor)
    USBD_FS_DeviceDescriptor                 0x080034c1   Thumb Code     8  usbd_desc.o(i.USBD_FS_DeviceDescriptor)
    USBD_FS_InterfaceStrDescriptor           0x080034cd   Thumb Code    16  usbd_desc.o(i.USBD_FS_InterfaceStrDescriptor)
    USBD_FS_LangIDStrDescriptor              0x080034f1   Thumb Code     8  usbd_desc.o(i.USBD_FS_LangIDStrDescriptor)
    USBD_FS_ManufacturerStrDescriptor        0x080034fd   Thumb Code    16  usbd_desc.o(i.USBD_FS_ManufacturerStrDescriptor)
    USBD_FS_ProductStrDescriptor             0x08003525   Thumb Code    16  usbd_desc.o(i.USBD_FS_ProductStrDescriptor)
    USBD_FS_SerialStrDescriptor              0x0800354d   Thumb Code    48  usbd_desc.o(i.USBD_FS_SerialStrDescriptor)
    USBD_GetString                           0x08003665   Thumb Code    70  usbd_ctlreq.o(i.USBD_GetString)
    USBD_Init                                0x080036c3   Thumb Code    42  usbd_core.o(i.USBD_Init)
    USBD_LL_ClearStallEP                     0x080036ed   Thumb Code    18  usbd_conf.o(i.USBD_LL_ClearStallEP)
    USBD_LL_CloseEP                          0x080036ff   Thumb Code    18  usbd_conf.o(i.USBD_LL_CloseEP)
    USBD_LL_DataInStage                      0x08003711   Thumb Code   170  usbd_core.o(i.USBD_LL_DataInStage)
    USBD_LL_DataOutStage                     0x080037bb   Thumb Code   106  usbd_core.o(i.USBD_LL_DataOutStage)
    USBD_LL_FlushEP                          0x08003825   Thumb Code    18  usbd_conf.o(i.USBD_LL_FlushEP)
    USBD_LL_GetRxDataSize                    0x08003837   Thumb Code     8  usbd_conf.o(i.USBD_LL_GetRxDataSize)
    USBD_LL_Init                             0x08003841   Thumb Code   104  usbd_conf.o(i.USBD_LL_Init)
    USBD_LL_IsStallEP                        0x080038b1   Thumb Code    28  usbd_conf.o(i.USBD_LL_IsStallEP)
    USBD_LL_OpenEP                           0x080038cd   Thumb Code    24  usbd_conf.o(i.USBD_LL_OpenEP)
    USBD_LL_PrepareReceive                   0x080038e5   Thumb Code    18  usbd_conf.o(i.USBD_LL_PrepareReceive)
    USBD_LL_Reset                            0x080038f7   Thumb Code    62  usbd_core.o(i.USBD_LL_Reset)
    USBD_LL_Resume                           0x08003935   Thumb Code    12  usbd_core.o(i.USBD_LL_Resume)
    USBD_LL_SOF                              0x08003941   Thumb Code    24  usbd_core.o(i.USBD_LL_SOF)
    USBD_LL_SetSpeed                         0x08003959   Thumb Code     6  usbd_core.o(i.USBD_LL_SetSpeed)
    USBD_LL_SetUSBAddress                    0x0800395f   Thumb Code    18  usbd_conf.o(i.USBD_LL_SetUSBAddress)
    USBD_LL_SetupStage                       0x08003971   Thumb Code    90  usbd_core.o(i.USBD_LL_SetupStage)
    USBD_LL_StallEP                          0x080039cb   Thumb Code    18  usbd_conf.o(i.USBD_LL_StallEP)
    USBD_LL_Start                            0x080039dd   Thumb Code    18  usbd_conf.o(i.USBD_LL_Start)
    USBD_LL_Suspend                          0x080039ef   Thumb Code    18  usbd_core.o(i.USBD_LL_Suspend)
    USBD_LL_Transmit                         0x08003a01   Thumb Code    18  usbd_conf.o(i.USBD_LL_Transmit)
    USBD_MSC_DataIn                          0x08003a13   Thumb Code    10  usbd_msc.o(i.USBD_MSC_DataIn)
    USBD_MSC_DataOut                         0x08003a1d   Thumb Code    10  usbd_msc.o(i.USBD_MSC_DataOut)
    USBD_MSC_DeInit                          0x08003a27   Thumb Code    44  usbd_msc.o(i.USBD_MSC_DeInit)
    USBD_MSC_GetDeviceQualifierDescriptor    0x08003a55   Thumb Code     8  usbd_msc.o(i.USBD_MSC_GetDeviceQualifierDescriptor)
    USBD_MSC_GetFSCfgDesc                    0x08003a61   Thumb Code     8  usbd_msc.o(i.USBD_MSC_GetFSCfgDesc)
    USBD_MSC_GetHSCfgDesc                    0x08003a6d   Thumb Code     8  usbd_msc.o(i.USBD_MSC_GetHSCfgDesc)
    USBD_MSC_GetOtherSpeedCfgDesc            0x08003a79   Thumb Code     8  usbd_msc.o(i.USBD_MSC_GetOtherSpeedCfgDesc)
    USBD_MSC_Init                            0x08003a85   Thumb Code    82  usbd_msc.o(i.USBD_MSC_Init)
    USBD_MSC_RegisterStorage                 0x08003ad7   Thumb Code    10  usbd_msc.o(i.USBD_MSC_RegisterStorage)
    USBD_MSC_Setup                           0x08003ae1   Thumb Code   194  usbd_msc.o(i.USBD_MSC_Setup)
    USBD_ParseSetupRequest                   0x08003ba3   Thumb Code    40  usbd_ctlreq.o(i.USBD_ParseSetupRequest)
    USBD_RegisterClass                       0x08003bcb   Thumb Code    16  usbd_core.o(i.USBD_RegisterClass)
    USBD_SetClassConfig                      0x08003bdb   Thumb Code    22  usbd_core.o(i.USBD_SetClassConfig)
    USBD_Start                               0x08003c65   Thumb Code    10  usbd_core.o(i.USBD_Start)
    USBD_StdDevReq                           0x08003c6f   Thumb Code   242  usbd_ctlreq.o(i.USBD_StdDevReq)
    USBD_StdEPReq                            0x08003d61   Thumb Code   220  usbd_ctlreq.o(i.USBD_StdEPReq)
    USBD_StdItfReq                           0x08003e3d   Thumb Code    52  usbd_ctlreq.o(i.USBD_StdItfReq)
    USBD_static_free                         0x08003e71   Thumb Code     2  usbd_conf.o(i.USBD_static_free)
    USBD_static_malloc                       0x08003e75   Thumb Code     4  usbd_conf.o(i.USBD_static_malloc)
    USB_ActivateEndpoint                     0x08003e7d   Thumb Code   604  stm32f1xx_ll_usb.o(i.USB_ActivateEndpoint)
    USB_CoreInit                             0x080040d9   Thumb Code     4  stm32f1xx_ll_usb.o(i.USB_CoreInit)
    USB_DeactivateEndpoint                   0x080040dd   Thumb Code   292  stm32f1xx_ll_usb.o(i.USB_DeactivateEndpoint)
    USB_DevConnect                           0x08004201   Thumb Code     4  stm32f1xx_ll_usb.o(i.USB_DevConnect)
    USB_DevDisconnect                        0x08004205   Thumb Code     4  stm32f1xx_ll_usb.o(i.USB_DevDisconnect)
    USB_DevInit                              0x08004209   Thumb Code    30  stm32f1xx_ll_usb.o(i.USB_DevInit)
    USB_DisableGlobalInt                     0x08004227   Thumb Code    14  stm32f1xx_ll_usb.o(i.USB_DisableGlobalInt)
    USB_EP0_OutStart                         0x08004235   Thumb Code     4  stm32f1xx_ll_usb.o(i.USB_EP0_OutStart)
    USB_EPClearStall                         0x08004239   Thumb Code   106  stm32f1xx_ll_usb.o(i.USB_EPClearStall)
    USB_EPSetStall                           0x080042a3   Thumb Code    74  stm32f1xx_ll_usb.o(i.USB_EPSetStall)
    USB_EPStartXfer                          0x080042ed   Thumb Code   426  stm32f1xx_ll_usb.o(i.USB_EPStartXfer)
    USB_EnableGlobalInt                      0x08004497   Thumb Code    14  stm32f1xx_ll_usb.o(i.USB_EnableGlobalInt)
    USB_FlushRxFifo                          0x080044a5   Thumb Code     4  stm32f1xx_ll_usb.o(i.USB_FlushRxFifo)
    USB_FlushTxFifo                          0x080044a9   Thumb Code     4  stm32f1xx_ll_usb.o(i.USB_FlushTxFifo)
    USB_LP_CAN1_RX0_IRQHandler               0x080044ad   Thumb Code    18  stm32f1xx_it.o(i.USB_LP_CAN1_RX0_IRQHandler)
    USB_ReadInterrupts                       0x080044c9   Thumb Code     6  stm32f1xx_ll_usb.o(i.USB_ReadInterrupts)
    USB_ReadPMA                              0x080044d1   Thumb Code    30  stm32f1xx_ll_usb.o(i.USB_ReadPMA)
    USB_SetCurrentMode                       0x080044ef   Thumb Code     4  stm32f1xx_ll_usb.o(i.USB_SetCurrentMode)
    USB_SetDevAddress                        0x080044f3   Thumb Code    12  stm32f1xx_ll_usb.o(i.USB_SetDevAddress)
    USB_WritePMA                             0x080044ff   Thumb Code    38  stm32f1xx_ll_usb.o(i.USB_WritePMA)
    UsageFault_Handler                       0x08004525   Thumb Code     2  stm32f1xx_it.o(i.UsageFault_Handler)
    __scatterload_copy                       0x08004527   Thumb Code    14  handlers.o(i.__scatterload_copy)
    __scatterload_null                       0x08004535   Thumb Code     2  handlers.o(i.__scatterload_null)
    __scatterload_zeroinit                   0x08004537   Thumb Code    14  handlers.o(i.__scatterload_zeroinit)
    main                                     0x08004545   Thumb Code    70  main.o(i.main)
    STORAGE_Inquirydata_FS                   0x0800458a   Data          36  usbd_storage_if.o(.constdata)
    AHBPrescTable                            0x080045ae   Data          16  system_stm32f1xx.o(.constdata)
    APBPrescTable                            0x080045be   Data           8  system_stm32f1xx.o(.constdata)
    MSC_Page00_Inquiry_Data                  0x080045c6   Data           7  usbd_msc_data.o(.constdata)
    MSC_Mode_Sense6_data                     0x080045cd   Data           8  usbd_msc_data.o(.constdata)
    MSC_Mode_Sense10_data                    0x080045d5   Data           8  usbd_msc_data.o(.constdata)
    Region$$Table$$Base                      0x080045e0   Number         0  anon$$obj.o(Region$$Table)
    Region$$Table$$Limit                     0x08004600   Number         0  anon$$obj.o(Region$$Table)
    FS_Desc                                  0x20000000   Data          28  usbd_desc.o(.data)
    USBD_LangIDDesc                          0x2000001c   Data           4  usbd_desc.o(.data)
    USBD_FS_DeviceDesc                       0x20000020   Data          18  usbd_desc.o(.data)
    USBD_StringSerial                        0x20000034   Data          26  usbd_desc.o(.data)
    USBD_Storage_Interface_fops_FS           0x20000050   Data          32  usbd_storage_if.o(.data)
    uwTickFreq                               0x20000070   Data           1  stm32f1xx_hal.o(.data)
    uwTickPrio                               0x20000074   Data           4  stm32f1xx_hal.o(.data)
    uwTick                                   0x20000078   Data           4  stm32f1xx_hal.o(.data)
    SystemCoreClock                          0x2000007c   Data           4  system_stm32f1xx.o(.data)
    USBD_MSC                                 0x20000084   Data          56  usbd_msc.o(.data)
    USBD_MSC_CfgHSDesc                       0x200000bc   Data          32  usbd_msc.o(.data)
    USBD_MSC_CfgFSDesc                       0x200000dc   Data          32  usbd_msc.o(.data)
    USBD_MSC_OtherSpeedCfgDesc               0x200000fc   Data          32  usbd_msc.o(.data)
    USBD_MSC_DeviceQualifierDesc             0x2000011c   Data          10  usbd_msc.o(.data)
    hadc1                                    0x20000128   Data          48  adc.o(.bss)
    hcan                                     0x20000158   Data          40  can.o(.bss)
    hi2c1                                    0x20000180   Data          84  i2c.o(.bss)
    hiwdg                                    0x200001d4   Data          12  iwdg.o(.bss)
    hspi1                                    0x200001e0   Data          88  spi.o(.bss)
    hdma_spi1_rx                             0x20000238   Data          68  spi.o(.bss)
    hdma_spi1_tx                             0x2000027c   Data          68  spi.o(.bss)
    htim1                                    0x200002c0   Data          64  tim.o(.bss)
    htim2                                    0x20000300   Data          64  tim.o(.bss)
    htim3                                    0x20000340   Data          64  tim.o(.bss)
    htim4                                    0x20000380   Data          64  tim.o(.bss)
    huart1                                   0x200003c0   Data          64  usart.o(.bss)
    huart2                                   0x20000400   Data          64  usart.o(.bss)
    huart3                                   0x20000440   Data          64  usart.o(.bss)
    hdma_usart1_rx                           0x20000480   Data          68  usart.o(.bss)
    hdma_usart1_tx                           0x200004c4   Data          68  usart.o(.bss)
    hdma_usart2_rx                           0x20000508   Data          68  usart.o(.bss)
    hdma_usart2_tx                           0x2000054c   Data          68  usart.o(.bss)
    hUsbDeviceFS                             0x20000590   Data         548  usb_device.o(.bss)
    hpcd_USB_FS                              0x20000a24   Data        1120  usbd_conf.o(.bss)
    USBD_StrDesc                             0x20000e84   Data         512  usbd_desc.o(.bss)
    __initial_sp                             0x20001488   Data           0  startup_stm32f103xb.o(STACK)



==============================================================================

Memory Map of the image

  Image Entry point : 0x080000ed

  Load Region LR_IROM1 (Base: 0x08000000, Size: 0x00004728, Max: 0x00010000, ABSOLUTE)

    Execution Region ER_IROM1 (Base: 0x08000000, Size: 0x00004600, Max: 0x00010000, ABSOLUTE)

    Base Addr    Size         Type   Attr      Idx    E Section Name        Object

    0x08000000   0x000000ec   Data   RO            3    RESET               startup_stm32f103xb.o
    0x080000ec   0x00000000   Code   RO         5571  * .ARM.Collect$$$$00000000  mc_w.l(entry.o)
    0x080000ec   0x00000004   Code   RO         5582    .ARM.Collect$$$$00000001  mc_w.l(entry2.o)
    0x080000f0   0x00000004   Code   RO         5585    .ARM.Collect$$$$00000004  mc_w.l(entry5.o)
    0x080000f4   0x00000000   Code   RO         5587    .ARM.Collect$$$$00000008  mc_w.l(entry7b.o)
    0x080000f4   0x00000000   Code   RO         5589    .ARM.Collect$$$$0000000A  mc_w.l(entry8b.o)
    0x080000f4   0x00000008   Code   RO         5590    .ARM.Collect$$$$0000000B  mc_w.l(entry9a.o)
    0x080000fc   0x00000000   Code   RO         5592    .ARM.Collect$$$$0000000D  mc_w.l(entry10a.o)
    0x080000fc   0x00000000   Code   RO         5594    .ARM.Collect$$$$0000000F  mc_w.l(entry11a.o)
    0x080000fc   0x00000004   Code   RO         5583    .ARM.Collect$$$$00002712  mc_w.l(entry2.o)
    0x08000100   0x00000024   Code   RO            4    .text               startup_stm32f103xb.o
    0x08000124   0x00000024   Code   RO         5576    .text               mc_w.l(memcpya.o)
    0x08000148   0x00000024   Code   RO         5578    .text               mc_w.l(memseta.o)
    0x0800016c   0x00000024   Code   RO         5596    .text               mc_w.l(init.o)
    0x08000190   0x0000004c   Code   RO         1590    i.ADC_ConversionStop_Disable  stm32f1xx_hal_adc.o
    0x080001dc   0x00000002   Code   RO          969    i.BusFault_Handler  stm32f1xx_it.o
    0x080001de   0x00000002   PAD
    0x080001e0   0x0000000c   Code   RO          970    i.DMA1_Channel2_IRQHandler  stm32f1xx_it.o
    0x080001ec   0x0000000c   Code   RO          971    i.DMA1_Channel3_IRQHandler  stm32f1xx_it.o
    0x080001f8   0x0000000c   Code   RO          972    i.DMA1_Channel4_IRQHandler  stm32f1xx_it.o
    0x08000204   0x0000000c   Code   RO          973    i.DMA1_Channel5_IRQHandler  stm32f1xx_it.o
    0x08000210   0x0000000c   Code   RO          974    i.DMA1_Channel6_IRQHandler  stm32f1xx_it.o
    0x0800021c   0x0000000c   Code   RO          975    i.DMA1_Channel7_IRQHandler  stm32f1xx_it.o
    0x08000228   0x00000002   Code   RO          976    i.DebugMon_Handler  stm32f1xx_it.o
    0x0800022a   0x00000002   Code   RO           13    i.Error_Handler     main.o
    0x0800022c   0x000000fc   Code   RO         1596    i.HAL_ADC_ConfigChannel  stm32f1xx_hal_adc.o
    0x08000328   0x0000011c   Code   RO         1605    i.HAL_ADC_Init      stm32f1xx_hal_adc.o
    0x08000444   0x00000058   Code   RO          233    i.HAL_ADC_MspInit   adc.o
    0x0800049c   0x00000002   Code   RO         1872    i.HAL_CAN_ErrorCallback  stm32f1xx_hal_can.o
    0x0800049e   0x000001fc   Code   RO         1879    i.HAL_CAN_IRQHandler  stm32f1xx_hal_can.o
    0x0800069a   0x0000011a   Code   RO         1880    i.HAL_CAN_Init      stm32f1xx_hal_can.o
    0x080007b4   0x00000094   Code   RO          275    i.HAL_CAN_MspInit   can.o
    0x08000848   0x00000002   Code   RO         1887    i.HAL_CAN_RxFifo0FullCallback  stm32f1xx_hal_can.o
    0x0800084a   0x00000002   Code   RO         1888    i.HAL_CAN_RxFifo0MsgPendingCallback  stm32f1xx_hal_can.o
    0x0800084c   0x00000002   Code   RO         1889    i.HAL_CAN_RxFifo1FullCallback  stm32f1xx_hal_can.o
    0x0800084e   0x00000002   Code   RO         1890    i.HAL_CAN_RxFifo1MsgPendingCallback  stm32f1xx_hal_can.o
    0x08000850   0x00000002   Code   RO         1891    i.HAL_CAN_SleepCallback  stm32f1xx_hal_can.o
    0x08000852   0x00000002   Code   RO         1894    i.HAL_CAN_TxMailbox0AbortCallback  stm32f1xx_hal_can.o
    0x08000854   0x00000002   Code   RO         1895    i.HAL_CAN_TxMailbox0CompleteCallback  stm32f1xx_hal_can.o
    0x08000856   0x00000002   Code   RO         1896    i.HAL_CAN_TxMailbox1AbortCallback  stm32f1xx_hal_can.o
    0x08000858   0x00000002   Code   RO         1897    i.HAL_CAN_TxMailbox1CompleteCallback  stm32f1xx_hal_can.o
    0x0800085a   0x00000002   Code   RO         1898    i.HAL_CAN_TxMailbox2AbortCallback  stm32f1xx_hal_can.o
    0x0800085c   0x00000002   Code   RO         1899    i.HAL_CAN_TxMailbox2CompleteCallback  stm32f1xx_hal_can.o
    0x0800085e   0x00000002   Code   RO         1901    i.HAL_CAN_WakeUpFromRxMsgCallback  stm32f1xx_hal_can.o
    0x08000860   0x00000098   Code   RO         4433    i.HAL_DMA_Abort_IT  stm32f1xx_hal_dma.o
    0x080008f8   0x00000154   Code   RO         4437    i.HAL_DMA_IRQHandler  stm32f1xx_hal_dma.o
    0x08000a4c   0x0000005c   Code   RO         4438    i.HAL_DMA_Init      stm32f1xx_hal_dma.o
    0x08000aa8   0x000001bc   Code   RO         4368    i.HAL_GPIO_Init     stm32f1xx_hal_gpio.o
    0x08000c64   0x0000000c   Code   RO         4076    i.HAL_GetTick       stm32f1xx_hal.o
    0x08000c70   0x00000140   Code   RO         2111    i.HAL_I2C_Init      stm32f1xx_hal_i2c.o
    0x08000db0   0x0000005c   Code   RO          341    i.HAL_I2C_MspInit   i2c.o
    0x08000e0c   0x00000052   Code   RO         2498    i.HAL_IWDG_Init     stm32f1xx_hal_iwdg.o
    0x08000e5e   0x00000002   PAD
    0x08000e60   0x00000010   Code   RO         4080    i.HAL_IncTick       stm32f1xx_hal.o
    0x08000e70   0x00000024   Code   RO         4081    i.HAL_Init          stm32f1xx_hal.o
    0x08000e94   0x00000040   Code   RO         4082    i.HAL_InitTick      stm32f1xx_hal.o
    0x08000ed4   0x0000003c   Code   RO         1093    i.HAL_MspInit       stm32f1xx_hal_msp.o
    0x08000f10   0x00000016   Code   RO         4528    i.HAL_NVIC_EnableIRQ  stm32f1xx_hal_cortex.o
    0x08000f26   0x00000002   PAD
    0x08000f28   0x00000040   Code   RO         4534    i.HAL_NVIC_SetPriority  stm32f1xx_hal_cortex.o
    0x08000f68   0x00000024   Code   RO         4535    i.HAL_NVIC_SetPriorityGrouping  stm32f1xx_hal_cortex.o
    0x08000f8c   0x00000034   Code   RO         1368    i.HAL_PCDEx_PMAConfig  stm32f1xx_hal_pcd_ex.o
    0x08000fc0   0x00000002   Code   RO          623    i.HAL_PCDEx_SetConnectionState  usbd_conf.o
    0x08000fc2   0x0000000e   Code   RO          625    i.HAL_PCD_DataInStageCallback  usbd_conf.o
    0x08000fd0   0x00000010   Code   RO          626    i.HAL_PCD_DataOutStageCallback  usbd_conf.o
    0x08000fe0   0x00000040   Code   RO         1162    i.HAL_PCD_EP_Close  stm32f1xx_hal_pcd.o
    0x08001020   0x00000048   Code   RO         1163    i.HAL_PCD_EP_ClrStall  stm32f1xx_hal_pcd.o
    0x08001068   0x00000034   Code   RO         1164    i.HAL_PCD_EP_Flush  stm32f1xx_hal_pcd.o
    0x0800109c   0x00000010   Code   RO         1165    i.HAL_PCD_EP_GetRxCount  stm32f1xx_hal_pcd.o
    0x080010ac   0x00000044   Code   RO         1166    i.HAL_PCD_EP_Open   stm32f1xx_hal_pcd.o
    0x080010f0   0x0000002e   Code   RO         1167    i.HAL_PCD_EP_Receive  stm32f1xx_hal_pcd.o
    0x0800111e   0x00000056   Code   RO         1168    i.HAL_PCD_EP_SetStall  stm32f1xx_hal_pcd.o
    0x08001174   0x0000002a   Code   RO         1169    i.HAL_PCD_EP_Transmit  stm32f1xx_hal_pcd.o
    0x0800119e   0x0000010c   Code   RO         1171    i.HAL_PCD_IRQHandler  stm32f1xx_hal_pcd.o
    0x080012aa   0x00000002   PAD
    0x080012ac   0x000000c0   Code   RO         1174    i.HAL_PCD_Init      stm32f1xx_hal_pcd.o
    0x0800136c   0x0000003c   Code   RO          631    i.HAL_PCD_MspInit   usbd_conf.o
    0x080013a8   0x00000026   Code   RO          632    i.HAL_PCD_ResetCallback  usbd_conf.o
    0x080013ce   0x00000008   Code   RO          633    i.HAL_PCD_ResumeCallback  usbd_conf.o
    0x080013d6   0x00000008   Code   RO          634    i.HAL_PCD_SOFCallback  usbd_conf.o
    0x080013de   0x00000028   Code   RO         1180    i.HAL_PCD_SetAddress  stm32f1xx_hal_pcd.o
    0x08001406   0x0000000e   Code   RO          635    i.HAL_PCD_SetupStageCallback  usbd_conf.o
    0x08001414   0x00000032   Code   RO         1182    i.HAL_PCD_Start     stm32f1xx_hal_pcd.o
    0x08001446   0x00000002   PAD
    0x08001448   0x00000024   Code   RO          636    i.HAL_PCD_SuspendCallback  usbd_conf.o
    0x0800146c   0x000000ec   Code   RO         4331    i.HAL_RCCEx_PeriphCLKConfig  stm32f1xx_hal_rcc_ex.o
    0x08001558   0x0000016c   Code   RO         4228    i.HAL_RCC_ClockConfig  stm32f1xx_hal_rcc.o
    0x080016c4   0x00000020   Code   RO         4235    i.HAL_RCC_GetPCLK1Freq  stm32f1xx_hal_rcc.o
    0x080016e4   0x00000020   Code   RO         4236    i.HAL_RCC_GetPCLK2Freq  stm32f1xx_hal_rcc.o
    0x08001704   0x0000006c   Code   RO         4237    i.HAL_RCC_GetSysClockFreq  stm32f1xx_hal_rcc.o
    0x08001770   0x00000304   Code   RO         4240    i.HAL_RCC_OscConfig  stm32f1xx_hal_rcc.o
    0x08001a74   0x00000002   Code   RO         2535    i.HAL_SPI_ErrorCallback  stm32f1xx_hal_spi.o
    0x08001a76   0x00000002   PAD
    0x08001a78   0x000000c4   Code   RO         2538    i.HAL_SPI_IRQHandler  stm32f1xx_hal_spi.o
    0x08001b3c   0x00000082   Code   RO         2851    i.HAL_SPI_Init      stm32f1xx_hal_spi_ex.o
    0x08001bbe   0x00000002   PAD
    0x08001bc0   0x000000d8   Code   RO          413    i.HAL_SPI_MspInit   spi.o
    0x08001c98   0x00000028   Code   RO         4539    i.HAL_SYSTICK_Config  stm32f1xx_hal_cortex.o
    0x08001cc0   0x00000050   Code   RO         3523    i.HAL_TIMEx_MasterConfigSynchronization  stm32f1xx_hal_tim_ex.o
    0x08001d10   0x00000036   Code   RO         2877    i.HAL_TIM_Base_Init  stm32f1xx_hal_tim.o
    0x08001d46   0x00000002   PAD
    0x08001d48   0x00000070   Code   RO          455    i.HAL_TIM_Base_MspInit  tim.o
    0x08001db8   0x000000f2   Code   RO         2886    i.HAL_TIM_ConfigClockSource  stm32f1xx_hal_tim.o
    0x08001eaa   0x00000062   Code   RO         3764    i.HAL_UART_Init     stm32f1xx_hal_uart.o
    0x08001f0c   0x000001b8   Code   RO          515    i.HAL_UART_MspInit  usart.o
    0x080020c4   0x00000002   Code   RO          977    i.HardFault_Handler  stm32f1xx_it.o
    0x080020c6   0x00000002   PAD
    0x080020c8   0x00000038   Code   RO          835    i.IntToUnicode      usbd_desc.o
    0x08002100   0x00000042   Code   RO         5342    i.MSC_BOT_Abort     usbd_msc_bot.o
    0x08002142   0x00000002   PAD
    0x08002144   0x000000cc   Code   RO         5343    i.MSC_BOT_CBW_Decode  usbd_msc_bot.o
    0x08002210   0x0000002a   Code   RO         5344    i.MSC_BOT_CplClrFeature  usbd_msc_bot.o
    0x0800223a   0x0000003a   Code   RO         5345    i.MSC_BOT_DataIn    usbd_msc_bot.o
    0x08002274   0x0000003a   Code   RO         5346    i.MSC_BOT_DataOut   usbd_msc_bot.o
    0x080022ae   0x0000000a   Code   RO         5347    i.MSC_BOT_DeInit    usbd_msc_bot.o
    0x080022b8   0x00000042   Code   RO         5348    i.MSC_BOT_Init      usbd_msc_bot.o
    0x080022fa   0x00000016   Code   RO         5349    i.MSC_BOT_Reset     usbd_msc_bot.o
    0x08002310   0x0000003c   Code   RO         5350    i.MSC_BOT_SendCSW   usbd_msc_bot.o
    0x0800234c   0x00000050   Code   RO          234    i.MX_ADC1_Init      adc.o
    0x0800239c   0x0000003c   Code   RO          276    i.MX_CAN_Init       can.o
    0x080023d8   0x0000007c   Code   RO          316    i.MX_DMA_Init       dma.o
    0x08002454   0x0000003c   Code   RO          208    i.MX_GPIO_Init      gpio.o
    0x08002490   0x00000040   Code   RO          342    i.MX_I2C1_Init      i2c.o
    0x080024d0   0x0000002c   Code   RO          382    i.MX_IWDG_Init      iwdg.o
    0x080024fc   0x00000048   Code   RO          414    i.MX_SPI1_Init      spi.o
    0x08002544   0x00000064   Code   RO          456    i.MX_TIM1_Init      tim.o
    0x080025a8   0x00000060   Code   RO          457    i.MX_TIM2_Init      tim.o
    0x08002608   0x00000060   Code   RO          458    i.MX_TIM3_Init      tim.o
    0x08002668   0x00000060   Code   RO          459    i.MX_TIM4_Init      tim.o
    0x080026c8   0x00000038   Code   RO          516    i.MX_USART1_UART_Init  usart.o
    0x08002700   0x00000038   Code   RO          517    i.MX_USART2_UART_Init  usart.o
    0x08002738   0x00000038   Code   RO          518    i.MX_USART3_UART_Init  usart.o
    0x08002770   0x00000054   Code   RO          568    i.MX_USB_DEVICE_Init  usb_device.o
    0x080027c4   0x00000002   Code   RO          978    i.MemManage_Handler  stm32f1xx_it.o
    0x080027c6   0x00000002   Code   RO          979    i.NMI_Handler       stm32f1xx_it.o
    0x080027c8   0x00000020   Code   RO         4541    i.NVIC_SetPriority  stm32f1xx_hal_cortex.o
    0x080027e8   0x00000362   Code   RO         1185    i.PCD_EP_ISR_Handler  stm32f1xx_hal_pcd.o
    0x08002b4a   0x00000002   Code   RO          980    i.PendSV_Handler    stm32f1xx_it.o
    0x08002b4c   0x00000022   Code   RO         5438    i.SCSI_CheckAddressRange  usbd_msc_scsi.o
    0x08002b6e   0x00000002   PAD
    0x08002b70   0x000001cc   Code   RO         5439    i.SCSI_ProcessCmd   usbd_msc_scsi.o
    0x08002d3c   0x0000008c   Code   RO         5440    i.SCSI_ProcessRead  usbd_msc_scsi.o
    0x08002dc8   0x00000098   Code   RO         5441    i.SCSI_ProcessWrite  usbd_msc_scsi.o
    0x08002e60   0x000000aa   Code   RO         5442    i.SCSI_Read10       usbd_msc_scsi.o
    0x08002f0a   0x00000056   Code   RO         5443    i.SCSI_ReadCapacity10  usbd_msc_scsi.o
    0x08002f60   0x0000006e   Code   RO         5444    i.SCSI_ReadFormatCapacity  usbd_msc_scsi.o
    0x08002fce   0x00000036   Code   RO         5445    i.SCSI_SenseCode    usbd_msc_scsi.o
    0x08003004   0x000000ca   Code   RO         5446    i.SCSI_Write10      usbd_msc_scsi.o
    0x080030ce   0x00000002   PAD
    0x080030d0   0x0000000c   Code   RO          981    i.SPI1_IRQHandler   stm32f1xx_it.o
    0x080030dc   0x00000010   Code   RO         2567    i.SPI_DMAAbortOnError  stm32f1xx_hal_spi.o
    0x080030ec   0x0000000e   Code   RO          908    i.STORAGE_GetCapacity_FS  usbd_storage_if.o
    0x080030fa   0x00000004   Code   RO          909    i.STORAGE_GetMaxLun_FS  usbd_storage_if.o
    0x080030fe   0x00000004   Code   RO          910    i.STORAGE_Init_FS   usbd_storage_if.o
    0x08003102   0x00000004   Code   RO          911    i.STORAGE_IsReady_FS  usbd_storage_if.o
    0x08003106   0x00000004   Code   RO          912    i.STORAGE_IsWriteProtected_FS  usbd_storage_if.o
    0x0800310a   0x00000004   Code   RO          913    i.STORAGE_Read_FS   usbd_storage_if.o
    0x0800310e   0x00000004   Code   RO          914    i.STORAGE_Write_FS  usbd_storage_if.o
    0x08003112   0x00000002   Code   RO          982    i.SVC_Handler       stm32f1xx_it.o
    0x08003114   0x00000004   Code   RO          983    i.SysTick_Handler   stm32f1xx_it.o
    0x08003118   0x0000006c   Code   RO           14    i.SystemClock_Config  main.o
    0x08003184   0x00000048   Code   RO         4957    i.SystemInit        system_stm32f1xx.o
    0x080031cc   0x0000006c   Code   RO         2961    i.TIM_Base_SetConfig  stm32f1xx_hal_tim.o
    0x08003238   0x00000014   Code   RO         2968    i.TIM_ETR_SetConfig  stm32f1xx_hal_tim.o
    0x0800324c   0x00000010   Code   RO         2969    i.TIM_ITRx_SetConfig  stm32f1xx_hal_tim.o
    0x0800325c   0x00000022   Code   RO         2975    i.TIM_TI1_ConfigInputStage  stm32f1xx_hal_tim.o
    0x0800327e   0x00000024   Code   RO         2977    i.TIM_TI2_ConfigInputStage  stm32f1xx_hal_tim.o
    0x080032a2   0x00000002   PAD
    0x080032a4   0x00000170   Code   RO         3790    i.UART_SetConfig    stm32f1xx_hal_uart.o
    0x08003414   0x0000000e   Code   RO         4994    i.USBD_ClrClassConfig  usbd_core.o
    0x08003422   0x00000010   Code   RO         5197    i.USBD_CtlContinueRx  usbd_ioreq.o
    0x08003432   0x00000010   Code   RO         5198    i.USBD_CtlContinueSendData  usbd_ioreq.o
    0x08003442   0x00000016   Code   RO         5132    i.USBD_CtlError     usbd_ctlreq.o
    0x08003458   0x00000016   Code   RO         5200    i.USBD_CtlReceiveStatus  usbd_ioreq.o
    0x0800346e   0x0000001a   Code   RO         5201    i.USBD_CtlSendData  usbd_ioreq.o
    0x08003488   0x00000016   Code   RO         5202    i.USBD_CtlSendStatus  usbd_ioreq.o
    0x0800349e   0x00000002   PAD
    0x080034a0   0x00000020   Code   RO          836    i.USBD_FS_ConfigStrDescriptor  usbd_desc.o
    0x080034c0   0x0000000c   Code   RO          837    i.USBD_FS_DeviceDescriptor  usbd_desc.o
    0x080034cc   0x00000024   Code   RO          838    i.USBD_FS_InterfaceStrDescriptor  usbd_desc.o
    0x080034f0   0x0000000c   Code   RO          839    i.USBD_FS_LangIDStrDescriptor  usbd_desc.o
    0x080034fc   0x00000028   Code   RO          840    i.USBD_FS_ManufacturerStrDescriptor  usbd_desc.o
    0x08003524   0x00000028   Code   RO          841    i.USBD_FS_ProductStrDescriptor  usbd_desc.o
    0x0800354c   0x00000038   Code   RO          842    i.USBD_FS_SerialStrDescriptor  usbd_desc.o
    0x08003584   0x000000e0   Code   RO         5133    i.USBD_GetDescriptor  usbd_ctlreq.o
    0x08003664   0x00000046   Code   RO         5134    i.USBD_GetString    usbd_ctlreq.o
    0x080036aa   0x00000018   Code   RO          637    i.USBD_Get_USB_Status  usbd_conf.o
    0x080036c2   0x0000002a   Code   RO         4996    i.USBD_Init         usbd_core.o
    0x080036ec   0x00000012   Code   RO          638    i.USBD_LL_ClearStallEP  usbd_conf.o
    0x080036fe   0x00000012   Code   RO          639    i.USBD_LL_CloseEP   usbd_conf.o
    0x08003710   0x000000aa   Code   RO         4997    i.USBD_LL_DataInStage  usbd_core.o
    0x080037ba   0x0000006a   Code   RO         4998    i.USBD_LL_DataOutStage  usbd_core.o
    0x08003824   0x00000012   Code   RO          642    i.USBD_LL_FlushEP   usbd_conf.o
    0x08003836   0x00000008   Code   RO          643    i.USBD_LL_GetRxDataSize  usbd_conf.o
    0x0800383e   0x00000002   PAD
    0x08003840   0x00000070   Code   RO          644    i.USBD_LL_Init      usbd_conf.o
    0x080038b0   0x0000001c   Code   RO          645    i.USBD_LL_IsStallEP  usbd_conf.o
    0x080038cc   0x00000018   Code   RO          646    i.USBD_LL_OpenEP    usbd_conf.o
    0x080038e4   0x00000012   Code   RO          647    i.USBD_LL_PrepareReceive  usbd_conf.o
    0x080038f6   0x0000003e   Code   RO         5003    i.USBD_LL_Reset     usbd_core.o
    0x08003934   0x0000000c   Code   RO         5004    i.USBD_LL_Resume    usbd_core.o
    0x08003940   0x00000018   Code   RO         5005    i.USBD_LL_SOF       usbd_core.o
    0x08003958   0x00000006   Code   RO         5006    i.USBD_LL_SetSpeed  usbd_core.o
    0x0800395e   0x00000012   Code   RO          648    i.USBD_LL_SetUSBAddress  usbd_conf.o
    0x08003970   0x0000005a   Code   RO         5007    i.USBD_LL_SetupStage  usbd_core.o
    0x080039ca   0x00000012   Code   RO          649    i.USBD_LL_StallEP   usbd_conf.o
    0x080039dc   0x00000012   Code   RO          650    i.USBD_LL_Start     usbd_conf.o
    0x080039ee   0x00000012   Code   RO         5008    i.USBD_LL_Suspend   usbd_core.o
    0x08003a00   0x00000012   Code   RO          652    i.USBD_LL_Transmit  usbd_conf.o
    0x08003a12   0x0000000a   Code   RO         5257    i.USBD_MSC_DataIn   usbd_msc.o
    0x08003a1c   0x0000000a   Code   RO         5258    i.USBD_MSC_DataOut  usbd_msc.o
    0x08003a26   0x0000002c   Code   RO         5259    i.USBD_MSC_DeInit   usbd_msc.o
    0x08003a52   0x00000002   PAD
    0x08003a54   0x0000000c   Code   RO         5260    i.USBD_MSC_GetDeviceQualifierDescriptor  usbd_msc.o
    0x08003a60   0x0000000c   Code   RO         5261    i.USBD_MSC_GetFSCfgDesc  usbd_msc.o
    0x08003a6c   0x0000000c   Code   RO         5262    i.USBD_MSC_GetHSCfgDesc  usbd_msc.o
    0x08003a78   0x0000000c   Code   RO         5263    i.USBD_MSC_GetOtherSpeedCfgDesc  usbd_msc.o
    0x08003a84   0x00000052   Code   RO         5264    i.USBD_MSC_Init     usbd_msc.o
    0x08003ad6   0x0000000a   Code   RO         5265    i.USBD_MSC_RegisterStorage  usbd_msc.o
    0x08003ae0   0x000000c2   Code   RO         5266    i.USBD_MSC_Setup    usbd_msc.o
    0x08003ba2   0x00000028   Code   RO         5135    i.USBD_ParseSetupRequest  usbd_ctlreq.o
    0x08003bca   0x00000010   Code   RO         5009    i.USBD_RegisterClass  usbd_core.o
    0x08003bda   0x00000016   Code   RO         5011    i.USBD_SetClassConfig  usbd_core.o
    0x08003bf0   0x00000074   Code   RO         5136    i.USBD_SetConfig    usbd_ctlreq.o
    0x08003c64   0x0000000a   Code   RO         5012    i.USBD_Start        usbd_core.o
    0x08003c6e   0x000000f2   Code   RO         5137    i.USBD_StdDevReq    usbd_ctlreq.o
    0x08003d60   0x000000dc   Code   RO         5138    i.USBD_StdEPReq     usbd_ctlreq.o
    0x08003e3c   0x00000034   Code   RO         5139    i.USBD_StdItfReq    usbd_ctlreq.o
    0x08003e70   0x00000002   Code   RO          653    i.USBD_static_free  usbd_conf.o
    0x08003e72   0x00000002   PAD
    0x08003e74   0x00000008   Code   RO          654    i.USBD_static_malloc  usbd_conf.o
    0x08003e7c   0x0000025c   Code   RO         1398    i.USB_ActivateEndpoint  stm32f1xx_ll_usb.o
    0x080040d8   0x00000004   Code   RO         1401    i.USB_CoreInit      stm32f1xx_ll_usb.o
    0x080040dc   0x00000124   Code   RO         1403    i.USB_DeactivateEndpoint  stm32f1xx_ll_usb.o
    0x08004200   0x00000004   Code   RO         1404    i.USB_DevConnect    stm32f1xx_ll_usb.o
    0x08004204   0x00000004   Code   RO         1405    i.USB_DevDisconnect  stm32f1xx_ll_usb.o
    0x08004208   0x0000001e   Code   RO         1406    i.USB_DevInit       stm32f1xx_ll_usb.o
    0x08004226   0x0000000e   Code   RO         1407    i.USB_DisableGlobalInt  stm32f1xx_ll_usb.o
    0x08004234   0x00000004   Code   RO         1408    i.USB_EP0_OutStart  stm32f1xx_ll_usb.o
    0x08004238   0x0000006a   Code   RO         1409    i.USB_EPClearStall  stm32f1xx_ll_usb.o
    0x080042a2   0x0000004a   Code   RO         1410    i.USB_EPSetStall    stm32f1xx_ll_usb.o
    0x080042ec   0x000001aa   Code   RO         1411    i.USB_EPStartXfer   stm32f1xx_ll_usb.o
    0x08004496   0x0000000e   Code   RO         1412    i.USB_EnableGlobalInt  stm32f1xx_ll_usb.o
    0x080044a4   0x00000004   Code   RO         1413    i.USB_FlushRxFifo   stm32f1xx_ll_usb.o
    0x080044a8   0x00000004   Code   RO         1414    i.USB_FlushTxFifo   stm32f1xx_ll_usb.o
    0x080044ac   0x0000001c   Code   RO          984    i.USB_LP_CAN1_RX0_IRQHandler  stm32f1xx_it.o
    0x080044c8   0x00000006   Code   RO         1419    i.USB_ReadInterrupts  stm32f1xx_ll_usb.o
    0x080044ce   0x00000002   PAD
    0x080044d0   0x0000001e   Code   RO         1420    i.USB_ReadPMA       stm32f1xx_ll_usb.o
    0x080044ee   0x00000004   Code   RO         1422    i.USB_SetCurrentMode  stm32f1xx_ll_usb.o
    0x080044f2   0x0000000c   Code   RO         1423    i.USB_SetDevAddress  stm32f1xx_ll_usb.o
    0x080044fe   0x00000026   Code   RO         1425    i.USB_WritePMA      stm32f1xx_ll_usb.o
    0x08004524   0x00000002   Code   RO          985    i.UsageFault_Handler  stm32f1xx_it.o
    0x08004526   0x0000000e   Code   RO         5600    i.__scatterload_copy  mc_w.l(handlers.o)
    0x08004534   0x00000002   Code   RO         5601    i.__scatterload_null  mc_w.l(handlers.o)
    0x08004536   0x0000000e   Code   RO         5602    i.__scatterload_zeroinit  mc_w.l(handlers.o)
    0x08004544   0x00000046   Code   RO           15    i.main              main.o
    0x0800458a   0x00000024   Data   RO          915    .constdata          usbd_storage_if.o
    0x080045ae   0x00000010   Data   RO         4958    .constdata          system_stm32f1xx.o
    0x080045be   0x00000008   Data   RO         4959    .constdata          system_stm32f1xx.o
    0x080045c6   0x00000007   Data   RO         5412    .constdata          usbd_msc_data.o
    0x080045cd   0x00000008   Data   RO         5413    .constdata          usbd_msc_data.o
    0x080045d5   0x00000008   Data   RO         5414    .constdata          usbd_msc_data.o
    0x080045dd   0x00000003   PAD
    0x080045e0   0x00000020   Data   RO         5598    Region$$Table       anon$$obj.o


    Execution Region RW_IRAM1 (Base: 0x20000000, Size: 0x00001488, Max: 0x00005000, ABSOLUTE)

    Base Addr    Size         Type   Attr      Idx    E Section Name        Object

    0x20000000   0x0000001c   Data   RW          844    .data               usbd_desc.o
    0x2000001c   0x00000032   Data   RW          845    .data               usbd_desc.o
    0x2000004e   0x00000002   PAD
    0x20000050   0x00000020   Data   RW          916    .data               usbd_storage_if.o
    0x20000070   0x0000000c   Data   RW         4088    .data               stm32f1xx_hal.o
    0x2000007c   0x00000004   Data   RW         4960    .data               system_stm32f1xx.o
    0x20000080   0x00000001   Data   RW         5140    .data               usbd_ctlreq.o
    0x20000081   0x00000003   PAD
    0x20000084   0x00000038   Data   RW         5267    .data               usbd_msc.o
    0x200000bc   0x0000006a   Data   RW         5268    .data               usbd_msc.o
    0x20000126   0x00000002   PAD
    0x20000128   0x00000030   Zero   RW          235    .bss                adc.o
    0x20000158   0x00000028   Zero   RW          277    .bss                can.o
    0x20000180   0x00000054   Zero   RW          343    .bss                i2c.o
    0x200001d4   0x0000000c   Zero   RW          383    .bss                iwdg.o
    0x200001e0   0x000000e0   Zero   RW          415    .bss                spi.o
    0x200002c0   0x00000100   Zero   RW          460    .bss                tim.o
    0x200003c0   0x000001d0   Zero   RW          519    .bss                usart.o
    0x20000590   0x00000224   Zero   RW          569    .bss                usb_device.o
    0x200007b4   0x000006d0   Zero   RW          655    .bss                usbd_conf.o
    0x20000e84   0x00000200   Zero   RW          843    .bss                usbd_desc.o
    0x20001084   0x00000004   PAD
    0x20001088   0x00000400   Zero   RW            1    STACK               startup_stm32f103xb.o


==============================================================================

Image component sizes


      Code (inc. data)   RO Data    RW Data    ZI Data      Debug   Object Name

       168         24          0          0         48       1473   adc.o
       208         26          0          0         40       1523   can.o
       124          4          0          0          0        714   dma.o
        60          6          0          0          0        731   gpio.o
       156         26          0          0         84       1469   i2c.o
        44          8          0          0         12        627   iwdg.o
       180          0          0          0          0     487380   main.o
       288         30          0          0        224       1683   spi.o
        36          8        236          0       1024        772   startup_stm32f103xb.o
       128         24          0         12          0       5089   stm32f1xx_hal.o
       612         24          0          0          0       3168   stm32f1xx_hal_adc.o
       816          0          0          0          0       9119   stm32f1xx_hal_can.o
       194         14          0          0          0      25571   stm32f1xx_hal_cortex.o
       584         36          0          0          0       2599   stm32f1xx_hal_dma.o
       444         36          0          0          0       2192   stm32f1xx_hal_gpio.o
       320         18          0          0          0       2859   stm32f1xx_hal_i2c.o
        82          0          0          0          0       1084   stm32f1xx_hal_iwdg.o
        60          8          0          0          0        786   stm32f1xx_hal_msp.o
      1862          0          0          0          0      10328   stm32f1xx_hal_pcd.o
        52          0          0          0          0       1114   stm32f1xx_hal_pcd_ex.o
      1308         98          0          0          0       5032   stm32f1xx_hal_rcc.o
       236         12          0          0          0       1328   stm32f1xx_hal_rcc_ex.o
       214          6          0          0          0       2493   stm32f1xx_hal_spi.o
       130          0          0          0          0       1007   stm32f1xx_hal_spi_ex.o
       510         14          0          0          0       5597   stm32f1xx_hal_tim.o
        80          0          0          0          0       1212   stm32f1xx_hal_tim_ex.o
       466          4          0          0          0       1812   stm32f1xx_hal_uart.o
       132         52          0          0          0       6831   stm32f1xx_it.o
      1674          0          0          0          0      13099   stm32f1xx_ll_usb.o
        72         16         24          4          0       1067   system_stm32f1xx.o
       500         48          0          0        256       3341   tim.o
       608         58          0          0        464       3080   usart.o
        84         18          0          0        548       5753   usb_device.o
       546         28          0          0       1744      13255   usbd_conf.o
       592          0          0          0          0       8728   usbd_core.o
       986         30          0          1          0       7476   usbd_ctlreq.o
       284        100          0         78        512       5349   usbd_desc.o
       102          0          0          0          0       3472   usbd_ioreq.o
       398         16          0        162          0       8720   usbd_msc.o
       586         12          0          0          0       6753   usbd_msc_bot.o
         0          0         23          0          0        825   usbd_msc_data.o
      1408         12          0          0          0      10023   usbd_msc_scsi.o
        38          0         36         32          0       3663   usbd_storage_if.o

    ----------------------------------------------------------------------
     17408        816        354        296       4960     680197   Object Totals
         0          0         32          0          0          0   (incl. Generated)
        36          0          3          7          4          0   (incl. Padding)

    ----------------------------------------------------------------------

      Code (inc. data)   RO Data    RW Data    ZI Data      Debug   Library Member Name

         0          0          0          0          0          0   entry.o
         0          0          0          0          0          0   entry10a.o
         0          0          0          0          0          0   entry11a.o
         8          4          0          0          0          0   entry2.o
         4          0          0          0          0          0   entry5.o
         0          0          0          0          0          0   entry7b.o
         0          0          0          0          0          0   entry8b.o
         8          4          0          0          0          0   entry9a.o
        30          0          0          0          0          0   handlers.o
        36          8          0          0          0         68   init.o
        36          0          0          0          0         68   memcpya.o
        36          0          0          0          0        108   memseta.o

    ----------------------------------------------------------------------
       158         16          0          0          0        244   Library Totals
         0          0          0          0          0          0   (incl. Padding)

    ----------------------------------------------------------------------

      Code (inc. data)   RO Data    RW Data    ZI Data      Debug   Library Name

       158         16          0          0          0        244   mc_w.l

    ----------------------------------------------------------------------
       158         16          0          0          0        244   Library Totals

    ----------------------------------------------------------------------

==============================================================================


      Code (inc. data)   RO Data    RW Data    ZI Data      Debug   

     17566        832        354        296       4960     669309   Grand Totals
     17566        832        354        296       4960     669309   ELF Image Totals
     17566        832        354        296          0          0   ROM Totals

==============================================================================

    Total RO  Size (Code + RO Data)                17920 (  17.50kB)
    Total RW  Size (RW Data + ZI Data)              5256 (   5.13kB)
    Total ROM Size (Code + RO Data + RW Data)      18216 (  17.79kB)

==============================================================================

