Component: ARM Compiler 5.06 (build 20) Tool: armlink [4d35a3]

==============================================================================

Section Cross References

    startup_stm32f103xb.o(RESET) refers to startup_stm32f103xb.o(STACK) for __initial_sp
    startup_stm32f103xb.o(RESET) refers to startup_stm32f103xb.o(.text) for Reset_Handler
    startup_stm32f103xb.o(RESET) refers to stm32f1xx_it.o(i.NMI_Handler) for NMI_Handler
    startup_stm32f103xb.o(RESET) refers to stm32f1xx_it.o(i.HardFault_Handler) for HardFault_Handler
    startup_stm32f103xb.o(RESET) refers to stm32f1xx_it.o(i.MemManage_Handler) for MemManage_Handler
    startup_stm32f103xb.o(RESET) refers to stm32f1xx_it.o(i.BusFault_Handler) for BusFault_Handler
    startup_stm32f103xb.o(RESET) refers to stm32f1xx_it.o(i.UsageFault_Handler) for UsageFault_Handler
    startup_stm32f103xb.o(RESET) refers to stm32f1xx_it.o(i.SVC_Handler) for SVC_Handler
    startup_stm32f103xb.o(RESET) refers to stm32f1xx_it.o(i.DebugMon_Handler) for DebugMon_Handler
    startup_stm32f103xb.o(RESET) refers to stm32f1xx_it.o(i.PendSV_Handler) for PendSV_Handler
    startup_stm32f103xb.o(RESET) refers to stm32f1xx_it.o(i.SysTick_Handler) for SysTick_Handler
    startup_stm32f103xb.o(RESET) refers to stm32f1xx_it.o(i.DMA1_Channel2_IRQHandler) for DMA1_Channel2_IRQHandler
    startup_stm32f103xb.o(RESET) refers to stm32f1xx_it.o(i.DMA1_Channel3_IRQHandler) for DMA1_Channel3_IRQHandler
    startup_stm32f103xb.o(RESET) refers to stm32f1xx_it.o(i.DMA1_Channel4_IRQHandler) for DMA1_Channel4_IRQHandler
    startup_stm32f103xb.o(RESET) refers to stm32f1xx_it.o(i.DMA1_Channel5_IRQHandler) for DMA1_Channel5_IRQHandler
    startup_stm32f103xb.o(RESET) refers to stm32f1xx_it.o(i.DMA1_Channel6_IRQHandler) for DMA1_Channel6_IRQHandler
    startup_stm32f103xb.o(RESET) refers to stm32f1xx_it.o(i.DMA1_Channel7_IRQHandler) for DMA1_Channel7_IRQHandler
    startup_stm32f103xb.o(RESET) refers to stm32f1xx_it.o(i.USB_LP_CAN1_RX0_IRQHandler) for USB_LP_CAN1_RX0_IRQHandler
    startup_stm32f103xb.o(RESET) refers to stm32f1xx_it.o(i.TIM1_UP_IRQHandler) for TIM1_UP_IRQHandler
    startup_stm32f103xb.o(RESET) refers to stm32f1xx_it.o(i.TIM2_IRQHandler) for TIM2_IRQHandler
    startup_stm32f103xb.o(RESET) refers to stm32f1xx_it.o(i.TIM3_IRQHandler) for TIM3_IRQHandler
    startup_stm32f103xb.o(RESET) refers to stm32f1xx_it.o(i.TIM4_IRQHandler) for TIM4_IRQHandler
    startup_stm32f103xb.o(RESET) refers to stm32f1xx_it.o(i.SPI1_IRQHandler) for SPI1_IRQHandler
    startup_stm32f103xb.o(RESET) refers to stm32f1xx_it.o(i.USART1_IRQHandler) for USART1_IRQHandler
    startup_stm32f103xb.o(RESET) refers to stm32f1xx_it.o(i.USART2_IRQHandler) for USART2_IRQHandler
    startup_stm32f103xb.o(RESET) refers to stm32f1xx_it.o(i.USART3_IRQHandler) for USART3_IRQHandler
    startup_stm32f103xb.o(.text) refers to system_stm32f1xx.o(i.SystemInit) for SystemInit
    startup_stm32f103xb.o(.text) refers to entry.o(.ARM.Collect$$$$00000000) for __main
    main.o(i.SystemClock_Config) refers to memseta.o(.text) for __aeabi_memclr4
    main.o(i.SystemClock_Config) refers to stm32f1xx_hal_rcc.o(i.HAL_RCC_OscConfig) for HAL_RCC_OscConfig
    main.o(i.SystemClock_Config) refers to stm32f1xx_hal_rcc.o(i.HAL_RCC_ClockConfig) for HAL_RCC_ClockConfig
    main.o(i.SystemClock_Config) refers to stm32f1xx_hal_rcc_ex.o(i.HAL_RCCEx_PeriphCLKConfig) for HAL_RCCEx_PeriphCLKConfig
    main.o(i.main) refers to stm32f1xx_hal.o(i.HAL_Init) for HAL_Init
    main.o(i.main) refers to main.o(i.SystemClock_Config) for SystemClock_Config
    main.o(i.main) refers to gpio.o(i.MX_GPIO_Init) for MX_GPIO_Init
    main.o(i.main) refers to dma.o(i.MX_DMA_Init) for MX_DMA_Init
    main.o(i.main) refers to adc.o(i.MX_ADC1_Init) for MX_ADC1_Init
    main.o(i.main) refers to can.o(i.MX_CAN_Init) for MX_CAN_Init
    main.o(i.main) refers to i2c.o(i.MX_I2C1_Init) for MX_I2C1_Init
    main.o(i.main) refers to spi.o(i.MX_SPI1_Init) for MX_SPI1_Init
    main.o(i.main) refers to tim.o(i.MX_TIM1_Init) for MX_TIM1_Init
    main.o(i.main) refers to tim.o(i.MX_TIM2_Init) for MX_TIM2_Init
    main.o(i.main) refers to tim.o(i.MX_TIM3_Init) for MX_TIM3_Init
    main.o(i.main) refers to tim.o(i.MX_TIM4_Init) for MX_TIM4_Init
    main.o(i.main) refers to usart.o(i.MX_USART1_UART_Init) for MX_USART1_UART_Init
    main.o(i.main) refers to usart.o(i.MX_USART2_UART_Init) for MX_USART2_UART_Init
    main.o(i.main) refers to usart.o(i.MX_USART3_UART_Init) for MX_USART3_UART_Init
    main.o(i.main) refers to usb_device.o(i.MX_USB_DEVICE_Init) for MX_USB_DEVICE_Init
    main.o(i.main) refers to fatfs.o(i.MX_FATFS_Init) for MX_FATFS_Init
    main.o(i.main) refers to stm32f1xx_hal.o(i.HAL_Delay) for HAL_Delay
    main.o(i.main) refers to stm32f1xx_hal_uart.o(i.HAL_UART_Transmit_DMA) for HAL_UART_Transmit_DMA
    main.o(i.main) refers to main.o(.data) for .data
    main.o(i.main) refers to usart.o(.bss) for huart1
[...]
    SCSI_Read10                              0x080032fd   Thumb Code   170  usbd_msc_scsi.o(i.SCSI_Read10)
    i.SCSI_ReadCapacity10                    0x080033a6   Section        0  usbd_msc_scsi.o(i.SCSI_ReadCapacity10)
    SCSI_ReadCapacity10                      0x080033a7   Thumb Code    86  usbd_msc_scsi.o(i.SCSI_ReadCapacity10)
    i.SCSI_ReadFormatCapacity                0x080033fc   Section        0  usbd_msc_scsi.o(i.SCSI_ReadFormatCapacity)
    SCSI_ReadFormatCapacity                  0x080033fd   Thumb Code   110  usbd_msc_scsi.o(i.SCSI_ReadFormatCapacity)
    i.SCSI_SenseCode                         0x0800346a   Section        0  usbd_msc_scsi.o(i.SCSI_SenseCode)
    i.SCSI_Write10                           0x080034a0   Section        0  usbd_msc_scsi.o(i.SCSI_Write10)
    SCSI_Write10                             0x080034a1   Thumb Code   202  usbd_msc_scsi.o(i.SCSI_Write10)
    i.SPI1_IRQHandler                        0x0800356c   Section        0  stm32f1xx_it.o(i.SPI1_IRQHandler)
    i.SPI_DMAAbortOnError                    0x08003578   Section        0  stm32f1xx_hal_spi.o(i.SPI_DMAAbortOnError)
    SPI_DMAAbortOnError                      0x08003579   Thumb Code    16  stm32f1xx_hal_spi.o(i.SPI_DMAAbortOnError)
    i.STORAGE_GetCapacity_FS                 0x08003588   Section        0  usbd_storage_if.o(i.STORAGE_GetCapacity_FS)
    STORAGE_GetCapacity_FS                   0x08003589   Thumb Code    14  usbd_storage_if.o(i.STORAGE_GetCapacity_FS)
    i.STORAGE_GetMaxLun_FS                   0x08003596   Section        0  usbd_storage_if.o(i.STORAGE_GetMaxLun_FS)
    STORAGE_GetMaxLun_FS                     0x08003597   Thumb Code     4  usbd_storage_if.o(i.STORAGE_GetMaxLun_FS)
    i.STORAGE_Init_FS                        0x0800359a   Section        0  usbd_storage_if.o(i.STORAGE_Init_FS)
    STORAGE_Init_FS                          0x0800359b   Thumb Code     4  usbd_storage_if.o(i.STORAGE_Init_FS)
    i.STORAGE_IsReady_FS                     0x0800359e   Section        0  usbd_storage_if.o(i.STORAGE_IsReady_FS)
    STORAGE_IsReady_FS                       0x0800359f   Thumb Code     4  usbd_storage_if.o(i.STORAGE_IsReady_FS)
    i.STORAGE_IsWriteProtected_FS            0x080035a2   Section        0  usbd_storage_if.o(i.STORAGE_IsWriteProtected_FS)
    STORAGE_IsWriteProtected_FS              0x080035a3   Thumb Code     4  usbd_storage_if.o(i.STORAGE_IsWriteProtected_FS)
    i.STORAGE_Read_FS                        0x080035a6   Section        0  usbd_storage_if.o(i.STORAGE_Read_FS)
    STORAGE_Read_FS                          0x080035a7   Thumb Code     4  usbd_storage_if.o(i.STORAGE_Read_FS)
    i.STORAGE_Write_FS                       0x080035aa   Section        0  usbd_storage_if.o(i.STORAGE_Write_FS)
    STORAGE_Write_FS                         0x080035ab   Thumb Code     4  usbd_storage_if.o(i.STORAGE_Write_FS)
    i.SVC_Handler                            0x080035ae   Section        0  stm32f1xx_it.o(i.SVC_Handler)
    i.SysTick_Handler                        0x080035b0   Section        0  stm32f1xx_it.o(i.SysTick_Handler)
    i.SystemClock_Config                     0x080035b4   Section        0  main.o(i.SystemClock_Config)
    i.SystemInit                             0x08003618   Section        0  system_stm32f1xx.o(i.SystemInit)
    i.TIM1_UP_IRQHandler                     0x08003660   Section        0  stm32f1xx_it.o(i.TIM1_UP_IRQHandler)
    i.TIM2_IRQHandler                        0x0800366c   Section        0  stm32f1xx_it.o(i.TIM2_IRQHandler)
    i.TIM3_IRQHandler                        0x08003678   Section        0  stm32f1xx_it.o(i.TIM3_IRQHandler)
    i.TIM4_IRQHandler                        0x08003684   Section        0  stm32f1xx_it.o(i.TIM4_IRQHandler)
    i.TIM_Base_SetConfig                     0x08003690   Section        0  stm32f1xx_hal_tim.o(i.TIM_Base_SetConfig)
    i.TIM_ETR_SetConfig                      0x080036fc   Section        0  stm32f1xx_hal_tim.o(i.TIM_ETR_SetConfig)
    TIM_ETR_SetConfig                        0x080036fd   Thumb Code    20  stm32f1xx_hal_tim.o(i.TIM_ETR_SetConfig)
    i.TIM_ITRx_SetConfig                     0x08003710   Section        0  stm32f1xx_hal_tim.o(i.TIM_ITRx_SetConfig)
    TIM_ITRx_SetConfig                       0x08003711   Thumb Code    16  stm32f1xx_hal_tim.o(i.TIM_ITRx_SetConfig)
    i.TIM_TI1_ConfigInputStage               0x08003720   Section        0  stm32f1xx_hal_tim.o(i.TIM_TI1_ConfigInputStage)
    TIM_TI1_ConfigInputStage                 0x08003721   Thumb Code    34  stm32f1xx_hal_tim.o(i.TIM_TI1_ConfigInputStage)
    i.TIM_TI2_ConfigInputStage               0x08003742   Section        0  stm32f1xx_hal_tim.o(i.TIM_TI2_ConfigInputStage)
    TIM_TI2_ConfigInputStage                 0x08003743   Thumb Code    36  stm32f1xx_hal_tim.o(i.TIM_TI2_ConfigInputStage)
    i.UART_DMAAbortOnError                   0x08003766   Section        0  stm32f1xx_hal_uart.o(i.UART_DMAAbortOnError)
    UART_DMAAbortOnError                     0x08003767   Thumb Code    16  stm32f1xx_hal_uart.o(i.UART_DMAAbortOnError)
    i.UART_DMAError                          0x08003776   Section        0  stm32f1xx_hal_uart.o(i.UART_DMAError)
    UART_DMAError                            0x08003777   Thumb Code    74  stm32f1xx_hal_uart.o(i.UART_DMAError)
    i.UART_DMATransmitCplt                   0x080037c0   Section        0  stm32f1xx_hal_uart.o(i.UART_DMATransmitCplt)
    UART_DMATransmitCplt                     0x080037c1   Thumb Code    46  stm32f1xx_hal_uart.o(i.UART_DMATransmitCplt)
    i.UART_DMATxHalfCplt                     0x080037ee   Section        0  stm32f1xx_hal_uart.o(i.UART_DMATxHalfCplt)
    UART_DMATxHalfCplt                       0x080037ef   Thumb Code    10  stm32f1xx_hal_uart.o(i.UART_DMATxHalfCplt)
    i.UART_EndRxTransfer                     0x080037f8   Section        0  stm32f1xx_hal_uart.o(i.UART_EndRxTransfer)
    UART_EndRxTransfer                       0x080037f9   Thumb Code    28  stm32f1xx_hal_uart.o(i.UART_EndRxTransfer)
    i.UART_EndTxTransfer                     0x08003814   Section        0  stm32f1xx_hal_uart.o(i.UART_EndTxTransfer)
    UART_EndTxTransfer                       0x08003815   Thumb Code    18  stm32f1xx_hal_uart.o(i.UART_EndTxTransfer)
    i.UART_Receive_IT                        0x08003826   Section        0  stm32f1xx_hal_uart.o(i.UART_Receive_IT)
    UART_Receive_IT                          0x08003827   Thumb Code   150  stm32f1xx_hal_uart.o(i.UART_Receive_IT)
    i.UART_SetConfig                         0x080038bc   Section        0  stm32f1xx_hal_uart.o(i.UART_SetConfig)
    UART_SetConfig                           0x080038bd   Thumb Code   364  stm32f1xx_hal_uart.o(i.UART_SetConfig)
    i.UART_Transmit_IT                       0x08003a2c   Section        0  stm32f1xx_hal_uart.o(i.UART_Transmit_IT)
    UART_Transmit_IT                         0x08003a2d   Thumb Code    98  stm32f1xx_hal_uart.o(i.UART_Transmit_IT)
    i.USART1_IRQHandler                      0x08003a90   Section        0  stm32f1xx_it.o(i.USART1_IRQHandler)
    i.USART2_IRQHandler                      0x08003a9c   Section        0  stm32f1xx_it.o(i.USART2_IRQHandler)
    i.USART3_IRQHandler                      0x08003aa8   Section        0  stm32f1xx_it.o(i.USART3_IRQHandler)
    i.USBD_ClrClassConfig                    0x08003ab4   Section        0  usbd_core.o(i.USBD_ClrClassConfig)
    i.USBD_CtlContinueRx                     0x08003ac2   Section        0  usbd_ioreq.o(i.USBD_CtlContinueRx)
    i.USBD_CtlContinueSendData               0x08003ad2   Section        0  usbd_ioreq.o(i.USBD_CtlContinueSendData)
    i.USBD_CtlError                          0x08003ae2   Section        0  usbd_ctlreq.o(i.USBD_CtlError)
    i.USBD_CtlReceiveStatus                  0x08003af8   Section        0  usbd_ioreq.o(i.USBD_CtlReceiveStatus)
    i.USBD_CtlSendData                       0x08003b0e   Section        0  usbd_ioreq.o(i.USBD_CtlSendData)
    i.USBD_CtlSendStatus                     0x08003b28   Section        0  usbd_ioreq.o(i.USBD_CtlSendStatus)
    i.USBD_FS_ConfigStrDescriptor            0x08003b40   Section        0  usbd_desc.o(i.USBD_FS_ConfigStrDescriptor)
    i.USBD_FS_DeviceDescriptor               0x08003b60   Section        0  usbd_desc.o(i.USBD_FS_DeviceDescriptor)
    i.USBD_FS_InterfaceStrDescriptor         0x08003b6c   Section        0  usbd_desc.o(i.USBD_FS_InterfaceStrDescriptor)
    i.USBD_FS_LangIDStrDescriptor            0x08003b90   Section        0  usbd_desc.o(i.USBD_FS_LangIDStrDescriptor)
    i.USBD_FS_ManufacturerStrDescriptor      0x08003b9c   Section        0  usbd_desc.o(i.USBD_FS_ManufacturerStrDescriptor)
    i.USBD_FS_ProductStrDescriptor           0x08003bc4   Section        0  usbd_desc.o(i.USBD_FS_ProductStrDescriptor)
    i.USBD_FS_SerialStrDescriptor            0x08003bec   Section        0  usbd_desc.o(i.USBD_FS_SerialStrDescriptor)
    i.USBD_GetDescriptor                     0x08003c24   Section        0  usbd_ctlreq.o(i.USBD_GetDescriptor)
    USBD_GetDescriptor                       0x08003c25   Thumb Code   224  usbd_ctlreq.o(i.USBD_GetDescriptor)
    i.USBD_GetString                         0x08003d04   Section        0  usbd_ctlreq.o(i.USBD_GetString)
    i.USBD_Get_USB_Status                    0x08003d4a   Section        0  usbd_conf.o(i.USBD_Get_USB_Status)
    USBD_Get_USB_Status                      0x08003d4b   Thumb Code    24  usbd_conf.o(i.USBD_Get_USB_Status)
    i.USBD_Init                              0x08003d62   Section        0  usbd_core.o(i.USBD_Init)
    i.USBD_LL_ClearStallEP                   0x08003d8c   Section        0  usbd_conf.o(i.USBD_LL_ClearStallEP)
    i.USBD_LL_CloseEP                        0x08003d9e   Section        0  usbd_conf.o(i.USBD_LL_CloseEP)
    i.USBD_LL_DataInStage                    0x08003db0   Section        0  usbd_core.o(i.USBD_LL_DataInStage)
    i.USBD_LL_DataOutStage                   0x08003e5a   Section        0  usbd_core.o(i.USBD_LL_DataOutStage)
    i.USBD_LL_FlushEP                        0x08003ec4   Section        0  usbd_conf.o(i.USBD_LL_FlushEP)
    i.USBD_LL_GetRxDataSize                  0x08003ed6   Section        0  usbd_conf.o(i.USBD_LL_GetRxDataSize)
    i.USBD_LL_Init                           0x08003ee0   Section        0  usbd_conf.o(i.USBD_LL_Init)
    i.USBD_LL_IsStallEP                      0x08003f50   Section        0  usbd_conf.o(i.USBD_LL_IsStallEP)
    i.USBD_LL_OpenEP                         0x08003f6c   Section        0  usbd_conf.o(i.USBD_LL_OpenEP)
    i.USBD_LL_PrepareReceive                 0x08003f84   Section        0  usbd_conf.o(i.USBD_LL_PrepareReceive)
    i.USBD_LL_Reset                          0x08003f96   Section        0  usbd_core.o(i.USBD_LL_Reset)
    i.USBD_LL_Resume                         0x08003fd4   Section        0  usbd_core.o(i.USBD_LL_Resume)
    i.USBD_LL_SOF                            0x08003fe0   Section        0  usbd_core.o(i.USBD_LL_SOF)
    i.USBD_LL_SetSpeed                       0x08003ff8   Section        0  usbd_core.o(i.USBD_LL_SetSpeed)
    i.USBD_LL_SetUSBAddress                  0x08003ffe   Section        0  usbd_conf.o(i.USBD_LL_SetUSBAddress)
    i.USBD_LL_SetupStage                     0x08004010   Section        0  usbd_core.o(i.USBD_LL_SetupStage)
    i.USBD_LL_StallEP                        0x0800406a   Section        0  usbd_conf.o(i.USBD_LL_StallEP)
    i.USBD_LL_Start                          0x0800407c   Section        0  usbd_conf.o(i.USBD_LL_Start)
    i.USBD_LL_Suspend                        0x0800408e   Section        0  usbd_core.o(i.USBD_LL_Suspend)
    i.USBD_LL_Transmit                       0x080040a0   Section        0  usbd_conf.o(i.USBD_LL_Transmit)
    i.USBD_MSC_DataIn                        0x080040b2   Section        0  usbd_msc.o(i.USBD_MSC_DataIn)
    i.USBD_MSC_DataOut                       0x080040bc   Section        0  usbd_msc.o(i.USBD_MSC_DataOut)
    i.USBD_MSC_DeInit                        0x080040c6   Section        0  usbd_msc.o(i.USBD_MSC_DeInit)
    i.USBD_MSC_GetDeviceQualifierDescriptor  0x080040f4   Section        0  usbd_msc.o(i.USBD_MSC_GetDeviceQualifierDescriptor)
    i.USBD_MSC_GetFSCfgDesc                  0x08004100   Section        0  usbd_msc.o(i.USBD_MSC_GetFSCfgDesc)
    i.USBD_MSC_GetHSCfgDesc                  0x0800410c   Section        0  usbd_msc.o(i.USBD_MSC_GetHSCfgDesc)
    i.USBD_MSC_GetOtherSpeedCfgDesc          0x08004118   Section        0  usbd_msc.o(i.USBD_MSC_GetOtherSpeedCfgDesc)
    i.USBD_MSC_Init                          0x08004124   Section        0  usbd_msc.o(i.USBD_MSC_Init)
    i.USBD_MSC_RegisterStorage               0x08004176   Section        0  usbd_msc.o(i.USBD_MSC_RegisterStorage)
    i.USBD_MSC_Setup                         0x08004180   Section        0  usbd_msc.o(i.USBD_MSC_Setup)
    i.USBD_ParseSetupRequest                 0x08004242   Section        0  usbd_ctlreq.o(i.USBD_ParseSetupRequest)
    i.USBD_RegisterClass                     0x0800426a   Section        0  usbd_core.o(i.USBD_RegisterClass)
    i.USBD_SetClassConfig                    0x0800427a   Section        0  usbd_core.o(i.USBD_SetClassConfig)
    i.USBD_SetConfig                         0x08004290   Section        0  usbd_ctlreq.o(i.USBD_SetConfig)
    USBD_SetConfig                           0x08004291   Thumb Code   110  usbd_ctlreq.o(i.USBD_SetConfig)
    i.USBD_Start                             0x08004304   Section        0  usbd_core.o(i.USBD_Start)
    i.USBD_StdDevReq                         0x0800430e   Section        0  usbd_ctlreq.o(i.USBD_StdDevReq)
    i.USBD_StdEPReq                          0x08004400   Section        0  usbd_ctlreq.o(i.USBD_StdEPReq)
    i.USBD_StdItfReq                         0x080044dc   Section        0  usbd_ctlreq.o(i.USBD_StdItfReq)
    i.USBD_static_free                       0x08004510   Section        0  usbd_conf.o(i.USBD_static_free)
    i.USBD_static_malloc                     0x08004514   Section        0  usbd_conf.o(i.USBD_static_malloc)
    i.USB_ActivateEndpoint                   0x0800451c   Section        0  stm32f1xx_ll_usb.o(i.USB_ActivateEndpoint)
    i.USB_CoreInit                           0x08004778   Section        0  stm32f1xx_ll_usb.o(i.USB_CoreInit)
    i.USB_DeactivateEndpoint                 0x0800477c   Section        0  stm32f1xx_ll_usb.o(i.USB_DeactivateEndpoint)
    i.USB_DevConnect                         0x080048a0   Section        0  stm32f1xx_ll_usb.o(i.USB_DevConnect)
    i.USB_DevDisconnect                      0x080048a4   Section        0  stm32f1xx_ll_usb.o(i.USB_DevDisconnect)
    i.USB_DevInit                            0x080048a8   Section        0  stm32f1xx_ll_usb.o(i.USB_DevInit)
    i.USB_DisableGlobalInt                   0x080048c6   Section        0  stm32f1xx_ll_usb.o(i.USB_DisableGlobalInt)
    i.USB_EP0_OutStart                       0x080048d4   Section        0  stm32f1xx_ll_usb.o(i.USB_EP0_OutStart)
    i.USB_EPClearStall                       0x080048d8   Section        0  stm32f1xx_ll_usb.o(i.USB_EPClearStall)
    i.USB_EPSetStall                         0x08004942   Section        0  stm32f1xx_ll_usb.o(i.USB_EPSetStall)
    i.USB_EPStartXfer                        0x0800498c   Section        0  stm32f1xx_ll_usb.o(i.USB_EPStartXfer)
    i.USB_EnableGlobalInt                    0x08004b36   Section        0  stm32f1xx_ll_usb.o(i.USB_EnableGlobalInt)
    i.USB_FlushRxFifo                        0x08004b44   Section        0  stm32f1xx_ll_usb.o(i.USB_FlushRxFifo)
    i.USB_FlushTxFifo                        0x08004b48   Section        0  stm32f1xx_ll_usb.o(i.USB_FlushTxFifo)
    i.USB_LP_CAN1_RX0_IRQHandler             0x08004b4c   Section        0  stm32f1xx_it.o(i.USB_LP_CAN1_RX0_IRQHandler)
    i.USB_ReadInterrupts                     0x08004b68   Section        0  stm32f1xx_ll_usb.o(i.USB_ReadInterrupts)
    i.USB_ReadPMA                            0x08004b70   Section        0  stm32f1xx_ll_usb.o(i.USB_ReadPMA)
    i.USB_SetCurrentMode                     0x08004b8e   Section        0  stm32f1xx_ll_usb.o(i.USB_SetCurrentMode)
    i.USB_SetDevAddress                      0x08004b92   Section        0  stm32f1xx_ll_usb.o(i.USB_SetDevAddress)
    i.USB_WritePMA                           0x08004b9e   Section        0  stm32f1xx_ll_usb.o(i.USB_WritePMA)
    i.USER_initialize                        0x08004bc4   Section        0  user_diskio.o(i.USER_initialize)
    i.USER_ioctl                             0x08004bd4   Section        0  user_diskio.o(i.USER_ioctl)
    i.USER_read                              0x08004bd8   Section        0  user_diskio.o(i.USER_read)
    i.USER_status                            0x08004bdc   Section        0  user_diskio.o(i.USER_status)
    i.USER_write                             0x08004bec   Section        0  user_diskio.o(i.USER_write)
    i.UsageFault_Handler                     0x08004bf0   Section        0  stm32f1xx_it.o(i.UsageFault_Handler)
    i.__scatterload_copy                     0x08004bf2   Section       14  handlers.o(i.__scatterload_copy)
    i.__scatterload_null                     0x08004c00   Section        2  handlers.o(i.__scatterload_null)
    i.__scatterload_zeroinit                 0x08004c02   Section       14  handlers.o(i.__scatterload_zeroinit)
    i.main                                   0x08004c10   Section        0  main.o(i.main)
    .constdata                               0x08004c74   Section       36  usbd_storage_if.o(.constdata)
    .constdata                               0x08004c98   Section       16  system_stm32f1xx.o(.constdata)
    .constdata                               0x08004ca8   Section        8  system_stm32f1xx.o(.constdata)
    .constdata                               0x08004cb0   Section        7  usbd_msc_data.o(.constdata)
    .constdata                               0x08004cb7   Section        8  usbd_msc_data.o(.constdata)
    .constdata                               0x08004cbf   Section        8  usbd_msc_data.o(.constdata)
    .data                                    0x20000000   Section       27  main.o(.data)
    .data                                    0x2000001b   Section        1  user_diskio.o(.data)
    Stat                                     0x2000001b   Data           1  user_diskio.o(.data)
    .data                                    0x2000001c   Section       20  user_diskio.o(.data)
    .data                                    0x20000030   Section        5  fatfs.o(.data)
    .data                                    0x20000038   Section       28  usbd_desc.o(.data)
    .data                                    0x20000054   Section       50  usbd_desc.o(.data)
    .data                                    0x20000088   Section       32  usbd_storage_if.o(.data)
    .data                                    0x200000a8   Section       12  stm32f1xx_hal.o(.data)
    .data                                    0x200000b4   Section        4  system_stm32f1xx.o(.data)
    .data                                    0x200000b8   Section        1  usbd_ctlreq.o(.data)
    cfgidx                                   0x200000b8   Data           1  usbd_ctlreq.o(.data)
    .data                                    0x200000bc   Section       56  usbd_msc.o(.data)
    .data                                    0x200000f4   Section      106  usbd_msc.o(.data)
    .data                                    0x20000160   Section        4  user_usart.o(.data)
    i                                        0x20000160   Data           4  user_usart.o(.data)
    .bss                                     0x20000164   Section       48  adc.o(.bss)
    .bss                                     0x20000194   Section       40  can.o(.bss)
    .bss                                     0x200001bc   Section       84  i2c.o(.bss)
    .bss                                     0x20000210   Section      224  spi.o(.bss)
    .bss                                     0x200002f0   Section      256  tim.o(.bss)
    .bss                                     0x200003f0   Section      464  usart.o(.bss)
    .bss                                     0x200005c0   Section      548  usb_device.o(.bss)
    .bss                                     0x200007e4   Section     1744  usbd_conf.o(.bss)
    mem                                      0x200007e4   Data         624  usbd_conf.o(.bss)
    .bss                                     0x20000eb4   Section      512  usbd_desc.o(.bss)
    .bss                                     0x200010b4   Section       12  ff_gen_drv.o(.bss)
    STACK                                    0x200010c0   Section     1024  startup_stm32f103xb.o(STACK)

    Global Symbols

    Symbol Name                              Value     Ov Type        Size  Object(Section)

    BuildAttributes$$THM_ISAv4$P$D$K$B$S$PE$A:L22UL41UL21$X:L11$S22US41US21$IEEE1$IW$USESV6$~STKCKD$USESV7$~SHL$OSPACE$EBA8$MICROLIB$REQ8$PRES8$EABIv2 0x00000000   Number         0  anon$$obj.o ABSOLUTE
    __ARM_use_no_argv                        0x00000000   Number         0  main.o ABSOLUTE
    __cpp_initialize__aeabi_                  - Undefined Weak Reference
    __cxa_finalize                            - Undefined Weak Reference
    _clock_init                               - Undefined Weak Reference
    _microlib_exit                            - Undefined Weak Reference
    __Vectors_Size                           0x000000ec   Number         0  startup_stm32f103xb.o ABSOLUTE
    __Vectors                                0x08000000   Data           4  startup_stm32f103xb.o(RESET)
    __Vectors_End                            0x080000ec   Data           0  startup_stm32f103xb.o(RESET)
    __main                                   0x080000ed   Thumb Code     0  entry.o(.ARM.Collect$$$$00000000)
    _main_stk                                0x080000ed   Thumb Code     0  entry2.o(.ARM.Collect$$$$00000001)
    _main_scatterload                        0x080000f1   Thumb Code     0  entry5.o(.ARM.Collect$$$$00000004)
    __main_after_scatterload                 0x080000f5   Thumb Code     0  entry5.o(.ARM.Collect$$$$00000004)
    _main_clock                              0x080000f5   Thumb Code     0  entry7b.o(.ARM.Collect$$$$00000008)
    _main_cpp_init                           0x080000f5   Thumb Code     0  entry8b.o(.ARM.Collect$$$$0000000A)
    _main_init                               0x080000f5   Thumb Code     0  entry9a.o(.ARM.Collect$$$$0000000B)
    __rt_final_cpp                           0x080000fd   Thumb Code     0  entry10a.o(.ARM.Collect$$$$0000000D)
    __rt_final_exit                          0x080000fd   Thumb Code     0  entry11a.o(.ARM.Collect$$$$0000000F)
    Reset_Handler                            0x08000101   Thumb Code     8  startup_stm32f103xb.o(.text)
    ADC1_2_IRQHandler                        0x0800011b   Thumb Code     0  startup_stm32f103xb.o(.text)
    CAN1_RX1_IRQHandler                      0x0800011b   Thumb Code     0  startup_stm32f103xb.o(.text)
    CAN1_SCE_IRQHandler                      0x0800011b   Thumb Code     0  startup_stm32f103xb.o(.text)
    DMA1_Channel1_IRQHandler                 0x0800011b   Thumb Code     0  startup_stm32f103xb.o(.text)
    EXTI0_IRQHandler                         0x0800011b   Thumb Code     0  startup_stm32f103xb.o(.text)
    EXTI15_10_IRQHandler                     0x0800011b   Thumb Code     0  startup_stm32f103xb.o(.text)
    EXTI1_IRQHandler                         0x0800011b   Thumb Code     0  startup_stm32f103xb.o(.text)
    EXTI2_IRQHandler                         0x0800011b   Thumb Code     0  startup_stm32f103xb.o(.text)
    EXTI3_IRQHandler                         0x0800011b   Thumb Code     0  startup_stm32f103xb.o(.text)
    EXTI4_IRQHandler                         0x0800011b   Thumb Code     0  startup_stm32f103xb.o(.text)
    EXTI9_5_IRQHandler                       0x0800011b   Thumb Code     0  startup_stm32f103xb.o(.text)
    FLASH_IRQHandler                         0x0800011b   Thumb Code     0  startup_stm32f103xb.o(.text)
    I2C1_ER_IRQHandler                       0x0800011b   Thumb Code     0  startup_stm32f103xb.o(.text)
    I2C1_EV_IRQHandler                       0x0800011b   Thumb Code     0  startup_stm32f103xb.o(.text)
    I2C2_ER_IRQHandler                       0x0800011b   Thumb Code     0  startup_stm32f103xb.o(.text)
    I2C2_EV_IRQHandler                       0x0800011b   Thumb Code     0  startup_stm32f103xb.o(.text)
    PVD_IRQHandler                           0x0800011b   Thumb Code     0  startup_stm32f103xb.o(.text)
    RCC_IRQHandler                           0x0800011b   Thumb Code     0  startup_stm32f103xb.o(.text)
    RTC_Alarm_IRQHandler                     0x0800011b   Thumb Code     0  startup_stm32f103xb.o(.text)
    RTC_IRQHandler                           0x0800011b   Thumb Code     0  startup_stm32f103xb.o(.text)
    SPI2_IRQHandler                          0x0800011b   Thumb Code     0  startup_stm32f103xb.o(.text)
    TAMPER_IRQHandler                        0x0800011b   Thumb Code     0  startup_stm32f103xb.o(.text)
    TIM1_BRK_IRQHandler                      0x0800011b   Thumb Code     0  startup_stm32f103xb.o(.text)
    TIM1_CC_IRQHandler                       0x0800011b   Thumb Code     0  startup_stm32f103xb.o(.text)
    TIM1_TRG_COM_IRQHandler                  0x0800011b   Thumb Code     0  startup_stm32f103xb.o(.text)
    USBWakeUp_IRQHandler                     0x0800011b   Thumb Code     0  startup_stm32f103xb.o(.text)
    USB_HP_CAN1_TX_IRQHandler                0x0800011b   Thumb Code     0  startup_stm32f103xb.o(.text)
    WWDG_IRQHandler                          0x0800011b   Thumb Code     0  startup_stm32f103xb.o(.text)
    __aeabi_memcpy                           0x08000125   Thumb Code    36  memcpya.o(.text)
    __aeabi_memcpy4                          0x08000125   Thumb Code     0  memcpya.o(.text)
    __aeabi_memcpy8                          0x08000125   Thumb Code     0  memcpya.o(.text)
    __aeabi_memset                           0x08000149   Thumb Code    14  memseta.o(.text)
    __aeabi_memset4                          0x08000149   Thumb Code     0  memseta.o(.text)
    __aeabi_memset8                          0x08000149   Thumb Code     0  memseta.o(.text)
    __aeabi_memclr                           0x08000157   Thumb Code     4  memseta.o(.text)
    __aeabi_memclr4                          0x08000157   Thumb Code     0  memseta.o(.text)
    __aeabi_memclr8                          0x08000157   Thumb Code     0  memseta.o(.text)
    _memset$wrapper                          0x0800015b   Thumb Code    18  memseta.o(.text)
    __scatterload                            0x0800016d   Thumb Code    28  init.o(.text)
    __scatterload_rt2                        0x0800016d   Thumb Code     0  init.o(.text)
    __decompress                             0x08000191   Thumb Code     0  __dczerorl2.o(.text)
    __decompress1                            0x08000191   Thumb Code    86  __dczerorl2.o(.text)
    ADC_ConversionStop_Disable               0x080001e9   Thumb Code    76  stm32f1xx_hal_adc.o(i.ADC_ConversionStop_Disable)
    BusFault_Handler                         0x08000235   Thumb Code     2  stm32f1xx_it.o(i.BusFault_Handler)
    DMA1_Channel2_IRQHandler                 0x08000239   Thumb Code     6  stm32f1xx_it.o(i.DMA1_Channel2_IRQHandler)
    DMA1_Channel3_IRQHandler                 0x08000245   Thumb Code     6  stm32f1xx_it.o(i.DMA1_Channel3_IRQHandler)
    DMA1_Channel4_IRQHandler                 0x08000251   Thumb Code     6  stm32f1xx_it.o(i.DMA1_Channel4_IRQHandler)
    DMA1_Channel5_IRQHandler                 0x0800025d   Thumb Code     6  stm32f1xx_it.o(i.DMA1_Channel5_IRQHandler)
    DMA1_Channel6_IRQHandler                 0x08000269   Thumb Code     6  stm32f1xx_it.o(i.DMA1_Channel6_IRQHandler)
    DMA1_Channel7_IRQHandler                 0x08000275   Thumb Code     6  stm32f1xx_it.o(i.DMA1_Channel7_IRQHandler)
    DebugMon_Handler                         0x080002ab   Thumb Code     2  stm32f1xx_it.o(i.DebugMon_Handler)
    Error_Handler                            0x080002ad   Thumb Code     2  main.o(i.Error_Handler)
    FATFS_LinkDriver                         0x080002af   Thumb Code     6  ff_gen_drv.o(i.FATFS_LinkDriver)
    FATFS_LinkDriverEx                       0x080002b5   Thumb Code    60  ff_gen_drv.o(i.FATFS_LinkDriverEx)
    HAL_ADC_ConfigChannel                    0x080002f5   Thumb Code   240  stm32f1xx_hal_adc.o(i.HAL_ADC_ConfigChannel)
    HAL_ADC_Init                             0x080003f1   Thumb Code   272  stm32f1xx_hal_adc.o(i.HAL_ADC_Init)
    HAL_ADC_MspInit                          0x0800050d   Thumb Code    74  adc.o(i.HAL_ADC_MspInit)
    HAL_CAN_ErrorCallback                    0x08000565   Thumb Code     2  stm32f1xx_hal_can.o(i.HAL_CAN_ErrorCallback)
    HAL_CAN_IRQHandler                       0x08000567   Thumb Code   508  stm32f1xx_hal_can.o(i.HAL_CAN_IRQHandler)
    HAL_CAN_Init                             0x08000763   Thumb Code   282  stm32f1xx_hal_can.o(i.HAL_CAN_Init)
    HAL_CAN_MspInit                          0x0800087d   Thumb Code   130  can.o(i.HAL_CAN_MspInit)
    HAL_CAN_RxFifo0FullCallback              0x08000911   Thumb Code     2  stm32f1xx_hal_can.o(i.HAL_CAN_RxFifo0FullCallback)
    HAL_CAN_RxFifo0MsgPendingCallback        0x08000913   Thumb Code     2  stm32f1xx_hal_can.o(i.HAL_CAN_RxFifo0MsgPendingCallback)
    HAL_CAN_RxFifo1FullCallback              0x08000915   Thumb Code     2  stm32f1xx_hal_can.o(i.HAL_CAN_RxFifo1FullCallback)
    HAL_CAN_RxFifo1MsgPendingCallback        0x08000917   Thumb Code     2  stm32f1xx_hal_can.o(i.HAL_CAN_RxFifo1MsgPendingCallback)
    HAL_CAN_SleepCallback                    0x08000919   Thumb Code     2  stm32f1xx_hal_can.o(i.HAL_CAN_SleepCallback)
    HAL_CAN_TxMailbox0AbortCallback          0x0800091b   Thumb Code     2  stm32f1xx_hal_can.o(i.HAL_CAN_TxMailbox0AbortCallback)
    HAL_CAN_TxMailbox0CompleteCallback       0x0800091d   Thumb Code     2  stm32f1xx_hal_can.o(i.HAL_CAN_TxMailbox0CompleteCallback)
    HAL_CAN_TxMailbox1AbortCallback          0x0800091f   Thumb Code     2  stm32f1xx_hal_can.o(i.HAL_CAN_TxMailbox1AbortCallback)
    HAL_CAN_TxMailbox1CompleteCallback       0x08000921   Thumb Code     2  stm32f1xx_hal_can.o(i.HAL_CAN_TxMailbox1CompleteCallback)
    HAL_CAN_TxMailbox2AbortCallback          0x08000923   Thumb Code     2  stm32f1xx_hal_can.o(i.HAL_CAN_TxMailbox2AbortCallback)
    HAL_CAN_TxMailbox2CompleteCallback       0x08000925   Thumb Code     2  stm32f1xx_hal_can.o(i.HAL_CAN_TxMailbox2CompleteCallback)
    HAL_CAN_WakeUpFromRxMsgCallback          0x08000927   Thumb Code     2  stm32f1xx_hal_can.o(i.HAL_CAN_WakeUpFromRxMsgCallback)
    HAL_DMA_Abort_IT                         0x08000929   Thumb Code   148  stm32f1xx_hal_dma.o(i.HAL_DMA_Abort_IT)
    HAL_DMA_IRQHandler                       0x080009c1   Thumb Code   316  stm32f1xx_hal_dma.o(i.HAL_DMA_IRQHandler)
    HAL_DMA_Init                             0x08000b15   Thumb Code    84  stm32f1xx_hal_dma.o(i.HAL_DMA_Init)
    HAL_DMA_Start_IT                         0x08000b71   Thumb Code   112  stm32f1xx_hal_dma.o(i.HAL_DMA_Start_IT)
    HAL_Delay                                0x08000be1   Thumb Code    32  stm32f1xx_hal.o(i.HAL_Delay)
    HAL_GPIO_Init                            0x08000c05   Thumb Code   408  stm32f1xx_hal_gpio.o(i.HAL_GPIO_Init)
    HAL_GetTick                              0x08000dc1   Thumb Code     6  stm32f1xx_hal.o(i.HAL_GetTick)
    HAL_I2C_Init                             0x08000dcd   Thumb Code   302  stm32f1xx_hal_i2c.o(i.HAL_I2C_Init)
    HAL_I2C_MspInit                          0x08000f0d   Thumb Code    80  i2c.o(i.HAL_I2C_MspInit)
    HAL_IncTick                              0x08000f69   Thumb Code    12  stm32f1xx_hal.o(i.HAL_IncTick)
    HAL_Init                                 0x08000f79   Thumb Code    32  stm32f1xx_hal.o(i.HAL_Init)
    HAL_InitTick                             0x08000f9d   Thumb Code    54  stm32f1xx_hal.o(i.HAL_InitTick)
    HAL_MspInit                              0x08000fdd   Thumb Code    52  stm32f1xx_hal_msp.o(i.HAL_MspInit)
    HAL_NVIC_EnableIRQ                       0x08001019   Thumb Code    22  stm32f1xx_hal_cortex.o(i.HAL_NVIC_EnableIRQ)
    HAL_NVIC_SetPriority                     0x08001031   Thumb Code    60  stm32f1xx_hal_cortex.o(i.HAL_NVIC_SetPriority)
    HAL_NVIC_SetPriorityGrouping             0x08001071   Thumb Code    26  stm32f1xx_hal_cortex.o(i.HAL_NVIC_SetPriorityGrouping)
    HAL_PCDEx_PMAConfig                      0x08001095   Thumb Code    52  stm32f1xx_hal_pcd_ex.o(i.HAL_PCDEx_PMAConfig)
    HAL_PCDEx_SetConnectionState             0x080010c9   Thumb Code     2  usbd_conf.o(i.HAL_PCDEx_SetConnectionState)
    HAL_PCD_DataInStageCallback              0x080010cb   Thumb Code    14  usbd_conf.o(i.HAL_PCD_DataInStageCallback)
    HAL_PCD_DataOutStageCallback             0x080010d9   Thumb Code    16  usbd_conf.o(i.HAL_PCD_DataOutStageCallback)
    HAL_PCD_EP_Close                         0x080010e9   Thumb Code    64  stm32f1xx_hal_pcd.o(i.HAL_PCD_EP_Close)
    HAL_PCD_EP_ClrStall                      0x08001129   Thumb Code    72  stm32f1xx_hal_pcd.o(i.HAL_PCD_EP_ClrStall)
    HAL_PCD_EP_Flush                         0x08001171   Thumb Code    52  stm32f1xx_hal_pcd.o(i.HAL_PCD_EP_Flush)
    HAL_PCD_EP_GetRxCount                    0x080011a5   Thumb Code    16  stm32f1xx_hal_pcd.o(i.HAL_PCD_EP_GetRxCount)
    HAL_PCD_EP_Open                          0x080011b5   Thumb Code    68  stm32f1xx_hal_pcd.o(i.HAL_PCD_EP_Open)
    HAL_PCD_EP_Receive                       0x080011f9   Thumb Code    46  stm32f1xx_hal_pcd.o(i.HAL_PCD_EP_Receive)
    HAL_PCD_EP_SetStall                      0x08001227   Thumb Code    86  stm32f1xx_hal_pcd.o(i.HAL_PCD_EP_SetStall)
    HAL_PCD_EP_Transmit                      0x0800127d   Thumb Code    42  stm32f1xx_hal_pcd.o(i.HAL_PCD_EP_Transmit)
    HAL_PCD_IRQHandler                       0x080012a7   Thumb Code   268  stm32f1xx_hal_pcd.o(i.HAL_PCD_IRQHandler)
    HAL_PCD_Init                             0x080013b5   Thumb Code   192  stm32f1xx_hal_pcd.o(i.HAL_PCD_Init)
    HAL_PCD_MspInit                          0x08001475   Thumb Code    50  usbd_conf.o(i.HAL_PCD_MspInit)
    HAL_PCD_ResetCallback                    0x080014b1   Thumb Code    38  usbd_conf.o(i.HAL_PCD_ResetCallback)
    HAL_PCD_ResumeCallback                   0x080014d7   Thumb Code     8  usbd_conf.o(i.HAL_PCD_ResumeCallback)
    HAL_PCD_SOFCallback                      0x080014df   Thumb Code     8  usbd_conf.o(i.HAL_PCD_SOFCallback)
    HAL_PCD_SetAddress                       0x080014e7   Thumb Code    40  stm32f1xx_hal_pcd.o(i.HAL_PCD_SetAddress)
    HAL_PCD_SetupStageCallback               0x0800150f   Thumb Code    14  usbd_conf.o(i.HAL_PCD_SetupStageCallback)
    HAL_PCD_Start                            0x0800151d   Thumb Code    50  stm32f1xx_hal_pcd.o(i.HAL_PCD_Start)
    HAL_PCD_SuspendCallback                  0x08001551   Thumb Code    30  usbd_conf.o(i.HAL_PCD_SuspendCallback)
    HAL_RCCEx_PeriphCLKConfig                0x08001575   Thumb Code   224  stm32f1xx_hal_rcc_ex.o(i.HAL_RCCEx_PeriphCLKConfig)
    HAL_RCC_ClockConfig                      0x08001661   Thumb Code   346  stm32f1xx_hal_rcc.o(i.HAL_RCC_ClockConfig)
    HAL_RCC_GetPCLK1Freq                     0x080017cd   Thumb Code    20  stm32f1xx_hal_rcc.o(i.HAL_RCC_GetPCLK1Freq)
    HAL_RCC_GetPCLK2Freq                     0x080017ed   Thumb Code    20  stm32f1xx_hal_rcc.o(i.HAL_RCC_GetPCLK2Freq)
    HAL_RCC_GetSysClockFreq                  0x0800180d   Thumb Code    74  stm32f1xx_hal_rcc.o(i.HAL_RCC_GetSysClockFreq)
    HAL_RCC_OscConfig                        0x08001879   Thumb Code   750  stm32f1xx_hal_rcc.o(i.HAL_RCC_OscConfig)
    HAL_SPI_ErrorCallback                    0x08001b7d   Thumb Code     2  stm32f1xx_hal_spi.o(i.HAL_SPI_ErrorCallback)
    HAL_SPI_IRQHandler                       0x08001b81   Thumb Code   190  stm32f1xx_hal_spi.o(i.HAL_SPI_IRQHandler)
    HAL_SPI_Init                             0x08001c45   Thumb Code   130  stm32f1xx_hal_spi_ex.o(i.HAL_SPI_Init)
    HAL_SPI_MspInit                          0x08001cc9   Thumb Code   196  spi.o(i.HAL_SPI_MspInit)
    HAL_SYSTICK_Config                       0x08001da1   Thumb Code    40  stm32f1xx_hal_cortex.o(i.HAL_SYSTICK_Config)
    HAL_TIMEx_BreakCallback                  0x08001dc9   Thumb Code     2  stm32f1xx_hal_tim_ex.o(i.HAL_TIMEx_BreakCallback)
    HAL_TIMEx_CommutationCallback            0x08001dcb   Thumb Code     2  stm32f1xx_hal_tim_ex.o(i.HAL_TIMEx_CommutationCallback)
    HAL_TIMEx_MasterConfigSynchronization    0x08001dcd   Thumb Code    80  stm32f1xx_hal_tim_ex.o(i.HAL_TIMEx_MasterConfigSynchronization)
    HAL_TIM_Base_Init                        0x08001e1d   Thumb Code    54  stm32f1xx_hal_tim.o(i.HAL_TIM_Base_Init)
    HAL_TIM_Base_MspInit                     0x08001e55   Thumb Code   158  tim.o(i.HAL_TIM_Base_MspInit)
    HAL_TIM_ConfigClockSource                0x08001f05   Thumb Code   242  stm32f1xx_hal_tim.o(i.HAL_TIM_ConfigClockSource)
    HAL_TIM_IC_CaptureCallback               0x08001ff7   Thumb Code     2  stm32f1xx_hal_tim.o(i.HAL_TIM_IC_CaptureCallback)
    HAL_TIM_IRQHandler                       0x08001ff9   Thumb Code   358  stm32f1xx_hal_tim.o(i.HAL_TIM_IRQHandler)
    HAL_TIM_OC_DelayElapsedCallback          0x0800215f   Thumb Code     2  stm32f1xx_hal_tim.o(i.HAL_TIM_OC_DelayElapsedCallback)
    HAL_TIM_PWM_PulseFinishedCallback        0x08002161   Thumb Code     2  stm32f1xx_hal_tim.o(i.HAL_TIM_PWM_PulseFinishedCallback)
    HAL_TIM_PeriodElapsedCallback            0x08002163   Thumb Code     2  stm32f1xx_hal_tim.o(i.HAL_TIM_PeriodElapsedCallback)
    HAL_TIM_TriggerCallback                  0x08002165   Thumb Code     2  stm32f1xx_hal_tim.o(i.HAL_TIM_TriggerCallback)
    HAL_UART_ErrorCallback                   0x08002167   Thumb Code     2  stm32f1xx_hal_uart.o(i.HAL_UART_ErrorCallback)
    HAL_UART_IRQHandler                      0x08002169   Thumb Code   266  stm32f1xx_hal_uart.o(i.HAL_UART_IRQHandler)
    HAL_UART_Init                            0x08002279   Thumb Code    98  stm32f1xx_hal_uart.o(i.HAL_UART_Init)
    HAL_UART_MspInit                         0x080022dd   Thumb Code   456  usart.o(i.HAL_UART_MspInit)
    HAL_UART_RxCpltCallback                  0x080024c5   Thumb Code     2  user_usart.o(i.HAL_UART_RxCpltCallback)
    HAL_UART_Transmit_DMA                    0x080024c9   Thumb Code   114  stm32f1xx_hal_uart.o(i.HAL_UART_Transmit_DMA)
    HAL_UART_TxCpltCallback                  0x08002549   Thumb Code    28  user_usart.o(i.HAL_UART_TxCpltCallback)
    HAL_UART_TxHalfCpltCallback              0x08002571   Thumb Code     2  stm32f1xx_hal_uart.o(i.HAL_UART_TxHalfCpltCallback)
    HardFault_Handler                        0x08002573   Thumb Code     2  stm32f1xx_it.o(i.HardFault_Handler)
    MSC_BOT_CplClrFeature                    0x080026bd   Thumb Code    42  usbd_msc_bot.o(i.MSC_BOT_CplClrFeature)
    MSC_BOT_DataIn                           0x080026e7   Thumb Code    58  usbd_msc_bot.o(i.MSC_BOT_DataIn)
    MSC_BOT_DataOut                          0x08002721   Thumb Code    58  usbd_msc_bot.o(i.MSC_BOT_DataOut)
    MSC_BOT_DeInit                           0x0800275b   Thumb Code    10  usbd_msc_bot.o(i.MSC_BOT_DeInit)
    MSC_BOT_Init                             0x08002765   Thumb Code    66  usbd_msc_bot.o(i.MSC_BOT_Init)
    MSC_BOT_Reset                            0x080027a7   Thumb Code    22  usbd_msc_bot.o(i.MSC_BOT_Reset)
    MSC_BOT_SendCSW                          0x080027bd   Thumb Code    54  usbd_msc_bot.o(i.MSC_BOT_SendCSW)
    MX_ADC1_Init                             0x080027f9   Thumb Code    70  adc.o(i.MX_ADC1_Init)
    MX_CAN_Init                              0x08002849   Thumb Code    52  can.o(i.MX_CAN_Init)
    MX_DMA_Init                              0x08002885   Thumb Code   120  dma.o(i.MX_DMA_Init)
    MX_FATFS_Init                            0x08002901   Thumb Code    18  fatfs.o(i.MX_FATFS_Init)
    MX_GPIO_Init                             0x0800291d   Thumb Code    54  gpio.o(i.MX_GPIO_Init)
    MX_I2C1_Init                             0x08002959   Thumb Code    50  i2c.o(i.MX_I2C1_Init)
    MX_SPI1_Init                             0x08002999   Thumb Code    62  spi.o(i.MX_SPI1_Init)
    MX_TIM1_Init                             0x080029e1   Thumb Code    90  tim.o(i.MX_TIM1_Init)
    MX_TIM2_Init                             0x08002a45   Thumb Code    90  tim.o(i.MX_TIM2_Init)
    MX_TIM3_Init                             0x08002aa5   Thumb Code    88  tim.o(i.MX_TIM3_Init)
    MX_TIM4_Init                             0x08002b05   Thumb Code    88  tim.o(i.MX_TIM4_Init)
    MX_USART1_UART_Init                      0x08002b65   Thumb Code    48  usart.o(i.MX_USART1_UART_Init)
    MX_USART2_UART_Init                      0x08002b9d   Thumb Code    48  usart.o(i.MX_USART2_UART_Init)
    MX_USART3_UART_Init                      0x08002bd5   Thumb Code    48  usart.o(i.MX_USART3_UART_Init)
    MX_USB_DEVICE_Init                       0x08002c0d   Thumb Code    66  usb_device.o(i.MX_USB_DEVICE_Init)
    MemManage_Handler                        0x08002c61   Thumb Code     2  stm32f1xx_it.o(i.MemManage_Handler)
    NMI_Handler                              0x08002c63   Thumb Code     2  stm32f1xx_it.o(i.NMI_Handler)
    PendSV_Handler                           0x08002fe7   Thumb Code     2  stm32f1xx_it.o(i.PendSV_Handler)
    SCSI_ProcessCmd                          0x0800300d   Thumb Code   448  usbd_msc_scsi.o(i.SCSI_ProcessCmd)
    SCSI_SenseCode                           0x0800346b   Thumb Code    54  usbd_msc_scsi.o(i.SCSI_SenseCode)
    SPI1_IRQHandler                          0x0800356d   Thumb Code     6  stm32f1xx_it.o(i.SPI1_IRQHandler)
    SVC_Handler                              0x080035af   Thumb Code     2  stm32f1xx_it.o(i.SVC_Handler)
    SysTick_Handler                          0x080035b1   Thumb Code     4  stm32f1xx_it.o(i.SysTick_Handler)
    SystemClock_Config                       0x080035b5   Thumb Code   100  main.o(i.SystemClock_Config)
    SystemInit                               0x08003619   Thumb Code    56  system_stm32f1xx.o(i.SystemInit)
    TIM1_UP_IRQHandler                       0x08003661   Thumb Code     6  stm32f1xx_it.o(i.TIM1_UP_IRQHandler)
    TIM2_IRQHandler                          0x0800366d   Thumb Code     6  stm32f1xx_it.o(i.TIM2_IRQHandler)
    TIM3_IRQHandler                          0x08003679   Thumb Code     6  stm32f1xx_it.o(i.TIM3_IRQHandler)
    TIM4_IRQHandler                          0x08003685   Thumb Code     6  stm32f1xx_it.o(i.TIM4_IRQHandler)
    TIM_Base_SetConfig                       0x08003691   Thumb Code    94  stm32f1xx_hal_tim.o(i.TIM_Base_SetConfig)
    USART1_IRQHandler                        0x08003a91   Thumb Code     6  stm32f1xx_it.o(i.USART1_IRQHandler)
    USART2_IRQHandler                        0x08003a9d   Thumb Code     6  stm32f1xx_it.o(i.USART2_IRQHandler)
    USART3_IRQHandler                        0x08003aa9   Thumb Code     6  stm32f1xx_it.o(i.USART3_IRQHandler)
    USBD_ClrClassConfig                      0x08003ab5   Thumb Code    14  usbd_core.o(i.USBD_ClrClassConfig)
    USBD_CtlContinueRx                       0x08003ac3   Thumb Code    16  usbd_ioreq.o(i.USBD_CtlContinueRx)
    USBD_CtlContinueSendData                 0x08003ad3   Thumb Code    16  usbd_ioreq.o(i.USBD_CtlContinueSendData)
    USBD_CtlError                            0x08003ae3   Thumb Code    22  usbd_ctlreq.o(i.USBD_CtlError)
    USBD_CtlReceiveStatus                    0x08003af9   Thumb Code    22  usbd_ioreq.o(i.USBD_CtlReceiveStatus)
    USBD_CtlSendData                         0x08003b0f   Thumb Code    26  usbd_ioreq.o(i.USBD_CtlSendData)
    USBD_CtlSendStatus                       0x08003b29   Thumb Code    22  usbd_ioreq.o(i.USBD_CtlSendStatus)
    USBD_FS_ConfigStrDescriptor              0x08003b41   Thumb Code    16  usbd_desc.o(i.USBD_FS_ConfigStrDescriptor)
    USBD_FS_DeviceDescriptor                 0x08003b61   Thumb Code     8  usbd_desc.o(i.USBD_FS_DeviceDescriptor)
    USBD_FS_InterfaceStrDescriptor           0x08003b6d   Thumb Code    16  usbd_desc.o(i.USBD_FS_InterfaceStrDescriptor)
    USBD_FS_LangIDStrDescriptor              0x08003b91   Thumb Code     8  usbd_desc.o(i.USBD_FS_LangIDStrDescriptor)
    USBD_FS_ManufacturerStrDescriptor        0x08003b9d   Thumb Code    16  usbd_desc.o(i.USBD_FS_ManufacturerStrDescriptor)
    USBD_FS_ProductStrDescriptor             0x08003bc5   Thumb Code    16  usbd_desc.o(i.USBD_FS_ProductStrDescriptor)
    USBD_FS_SerialStrDescriptor              0x08003bed   Thumb Code    48  usbd_desc.o(i.USBD_FS_SerialStrDescriptor)
    USBD_GetString                           0x08003d05   Thumb Code    70  usbd_ctlreq.o(i.USBD_GetString)
    USBD_Init                                0x08003d63   Thumb Code    42  usbd_core.o(i.USBD_Init)
    USBD_LL_ClearStallEP                     0x08003d8d   Thumb Code    18  usbd_conf.o(i.USBD_LL_ClearStallEP)
    USBD_LL_CloseEP                          0x08003d9f   Thumb Code    18  usbd_conf.o(i.USBD_LL_CloseEP)
    USBD_LL_DataInStage                      0x08003db1   Thumb Code   170  usbd_core.o(i.USBD_LL_DataInStage)
    USBD_LL_DataOutStage                     0x08003e5b   Thumb Code   106  usbd_core.o(i.USBD_LL_DataOutStage)
    USBD_LL_FlushEP                          0x08003ec5   Thumb Code    18  usbd_conf.o(i.USBD_LL_FlushEP)
    USBD_LL_GetRxDataSize                    0x08003ed7   Thumb Code     8  usbd_conf.o(i.USBD_LL_GetRxDataSize)
    USBD_LL_Init                             0x08003ee1   Thumb Code   104  usbd_conf.o(i.USBD_LL_Init)
    USBD_LL_IsStallEP                        0x08003f51   Thumb Code    28  usbd_conf.o(i.USBD_LL_IsStallEP)
    USBD_LL_OpenEP                           0x08003f6d   Thumb Code    24  usbd_conf.o(i.USBD_LL_OpenEP)
    USBD_LL_PrepareReceive                   0x08003f85   Thumb Code    18  usbd_conf.o(i.USBD_LL_PrepareReceive)
    USBD_LL_Reset                            0x08003f97   Thumb Code    62  usbd_core.o(i.USBD_LL_Reset)
    USBD_LL_Resume                           0x08003fd5   Thumb Code    12  usbd_core.o(i.USBD_LL_Resume)
    USBD_LL_SOF                              0x08003fe1   Thumb Code    24  usbd_core.o(i.USBD_LL_SOF)
    USBD_LL_SetSpeed                         0x08003ff9   Thumb Code     6  usbd_core.o(i.USBD_LL_SetSpeed)
    USBD_LL_SetUSBAddress                    0x08003fff   Thumb Code    18  usbd_conf.o(i.USBD_LL_SetUSBAddress)
    USBD_LL_SetupStage                       0x08004011   Thumb Code    90  usbd_core.o(i.USBD_LL_SetupStage)
    USBD_LL_StallEP                          0x0800406b   Thumb Code    18  usbd_conf.o(i.USBD_LL_StallEP)
    USBD_LL_Start                            0x0800407d   Thumb Code    18  usbd_conf.o(i.USBD_LL_Start)
    USBD_LL_Suspend                          0x0800408f   Thumb Code    18  usbd_core.o(i.USBD_LL_Suspend)
    USBD_LL_Transmit                         0x080040a1   Thumb Code    18  usbd_conf.o(i.USBD_LL_Transmit)
    USBD_MSC_DataIn                          0x080040b3   Thumb Code    10  usbd_msc.o(i.USBD_MSC_DataIn)
    USBD_MSC_DataOut                         0x080040bd   Thumb Code    10  usbd_msc.o(i.USBD_MSC_DataOut)
    USBD_MSC_DeInit                          0x080040c7   Thumb Code    44  usbd_msc.o(i.USBD_MSC_DeInit)
    USBD_MSC_GetDeviceQualifierDescriptor    0x080040f5   Thumb Code     8  usbd_msc.o(i.USBD_MSC_GetDeviceQualifierDescriptor)
    USBD_MSC_GetFSCfgDesc                    0x08004101   Thumb Code     8  usbd_msc.o(i.USBD_MSC_GetFSCfgDesc)
    USBD_MSC_GetHSCfgDesc                    0x0800410d   Thumb Code     8  usbd_msc.o(i.USBD_MSC_GetHSCfgDesc)
    USBD_MSC_GetOtherSpeedCfgDesc            0x08004119   Thumb Code     8  usbd_msc.o(i.USBD_MSC_GetOtherSpeedCfgDesc)
    USBD_MSC_Init                            0x08004125   Thumb Code    82  usbd_msc.o(i.USBD_MSC_Init)
    USBD_MSC_RegisterStorage                 0x08004177   Thumb Code    10  usbd_msc.o(i.USBD_MSC_RegisterStorage)
    USBD_MSC_Setup                           0x08004181   Thumb Code   194  usbd_msc.o(i.USBD_MSC_Setup)
    USBD_ParseSetupRequest                   0x08004243   Thumb Code    40  usbd_ctlreq.o(i.USBD_ParseSetupRequest)
    USBD_RegisterClass                       0x0800426b   Thumb Code    16  usbd_core.o(i.USBD_RegisterClass)
    USBD_SetClassConfig                      0x0800427b   Thumb Code    22  usbd_core.o(i.USBD_SetClassConfig)
    USBD_Start                               0x08004305   Thumb Code    10  usbd_core.o(i.USBD_Start)
    USBD_StdDevReq                           0x0800430f   Thumb Code   242  usbd_ctlreq.o(i.USBD_StdDevReq)
    USBD_StdEPReq                            0x08004401   Thumb Code   220  usbd_ctlreq.o(i.USBD_StdEPReq)
    USBD_StdItfReq                           0x080044dd   Thumb Code    52  usbd_ctlreq.o(i.USBD_StdItfReq)
    USBD_static_free                         0x08004511   Thumb Code     2  usbd_conf.o(i.USBD_static_free)
    USBD_static_malloc                       0x08004515   Thumb Code     4  usbd_conf.o(i.USBD_static_malloc)
    USB_ActivateEndpoint                     0x0800451d   Thumb Code   604  stm32f1xx_ll_usb.o(i.USB_ActivateEndpoint)
    USB_CoreInit                             0x08004779   Thumb Code     4  stm32f1xx_ll_usb.o(i.USB_CoreInit)
    USB_DeactivateEndpoint                   0x0800477d   Thumb Code   292  stm32f1xx_ll_usb.o(i.USB_DeactivateEndpoint)
    USB_DevConnect                           0x080048a1   Thumb Code     4  stm32f1xx_ll_usb.o(i.USB_DevConnect)
    USB_DevDisconnect                        0x080048a5   Thumb Code     4  stm32f1xx_ll_usb.o(i.USB_DevDisconnect)
    USB_DevInit                              0x080048a9   Thumb Code    30  stm32f1xx_ll_usb.o(i.USB_DevInit)
    USB_DisableGlobalInt                     0x080048c7   Thumb Code    14  stm32f1xx_ll_usb.o(i.USB_DisableGlobalInt)
    USB_EP0_OutStart                         0x080048d5   Thumb Code     4  stm32f1xx_ll_usb.o(i.USB_EP0_OutStart)
    USB_EPClearStall                         0x080048d9   Thumb Code   106  stm32f1xx_ll_usb.o(i.USB_EPClearStall)
    USB_EPSetStall                           0x08004943   Thumb Code    74  stm32f1xx_ll_usb.o(i.USB_EPSetStall)
    USB_EPStartXfer                          0x0800498d   Thumb Code   426  stm32f1xx_ll_usb.o(i.USB_EPStartXfer)
    USB_EnableGlobalInt                      0x08004b37   Thumb Code    14  stm32f1xx_ll_usb.o(i.USB_EnableGlobalInt)
    USB_FlushRxFifo                          0x08004b45   Thumb Code     4  stm32f1xx_ll_usb.o(i.USB_FlushRxFifo)
    USB_FlushTxFifo                          0x08004b49   Thumb Code     4  stm32f1xx_ll_usb.o(i.USB_FlushTxFifo)
    USB_LP_CAN1_RX0_IRQHandler               0x08004b4d   Thumb Code    18  stm32f1xx_it.o(i.USB_LP_CAN1_RX0_IRQHandler)
    USB_ReadInterrupts                       0x08004b69   Thumb Code     6  stm32f1xx_ll_usb.o(i.USB_ReadInterrupts)
    USB_ReadPMA                              0x08004b71   Thumb Code    30  stm32f1xx_ll_usb.o(i.USB_ReadPMA)
    USB_SetCurrentMode                       0x08004b8f   Thumb Code     4  stm32f1xx_ll_usb.o(i.USB_SetCurrentMode)
    USB_SetDevAddress                        0x08004b93   Thumb Code    12  stm32f1xx_ll_usb.o(i.USB_SetDevAddress)
    USB_WritePMA                             0x08004b9f   Thumb Code    38  stm32f1xx_ll_usb.o(i.USB_WritePMA)
    USER_initialize                          0x08004bc5   Thumb Code    10  user_diskio.o(i.USER_initialize)
    USER_ioctl                               0x08004bd5   Thumb Code     4  user_diskio.o(i.USER_ioctl)
    USER_read                                0x08004bd9   Thumb Code     4  user_diskio.o(i.USER_read)
    USER_status                              0x08004bdd   Thumb Code    10  user_diskio.o(i.USER_status)
    USER_write                               0x08004bed   Thumb Code     4  user_diskio.o(i.USER_write)
    UsageFault_Handler                       0x08004bf1   Thumb Code     2  stm32f1xx_it.o(i.UsageFault_Handler)
    __scatterload_copy                       0x08004bf3   Thumb Code    14  handlers.o(i.__scatterload_copy)
    __scatterload_null                       0x08004c01   Thumb Code     2  handlers.o(i.__scatterload_null)
    __scatterload_zeroinit                   0x08004c03   Thumb Code    14  handlers.o(i.__scatterload_zeroinit)
    main                                     0x08004c11   Thumb Code    90  main.o(i.main)
    STORAGE_Inquirydata_FS                   0x08004c74   Data          36  usbd_storage_if.o(.constdata)
    AHBPrescTable                            0x08004c98   Data          16  system_stm32f1xx.o(.constdata)
    APBPrescTable                            0x08004ca8   Data           8  system_stm32f1xx.o(.constdata)
    MSC_Page00_Inquiry_Data                  0x08004cb0   Data           7  usbd_msc_data.o(.constdata)
    MSC_Mode_Sense6_data                     0x08004cb7   Data           8  usbd_msc_data.o(.constdata)
    MSC_Mode_Sense10_data                    0x08004cbf   Data           8  usbd_msc_data.o(.constdata)
    Region$$Table$$Base                      0x08004cc8   Number         0  anon$$obj.o(Region$$Table)
    Region$$Table$$Limit                     0x08004ce8   Number         0  anon$$obj.o(Region$$Table)
    sent_uart1                               0x20000000   Data          27  main.o(.data)
    USER_Driver                              0x2000001c   Data          20  user_diskio.o(.data)
    retUSER                                  0x20000030   Data           1  fatfs.o(.data)
    USERPath                                 0x20000031   Data           4  fatfs.o(.data)
    FS_Desc                                  0x20000038   Data          28  usbd_desc.o(.data)
    USBD_LangIDDesc                          0x20000054   Data           4  usbd_desc.o(.data)
    USBD_FS_DeviceDesc                       0x20000058   Data          18  usbd_desc.o(.data)
    USBD_StringSerial                        0x2000006c   Data          26  usbd_desc.o(.data)
    USBD_Storage_Interface_fops_FS           0x20000088   Data          32  usbd_storage_if.o(.data)
    uwTickFreq                               0x200000a8   Data           1  stm32f1xx_hal.o(.data)
    uwTickPrio                               0x200000ac   Data           4  stm32f1xx_hal.o(.data)
    uwTick                                   0x200000b0   Data           4  stm32f1xx_hal.o(.data)
    SystemCoreClock                          0x200000b4   Data           4  system_stm32f1xx.o(.data)
    USBD_MSC                                 0x200000bc   Data          56  usbd_msc.o(.data)
    USBD_MSC_CfgHSDesc                       0x200000f4   Data          32  usbd_msc.o(.data)
    USBD_MSC_CfgFSDesc                       0x20000114   Data          32  usbd_msc.o(.data)
    USBD_MSC_OtherSpeedCfgDesc               0x20000134   Data          32  usbd_msc.o(.data)
    USBD_MSC_DeviceQualifierDesc             0x20000154   Data          10  usbd_msc.o(.data)
    hadc1                                    0x20000164   Data          48  adc.o(.bss)
    hcan                                     0x20000194   Data          40  can.o(.bss)
    hi2c1                                    0x200001bc   Data          84  i2c.o(.bss)
    hspi1                                    0x20000210   Data          88  spi.o(.bss)
    hdma_spi1_rx                             0x20000268   Data          68  spi.o(.bss)
    hdma_spi1_tx                             0x200002ac   Data          68  spi.o(.bss)
    htim1                                    0x200002f0   Data          64  tim.o(.bss)
    htim2                                    0x20000330   Data          64  tim.o(.bss)
    htim3                                    0x20000370   Data          64  tim.o(.bss)
    htim4                                    0x200003b0   Data          64  tim.o(.bss)
    huart1                                   0x200003f0   Data          64  usart.o(.bss)
    huart2                                   0x20000430   Data          64  usart.o(.bss)
    huart3                                   0x20000470   Data          64  usart.o(.bss)
    hdma_usart1_rx                           0x200004b0   Data          68  usart.o(.bss)
    hdma_usart1_tx                           0x200004f4   Data          68  usart.o(.bss)
    hdma_usart2_rx                           0x20000538   Data          68  usart.o(.bss)
    hdma_usart2_tx                           0x2000057c   Data          68  usart.o(.bss)
    hUsbDeviceFS                             0x200005c0   Data         548  usb_device.o(.bss)
    hpcd_USB_FS                              0x20000a54   Data        1120  usbd_conf.o(.bss)
    USBD_StrDesc                             0x20000eb4   Data         512  usbd_desc.o(.bss)
    disk                                     0x200010b4   Data          12  ff_gen_drv.o(.bss)
    __initial_sp                             0x200014c0   Data           0  startup_stm32f103xb.o(STACK)



==============================================================================

Memory Map of the image

  Image Entry point : 0x080000ed

  Load Region LR_IROM1 (Base: 0x08000000, Size: 0x00004e4c, Max: 0x00010000, ABSOLUTE, COMPRESSED[0x00004db8])

    Execution Region ER_IROM1 (Base: 0x08000000, Size: 0x00004ce8, Max: 0x00010000, ABSOLUTE)

    Base Addr    Size         Type   Attr      Idx    E Section Name        Object

    0x08000000   0x000000ec   Data   RO            3    RESET               startup_stm32f103xb.o
    0x080000ec   0x00000000   Code   RO         6178  * .ARM.Collect$$$$00000000  mc_w.l(entry.o)
    0x080000ec   0x00000004   Code   RO         6189    .ARM.Collect$$$$00000001  mc_w.l(entry2.o)
    0x080000f0   0x00000004   Code   RO         6192    .ARM.Collect$$$$00000004  mc_w.l(entry5.o)
    0x080000f4   0x00000000   Code   RO         6194    .ARM.Collect$$$$00000008  mc_w.l(entry7b.o)
    0x080000f4   0x00000000   Code   RO         6196    .ARM.Collect$$$$0000000A  mc_w.l(entry8b.o)
    0x080000f4   0x00000008   Code   RO         6197    .ARM.Collect$$$$0000000B  mc_w.l(entry9a.o)
    0x080000fc   0x00000000   Code   RO         6199    .ARM.Collect$$$$0000000D  mc_w.l(entry10a.o)
    0x080000fc   0x00000000   Code   RO         6201    .ARM.Collect$$$$0000000F  mc_w.l(entry11a.o)
    0x080000fc   0x00000004   Code   RO         6190    .ARM.Collect$$$$00002712  mc_w.l(entry2.o)
    0x08000100   0x00000024   Code   RO            4    .text               startup_stm32f103xb.o
    0x08000124   0x00000024   Code   RO         6183    .text               mc_w.l(memcpya.o)
    0x08000148   0x00000024   Code   RO         6185    .text               mc_w.l(memseta.o)
    0x0800016c   0x00000024   Code   RO         6203    .text               mc_w.l(init.o)
    0x08000190   0x00000056   Code   RO         6213    .text               mc_w.l(__dczerorl2.o)
    0x080001e6   0x00000002   PAD
    0x080001e8   0x0000004c   Code   RO         1718    i.ADC_ConversionStop_Disable  stm32f1xx_hal_adc.o
    0x08000234   0x00000002   Code   RO         1055    i.BusFault_Handler  stm32f1xx_it.o
    0x08000236   0x00000002   PAD
    0x08000238   0x0000000c   Code   RO         1056    i.DMA1_Channel2_IRQHandler  stm32f1xx_it.o
    0x08000244   0x0000000c   Code   RO         1057    i.DMA1_Channel3_IRQHandler  stm32f1xx_it.o
    0x08000250   0x0000000c   Code   RO         1058    i.DMA1_Channel4_IRQHandler  stm32f1xx_it.o
    0x0800025c   0x0000000c   Code   RO         1059    i.DMA1_Channel5_IRQHandler  stm32f1xx_it.o
    0x08000268   0x0000000c   Code   RO         1060    i.DMA1_Channel6_IRQHandler  stm32f1xx_it.o
    0x08000274   0x0000000c   Code   RO         1061    i.DMA1_Channel7_IRQHandler  stm32f1xx_it.o
    0x08000280   0x0000002a   Code   RO         4529    i.DMA_SetConfig     stm32f1xx_hal_dma.o
    0x080002aa   0x00000002   Code   RO         1062    i.DebugMon_Handler  stm32f1xx_it.o
    0x080002ac   0x00000002   Code   RO           13    i.Error_Handler     main.o
    0x080002ae   0x00000006   Code   RO         6100    i.FATFS_LinkDriver  ff_gen_drv.o
    0x080002b4   0x00000040   Code   RO         6101    i.FATFS_LinkDriverEx  ff_gen_drv.o
    0x080002f4   0x000000fc   Code   RO         1724    i.HAL_ADC_ConfigChannel  stm32f1xx_hal_adc.o
    0x080003f0   0x0000011c   Code   RO         1733    i.HAL_ADC_Init      stm32f1xx_hal_adc.o
    0x0800050c   0x00000058   Code   RO          252    i.HAL_ADC_MspInit   adc.o
    0x08000564   0x00000002   Code   RO         2000    i.HAL_CAN_ErrorCallback  stm32f1xx_hal_can.o
    0x08000566   0x000001fc   Code   RO         2007    i.HAL_CAN_IRQHandler  stm32f1xx_hal_can.o
    0x08000762   0x0000011a   Code   RO         2008    i.HAL_CAN_Init      stm32f1xx_hal_can.o
    0x0800087c   0x00000094   Code   RO          294    i.HAL_CAN_MspInit   can.o
    0x08000910   0x00000002   Code   RO         2015    i.HAL_CAN_RxFifo0FullCallback  stm32f1xx_hal_can.o
    0x08000912   0x00000002   Code   RO         2016    i.HAL_CAN_RxFifo0MsgPendingCallback  stm32f1xx_hal_can.o
    0x08000914   0x00000002   Code   RO         2017    i.HAL_CAN_RxFifo1FullCallback  stm32f1xx_hal_can.o
    0x08000916   0x00000002   Code   RO         2018    i.HAL_CAN_RxFifo1MsgPendingCallback  stm32f1xx_hal_can.o
    0x08000918   0x00000002   Code   RO         2019    i.HAL_CAN_SleepCallback  stm32f1xx_hal_can.o
    0x0800091a   0x00000002   Code   RO         2022    i.HAL_CAN_TxMailbox0AbortCallback  stm32f1xx_hal_can.o
    0x0800091c   0x00000002   Code   RO         2023    i.HAL_CAN_TxMailbox0CompleteCallback  stm32f1xx_hal_can.o
    0x0800091e   0x00000002   Code   RO         2024    i.HAL_CAN_TxMailbox1AbortCallback  stm32f1xx_hal_can.o
    0x08000920   0x00000002   Code   RO         2025    i.HAL_CAN_TxMailbox1CompleteCallback  stm32f1xx_hal_can.o
    0x08000922   0x00000002   Code   RO         2026    i.HAL_CAN_TxMailbox2AbortCallback  stm32f1xx_hal_can.o
    0x08000924   0x00000002   Code   RO         2027    i.HAL_CAN_TxMailbox2CompleteCallback  stm32f1xx_hal_can.o
    0x08000926   0x00000002   Code   RO         2029    i.HAL_CAN_WakeUpFromRxMsgCallback  stm32f1xx_hal_can.o
    0x08000928   0x00000098   Code   RO         4531    i.HAL_DMA_Abort_IT  stm32f1xx_hal_dma.o
    0x080009c0   0x00000154   Code   RO         4535    i.HAL_DMA_IRQHandler  stm32f1xx_hal_dma.o
    0x08000b14   0x0000005c   Code   RO         4536    i.HAL_DMA_Init      stm32f1xx_hal_dma.o
    0x08000b70   0x00000070   Code   RO         4540    i.HAL_DMA_Start_IT  stm32f1xx_hal_dma.o
    0x08000be0   0x00000024   Code   RO         4170    i.HAL_Delay         stm32f1xx_hal.o
    0x08000c04   0x000001bc   Code   RO         4466    i.HAL_GPIO_Init     stm32f1xx_hal_gpio.o
    0x08000dc0   0x0000000c   Code   RO         4174    i.HAL_GetTick       stm32f1xx_hal.o
    0x08000dcc   0x00000140   Code   RO         2239    i.HAL_I2C_Init      stm32f1xx_hal_i2c.o
    0x08000f0c   0x0000005c   Code   RO          457    i.HAL_I2C_MspInit   i2c.o
    0x08000f68   0x00000010   Code   RO         4178    i.HAL_IncTick       stm32f1xx_hal.o
    0x08000f78   0x00000024   Code   RO         4179    i.HAL_Init          stm32f1xx_hal.o
    0x08000f9c   0x00000040   Code   RO         4180    i.HAL_InitTick      stm32f1xx_hal.o
    0x08000fdc   0x0000003c   Code   RO         1221    i.HAL_MspInit       stm32f1xx_hal_msp.o
    0x08001018   0x00000016   Code   RO         4626    i.HAL_NVIC_EnableIRQ  stm32f1xx_hal_cortex.o
    0x0800102e   0x00000002   PAD
    0x08001030   0x00000040   Code   RO         4632    i.HAL_NVIC_SetPriority  stm32f1xx_hal_cortex.o
    0x08001070   0x00000024   Code   RO         4633    i.HAL_NVIC_SetPriorityGrouping  stm32f1xx_hal_cortex.o
    0x08001094   0x00000034   Code   RO         1496    i.HAL_PCDEx_PMAConfig  stm32f1xx_hal_pcd_ex.o
    0x080010c8   0x00000002   Code   RO          709    i.HAL_PCDEx_SetConnectionState  usbd_conf.o
    0x080010ca   0x0000000e   Code   RO          711    i.HAL_PCD_DataInStageCallback  usbd_conf.o
    0x080010d8   0x00000010   Code   RO          712    i.HAL_PCD_DataOutStageCallback  usbd_conf.o
    0x080010e8   0x00000040   Code   RO         1290    i.HAL_PCD_EP_Close  stm32f1xx_hal_pcd.o
    0x08001128   0x00000048   Code   RO         1291    i.HAL_PCD_EP_ClrStall  stm32f1xx_hal_pcd.o
    0x08001170   0x00000034   Code   RO         1292    i.HAL_PCD_EP_Flush  stm32f1xx_hal_pcd.o
    0x080011a4   0x00000010   Code   RO         1293    i.HAL_PCD_EP_GetRxCount  stm32f1xx_hal_pcd.o
    0x080011b4   0x00000044   Code   RO         1294    i.HAL_PCD_EP_Open   stm32f1xx_hal_pcd.o
    0x080011f8   0x0000002e   Code   RO         1295    i.HAL_PCD_EP_Receive  stm32f1xx_hal_pcd.o
    0x08001226   0x00000056   Code   RO         1296    i.HAL_PCD_EP_SetStall  stm32f1xx_hal_pcd.o
    0x0800127c   0x0000002a   Code   RO         1297    i.HAL_PCD_EP_Transmit  stm32f1xx_hal_pcd.o
    0x080012a6   0x0000010c   Code   RO         1299    i.HAL_PCD_IRQHandler  stm32f1xx_hal_pcd.o
    0x080013b2   0x00000002   PAD
    0x080013b4   0x000000c0   Code   RO         1302    i.HAL_PCD_Init      stm32f1xx_hal_pcd.o
    0x08001474   0x0000003c   Code   RO          717    i.HAL_PCD_MspInit   usbd_conf.o
    0x080014b0   0x00000026   Code   RO          718    i.HAL_PCD_ResetCallback  usbd_conf.o
    0x080014d6   0x00000008   Code   RO          719    i.HAL_PCD_ResumeCallback  usbd_conf.o
    0x080014de   0x00000008   Code   RO          720    i.HAL_PCD_SOFCallback  usbd_conf.o
    0x080014e6   0x00000028   Code   RO         1308    i.HAL_PCD_SetAddress  stm32f1xx_hal_pcd.o
    0x0800150e   0x0000000e   Code   RO          721    i.HAL_PCD_SetupStageCallback  usbd_conf.o
    0x0800151c   0x00000032   Code   RO         1310    i.HAL_PCD_Start     stm32f1xx_hal_pcd.o
    0x0800154e   0x00000002   PAD
    0x08001550   0x00000024   Code   RO          722    i.HAL_PCD_SuspendCallback  usbd_conf.o
    0x08001574   0x000000ec   Code   RO         4429    i.HAL_RCCEx_PeriphCLKConfig  stm32f1xx_hal_rcc_ex.o
    0x08001660   0x0000016c   Code   RO         4326    i.HAL_RCC_ClockConfig  stm32f1xx_hal_rcc.o
    0x080017cc   0x00000020   Code   RO         4333    i.HAL_RCC_GetPCLK1Freq  stm32f1xx_hal_rcc.o
    0x080017ec   0x00000020   Code   RO         4334    i.HAL_RCC_GetPCLK2Freq  stm32f1xx_hal_rcc.o
    0x0800180c   0x0000006c   Code   RO         4335    i.HAL_RCC_GetSysClockFreq  stm32f1xx_hal_rcc.o
    0x08001878   0x00000304   Code   RO         4338    i.HAL_RCC_OscConfig  stm32f1xx_hal_rcc.o
    0x08001b7c   0x00000002   Code   RO         2633    i.HAL_SPI_ErrorCallback  stm32f1xx_hal_spi.o
    0x08001b7e   0x00000002   PAD
    0x08001b80   0x000000c4   Code   RO         2636    i.HAL_SPI_IRQHandler  stm32f1xx_hal_spi.o
    0x08001c44   0x00000082   Code   RO         2949    i.HAL_SPI_Init      stm32f1xx_hal_spi_ex.o
    0x08001cc6   0x00000002   PAD
    0x08001cc8   0x000000d8   Code   RO          499    i.HAL_SPI_MspInit   spi.o
    0x08001da0   0x00000028   Code   RO         4637    i.HAL_SYSTICK_Config  stm32f1xx_hal_cortex.o
    0x08001dc8   0x00000002   Code   RO         3604    i.HAL_TIMEx_BreakCallback  stm32f1xx_hal_tim_ex.o
    0x08001dca   0x00000002   Code   RO         3605    i.HAL_TIMEx_CommutationCallback  stm32f1xx_hal_tim_ex.o
    0x08001dcc   0x00000050   Code   RO         3621    i.HAL_TIMEx_MasterConfigSynchronization  stm32f1xx_hal_tim_ex.o
    0x08001e1c   0x00000036   Code   RO         2975    i.HAL_TIM_Base_Init  stm32f1xx_hal_tim.o
    0x08001e52   0x00000002   PAD
    0x08001e54   0x000000b0   Code   RO          541    i.HAL_TIM_Base_MspInit  tim.o
    0x08001f04   0x000000f2   Code   RO         2984    i.HAL_TIM_ConfigClockSource  stm32f1xx_hal_tim.o
    0x08001ff6   0x00000002   Code   RO         3004    i.HAL_TIM_IC_CaptureCallback  stm32f1xx_hal_tim.o
    0x08001ff8   0x00000166   Code   RO         3017    i.HAL_TIM_IRQHandler  stm32f1xx_hal_tim.o
    0x0800215e   0x00000002   Code   RO         3020    i.HAL_TIM_OC_DelayElapsedCallback  stm32f1xx_hal_tim.o
    0x08002160   0x00000002   Code   RO         3047    i.HAL_TIM_PWM_PulseFinishedCallback  stm32f1xx_hal_tim.o
    0x08002162   0x00000002   Code   RO         3054    i.HAL_TIM_PeriodElapsedCallback  stm32f1xx_hal_tim.o
    0x08002164   0x00000002   Code   RO         3058    i.HAL_TIM_TriggerCallback  stm32f1xx_hal_tim.o
    0x08002166   0x00000002   Code   RO         3858    i.HAL_UART_ErrorCallback  stm32f1xx_hal_uart.o
    0x08002168   0x00000110   Code   RO         3861    i.HAL_UART_IRQHandler  stm32f1xx_hal_uart.o
    0x08002278   0x00000062   Code   RO         3862    i.HAL_UART_Init     stm32f1xx_hal_uart.o
    0x080022da   0x00000002   PAD
    0x080022dc   0x000001e8   Code   RO          601    i.HAL_UART_MspInit  usart.o
    0x080024c4   0x00000002   Code   RO         5665    i.HAL_UART_RxCpltCallback  user_usart.o
    0x080024c6   0x00000002   PAD
    0x080024c8   0x00000080   Code   RO         3871    i.HAL_UART_Transmit_DMA  stm32f1xx_hal_uart.o
    0x08002548   0x00000028   Code   RO         5666    i.HAL_UART_TxCpltCallback  user_usart.o
    0x08002570   0x00000002   Code   RO         3874    i.HAL_UART_TxHalfCpltCallback  stm32f1xx_hal_uart.o
    0x08002572   0x00000002   Code   RO         1063    i.HardFault_Handler  stm32f1xx_it.o
    0x08002574   0x00000038   Code   RO          921    i.IntToUnicode      usbd_desc.o
    0x080025ac   0x00000042   Code   RO         5440    i.MSC_BOT_Abort     usbd_msc_bot.o
    0x080025ee   0x00000002   PAD
    0x080025f0   0x000000cc   Code   RO         5441    i.MSC_BOT_CBW_Decode  usbd_msc_bot.o
    0x080026bc   0x0000002a   Code   RO         5442    i.MSC_BOT_CplClrFeature  usbd_msc_bot.o
    0x080026e6   0x0000003a   Code   RO         5443    i.MSC_BOT_DataIn    usbd_msc_bot.o
    0x08002720   0x0000003a   Code   RO         5444    i.MSC_BOT_DataOut   usbd_msc_bot.o
    0x0800275a   0x0000000a   Code   RO         5445    i.MSC_BOT_DeInit    usbd_msc_bot.o
    0x08002764   0x00000042   Code   RO         5446    i.MSC_BOT_Init      usbd_msc_bot.o
    0x080027a6   0x00000016   Code   RO         5447    i.MSC_BOT_Reset     usbd_msc_bot.o
    0x080027bc   0x0000003c   Code   RO         5448    i.MSC_BOT_SendCSW   usbd_msc_bot.o
    0x080027f8   0x00000050   Code   RO          253    i.MX_ADC1_Init      adc.o
    0x08002848   0x0000003c   Code   RO          295    i.MX_CAN_Init       can.o
    0x08002884   0x0000007c   Code   RO          335    i.MX_DMA_Init       dma.o
    0x08002900   0x0000001c   Code   RO          418    i.MX_FATFS_Init     fatfs.o
    0x0800291c   0x0000003c   Code   RO          227    i.MX_GPIO_Init      gpio.o
    0x08002958   0x00000040   Code   RO          458    i.MX_I2C1_Init      i2c.o
    0x08002998   0x00000048   Code   RO          500    i.MX_SPI1_Init      spi.o
    0x080029e0   0x00000064   Code   RO          542    i.MX_TIM1_Init      tim.o
    0x08002a44   0x00000060   Code   RO          543    i.MX_TIM2_Init      tim.o
    0x08002aa4   0x00000060   Code   RO          544    i.MX_TIM3_Init      tim.o
    0x08002b04   0x00000060   Code   RO          545    i.MX_TIM4_Init      tim.o
    0x08002b64   0x00000038   Code   RO          602    i.MX_USART1_UART_Init  usart.o
    0x08002b9c   0x00000038   Code   RO          603    i.MX_USART2_UART_Init  usart.o
    0x08002bd4   0x00000038   Code   RO          604    i.MX_USART3_UART_Init  usart.o
    0x08002c0c   0x00000054   Code   RO          654    i.MX_USB_DEVICE_Init  usb_device.o
    0x08002c60   0x00000002   Code   RO         1064    i.MemManage_Handler  stm32f1xx_it.o
    0x08002c62   0x00000002   Code   RO         1065    i.NMI_Handler       stm32f1xx_it.o
    0x08002c64   0x00000020   Code   RO         4639    i.NVIC_SetPriority  stm32f1xx_hal_cortex.o
    0x08002c84   0x00000362   Code   RO         1313    i.PCD_EP_ISR_Handler  stm32f1xx_hal_pcd.o
    0x08002fe6   0x00000002   Code   RO         1066    i.PendSV_Handler    stm32f1xx_it.o
    0x08002fe8   0x00000022   Code   RO         5536    i.SCSI_CheckAddressRange  usbd_msc_scsi.o
    0x0800300a   0x00000002   PAD
    0x0800300c   0x000001cc   Code   RO         5537    i.SCSI_ProcessCmd   usbd_msc_scsi.o
    0x080031d8   0x0000008c   Code   RO         5538    i.SCSI_ProcessRead  usbd_msc_scsi.o
    0x08003264   0x00000098   Code   RO         5539    i.SCSI_ProcessWrite  usbd_msc_scsi.o
    0x080032fc   0x000000aa   Code   RO         5540    i.SCSI_Read10       usbd_msc_scsi.o
    0x080033a6   0x00000056   Code   RO         5541    i.SCSI_ReadCapacity10  usbd_msc_scsi.o
    0x080033fc   0x0000006e   Code   RO         5542    i.SCSI_ReadFormatCapacity  usbd_msc_scsi.o
    0x0800346a   0x00000036   Code   RO         5543    i.SCSI_SenseCode    usbd_msc_scsi.o
    0x080034a0   0x000000ca   Code   RO         5544    i.SCSI_Write10      usbd_msc_scsi.o
    0x0800356a   0x00000002   PAD
    0x0800356c   0x0000000c   Code   RO         1067    i.SPI1_IRQHandler   stm32f1xx_it.o
    0x08003578   0x00000010   Code   RO         2665    i.SPI_DMAAbortOnError  stm32f1xx_hal_spi.o
    0x08003588   0x0000000e   Code   RO          994    i.STORAGE_GetCapacity_FS  usbd_storage_if.o
    0x08003596   0x00000004   Code   RO          995    i.STORAGE_GetMaxLun_FS  usbd_storage_if.o
    0x0800359a   0x00000004   Code   RO          996    i.STORAGE_Init_FS   usbd_storage_if.o
    0x0800359e   0x00000004   Code   RO          997    i.STORAGE_IsReady_FS  usbd_storage_if.o
    0x080035a2   0x00000004   Code   RO          998    i.STORAGE_IsWriteProtected_FS  usbd_storage_if.o
    0x080035a6   0x00000004   Code   RO          999    i.STORAGE_Read_FS   usbd_storage_if.o
    0x080035aa   0x00000004   Code   RO         1000    i.STORAGE_Write_FS  usbd_storage_if.o
    0x080035ae   0x00000002   Code   RO         1068    i.SVC_Handler       stm32f1xx_it.o
    0x080035b0   0x00000004   Code   RO         1069    i.SysTick_Handler   stm32f1xx_it.o
    0x080035b4   0x00000064   Code   RO           14    i.SystemClock_Config  main.o
    0x08003618   0x00000048   Code   RO         5055    i.SystemInit        system_stm32f1xx.o
    0x08003660   0x0000000c   Code   RO         1070    i.TIM1_UP_IRQHandler  stm32f1xx_it.o
    0x0800366c   0x0000000c   Code   RO         1071    i.TIM2_IRQHandler   stm32f1xx_it.o
    0x08003678   0x0000000c   Code   RO         1072    i.TIM3_IRQHandler   stm32f1xx_it.o
    0x08003684   0x0000000c   Code   RO         1073    i.TIM4_IRQHandler   stm32f1xx_it.o
    0x08003690   0x0000006c   Code   RO         3059    i.TIM_Base_SetConfig  stm32f1xx_hal_tim.o
    0x080036fc   0x00000014   Code   RO         3066    i.TIM_ETR_SetConfig  stm32f1xx_hal_tim.o
    0x08003710   0x00000010   Code   RO         3067    i.TIM_ITRx_SetConfig  stm32f1xx_hal_tim.o
    0x08003720   0x00000022   Code   RO         3073    i.TIM_TI1_ConfigInputStage  stm32f1xx_hal_tim.o
    0x08003742   0x00000024   Code   RO         3075    i.TIM_TI2_ConfigInputStage  stm32f1xx_hal_tim.o
    0x08003766   0x00000010   Code   RO         3875    i.UART_DMAAbortOnError  stm32f1xx_hal_uart.o
    0x08003776   0x0000004a   Code   RO         3876    i.UART_DMAError     stm32f1xx_hal_uart.o
    0x080037c0   0x0000002e   Code   RO         3881    i.UART_DMATransmitCplt  stm32f1xx_hal_uart.o
    0x080037ee   0x0000000a   Code   RO         3883    i.UART_DMATxHalfCplt  stm32f1xx_hal_uart.o
    0x080037f8   0x0000001c   Code   RO         3885    i.UART_EndRxTransfer  stm32f1xx_hal_uart.o
    0x08003814   0x00000012   Code   RO         3886    i.UART_EndTxTransfer  stm32f1xx_hal_uart.o
    0x08003826   0x00000096   Code   RO         3887    i.UART_Receive_IT   stm32f1xx_hal_uart.o
    0x080038bc   0x00000170   Code   RO         3888    i.UART_SetConfig    stm32f1xx_hal_uart.o
    0x08003a2c   0x00000062   Code   RO         3889    i.UART_Transmit_IT  stm32f1xx_hal_uart.o
    0x08003a8e   0x00000002   PAD
    0x08003a90   0x0000000c   Code   RO         1074    i.USART1_IRQHandler  stm32f1xx_it.o
    0x08003a9c   0x0000000c   Code   RO         1075    i.USART2_IRQHandler  stm32f1xx_it.o
    0x08003aa8   0x0000000c   Code   RO         1076    i.USART3_IRQHandler  stm32f1xx_it.o
    0x08003ab4   0x0000000e   Code   RO         5092    i.USBD_ClrClassConfig  usbd_core.o
    0x08003ac2   0x00000010   Code   RO         5295    i.USBD_CtlContinueRx  usbd_ioreq.o
    0x08003ad2   0x00000010   Code   RO         5296    i.USBD_CtlContinueSendData  usbd_ioreq.o
    0x08003ae2   0x00000016   Code   RO         5230    i.USBD_CtlError     usbd_ctlreq.o
    0x08003af8   0x00000016   Code   RO         5298    i.USBD_CtlReceiveStatus  usbd_ioreq.o
    0x08003b0e   0x0000001a   Code   RO         5299    i.USBD_CtlSendData  usbd_ioreq.o
    0x08003b28   0x00000016   Code   RO         5300    i.USBD_CtlSendStatus  usbd_ioreq.o
    0x08003b3e   0x00000002   PAD
    0x08003b40   0x00000020   Code   RO          922    i.USBD_FS_ConfigStrDescriptor  usbd_desc.o
    0x08003b60   0x0000000c   Code   RO          923    i.USBD_FS_DeviceDescriptor  usbd_desc.o
    0x08003b6c   0x00000024   Code   RO          924    i.USBD_FS_InterfaceStrDescriptor  usbd_desc.o
    0x08003b90   0x0000000c   Code   RO          925    i.USBD_FS_LangIDStrDescriptor  usbd_desc.o
    0x08003b9c   0x00000028   Code   RO          926    i.USBD_FS_ManufacturerStrDescriptor  usbd_desc.o
    0x08003bc4   0x00000028   Code   RO          927    i.USBD_FS_ProductStrDescriptor  usbd_desc.o
    0x08003bec   0x00000038   Code   RO          928    i.USBD_FS_SerialStrDescriptor  usbd_desc.o
    0x08003c24   0x000000e0   Code   RO         5231    i.USBD_GetDescriptor  usbd_ctlreq.o
    0x08003d04   0x00000046   Code   RO         5232    i.USBD_GetString    usbd_ctlreq.o
    0x08003d4a   0x00000018   Code   RO          723    i.USBD_Get_USB_Status  usbd_conf.o
    0x08003d62   0x0000002a   Code   RO         5094    i.USBD_Init         usbd_core.o
    0x08003d8c   0x00000012   Code   RO          724    i.USBD_LL_ClearStallEP  usbd_conf.o
    0x08003d9e   0x00000012   Code   RO          725    i.USBD_LL_CloseEP   usbd_conf.o
    0x08003db0   0x000000aa   Code   RO         5095    i.USBD_LL_DataInStage  usbd_core.o
    0x08003e5a   0x0000006a   Code   RO         5096    i.USBD_LL_DataOutStage  usbd_core.o
    0x08003ec4   0x00000012   Code   RO          728    i.USBD_LL_FlushEP   usbd_conf.o
    0x08003ed6   0x00000008   Code   RO          729    i.USBD_LL_GetRxDataSize  usbd_conf.o
    0x08003ede   0x00000002   PAD
    0x08003ee0   0x00000070   Code   RO          730    i.USBD_LL_Init      usbd_conf.o
    0x08003f50   0x0000001c   Code   RO          731    i.USBD_LL_IsStallEP  usbd_conf.o
    0x08003f6c   0x00000018   Code   RO          732    i.USBD_LL_OpenEP    usbd_conf.o
    0x08003f84   0x00000012   Code   RO          733    i.USBD_LL_PrepareReceive  usbd_conf.o
    0x08003f96   0x0000003e   Code   RO         5101    i.USBD_LL_Reset     usbd_core.o
    0x08003fd4   0x0000000c   Code   RO         5102    i.USBD_LL_Resume    usbd_core.o
    0x08003fe0   0x00000018   Code   RO         5103    i.USBD_LL_SOF       usbd_core.o
    0x08003ff8   0x00000006   Code   RO         5104    i.USBD_LL_SetSpeed  usbd_core.o
    0x08003ffe   0x00000012   Code   RO          734    i.USBD_LL_SetUSBAddress  usbd_conf.o
    0x08004010   0x0000005a   Code   RO         5105    i.USBD_LL_SetupStage  usbd_core.o
    0x0800406a   0x00000012   Code   RO          735    i.USBD_LL_StallEP   usbd_conf.o
    0x0800407c   0x00000012   Code   RO          736    i.USBD_LL_Start     usbd_conf.o
    0x0800408e   0x00000012   Code   RO         5106    i.USBD_LL_Suspend   usbd_core.o
    0x080040a0   0x00000012   Code   RO          738    i.USBD_LL_Transmit  usbd_conf.o
    0x080040b2   0x0000000a   Code   RO         5355    i.USBD_MSC_DataIn   usbd_msc.o
    0x080040bc   0x0000000a   Code   RO         5356    i.USBD_MSC_DataOut  usbd_msc.o
    0x080040c6   0x0000002c   Code   RO         5357    i.USBD_MSC_DeInit   usbd_msc.o
    0x080040f2   0x00000002   PAD
    0x080040f4   0x0000000c   Code   RO         5358    i.USBD_MSC_GetDeviceQualifierDescriptor  usbd_msc.o
    0x08004100   0x0000000c   Code   RO         5359    i.USBD_MSC_GetFSCfgDesc  usbd_msc.o
    0x0800410c   0x0000000c   Code   RO         5360    i.USBD_MSC_GetHSCfgDesc  usbd_msc.o
    0x08004118   0x0000000c   Code   RO         5361    i.USBD_MSC_GetOtherSpeedCfgDesc  usbd_msc.o
    0x08004124   0x00000052   Code   RO         5362    i.USBD_MSC_Init     usbd_msc.o
    0x08004176   0x0000000a   Code   RO         5363    i.USBD_MSC_RegisterStorage  usbd_msc.o
    0x08004180   0x000000c2   Code   RO         5364    i.USBD_MSC_Setup    usbd_msc.o
    0x08004242   0x00000028   Code   RO         5233    i.USBD_ParseSetupRequest  usbd_ctlreq.o
    0x0800426a   0x00000010   Code   RO         5107    i.USBD_RegisterClass  usbd_core.o
    0x0800427a   0x00000016   Code   RO         5109    i.USBD_SetClassConfig  usbd_core.o
    0x08004290   0x00000074   Code   RO         5234    i.USBD_SetConfig    usbd_ctlreq.o
    0x08004304   0x0000000a   Code   RO         5110    i.USBD_Start        usbd_core.o
    0x0800430e   0x000000f2   Code   RO         5235    i.USBD_StdDevReq    usbd_ctlreq.o
    0x08004400   0x000000dc   Code   RO         5236    i.USBD_StdEPReq     usbd_ctlreq.o
    0x080044dc   0x00000034   Code   RO         5237    i.USBD_StdItfReq    usbd_ctlreq.o
    0x08004510   0x00000002   Code   RO          739    i.USBD_static_free  usbd_conf.o
    0x08004512   0x00000002   PAD
    0x08004514   0x00000008   Code   RO          740    i.USBD_static_malloc  usbd_conf.o
    0x0800451c   0x0000025c   Code   RO         1526    i.USB_ActivateEndpoint  stm32f1xx_ll_usb.o
    0x08004778   0x00000004   Code   RO         1529    i.USB_CoreInit      stm32f1xx_ll_usb.o
    0x0800477c   0x00000124   Code   RO         1531    i.USB_DeactivateEndpoint  stm32f1xx_ll_usb.o
    0x080048a0   0x00000004   Code   RO         1532    i.USB_DevConnect    stm32f1xx_ll_usb.o
    0x080048a4   0x00000004   Code   RO         1533    i.USB_DevDisconnect  stm32f1xx_ll_usb.o
    0x080048a8   0x0000001e   Code   RO         1534    i.USB_DevInit       stm32f1xx_ll_usb.o
    0x080048c6   0x0000000e   Code   RO         1535    i.USB_DisableGlobalInt  stm32f1xx_ll_usb.o
    0x080048d4   0x00000004   Code   RO         1536    i.USB_EP0_OutStart  stm32f1xx_ll_usb.o
    0x080048d8   0x0000006a   Code   RO         1537    i.USB_EPClearStall  stm32f1xx_ll_usb.o
    0x08004942   0x0000004a   Code   RO         1538    i.USB_EPSetStall    stm32f1xx_ll_usb.o
    0x0800498c   0x000001aa   Code   RO         1539    i.USB_EPStartXfer   stm32f1xx_ll_usb.o
    0x08004b36   0x0000000e   Code   RO         1540    i.USB_EnableGlobalInt  stm32f1xx_ll_usb.o
    0x08004b44   0x00000004   Code   RO         1541    i.USB_FlushRxFifo   stm32f1xx_ll_usb.o
    0x08004b48   0x00000004   Code   RO         1542    i.USB_FlushTxFifo   stm32f1xx_ll_usb.o
    0x08004b4c   0x0000001c   Code   RO         1077    i.USB_LP_CAN1_RX0_IRQHandler  stm32f1xx_it.o
    0x08004b68   0x00000006   Code   RO         1547    i.USB_ReadInterrupts  stm32f1xx_ll_usb.o
    0x08004b6e   0x00000002   PAD
    0x08004b70   0x0000001e   Code   RO         1548    i.USB_ReadPMA       stm32f1xx_ll_usb.o
    0x08004b8e   0x00000004   Code   RO         1550    i.USB_SetCurrentMode  stm32f1xx_ll_usb.o
    0x08004b92   0x0000000c   Code   RO         1551    i.USB_SetDevAddress  stm32f1xx_ll_usb.o
    0x08004b9e   0x00000026   Code   RO         1553    i.USB_WritePMA      stm32f1xx_ll_usb.o
    0x08004bc4   0x00000010   Code   RO          359    i.USER_initialize   user_diskio.o
    0x08004bd4   0x00000004   Code   RO          360    i.USER_ioctl        user_diskio.o
    0x08004bd8   0x00000004   Code   RO          361    i.USER_read         user_diskio.o
    0x08004bdc   0x00000010   Code   RO          362    i.USER_status       user_diskio.o
    0x08004bec   0x00000004   Code   RO          363    i.USER_write        user_diskio.o
    0x08004bf0   0x00000002   Code   RO         1078    i.UsageFault_Handler  stm32f1xx_it.o
    0x08004bf2   0x0000000e   Code   RO         6207    i.__scatterload_copy  mc_w.l(handlers.o)
    0x08004c00   0x00000002   Code   RO         6208    i.__scatterload_null  mc_w.l(handlers.o)
    0x08004c02   0x0000000e   Code   RO         6209    i.__scatterload_zeroinit  mc_w.l(handlers.o)
    0x08004c10   0x00000064   Code   RO           15    i.main              main.o
    0x08004c74   0x00000024   Data   RO         1001    .constdata          usbd_storage_if.o
    0x08004c98   0x00000010   Data   RO         5056    .constdata          system_stm32f1xx.o
    0x08004ca8   0x00000008   Data   RO         5057    .constdata          system_stm32f1xx.o
    0x08004cb0   0x00000007   Data   RO         5510    .constdata          usbd_msc_data.o
    0x08004cb7   0x00000008   Data   RO         5511    .constdata          usbd_msc_data.o
    0x08004cbf   0x00000008   Data   RO         5512    .constdata          usbd_msc_data.o
    0x08004cc7   0x00000001   PAD
    0x08004cc8   0x00000020   Data   RO         6205    Region$$Table       anon$$obj.o


    Execution Region RW_IRAM1 (Base: 0x20000000, Size: 0x000014c0, Max: 0x00005000, ABSOLUTE, COMPRESSED[0x000000d0])

    Base Addr    Size         Type   Attr      Idx    E Section Name        Object

    0x20000000   0x0000001b   Data   RW           16    .data               main.o
    0x2000001b   0x00000001   Data   RW          364    .data               user_diskio.o
    0x2000001c   0x00000014   Data   RW          365    .data               user_diskio.o
    0x20000030   0x00000005   Data   RW          422    .data               fatfs.o
    0x20000035   0x00000003   PAD
    0x20000038   0x0000001c   Data   RW          930    .data               usbd_desc.o
    0x20000054   0x00000032   Data   RW          931    .data               usbd_desc.o
    0x20000086   0x00000002   PAD
    0x20000088   0x00000020   Data   RW         1002    .data               usbd_storage_if.o
    0x200000a8   0x0000000c   Data   RW         4186    .data               stm32f1xx_hal.o
    0x200000b4   0x00000004   Data   RW         5058    .data               system_stm32f1xx.o
    0x200000b8   0x00000001   Data   RW         5238    .data               usbd_ctlreq.o
    0x200000b9   0x00000003   PAD
    0x200000bc   0x00000038   Data   RW         5365    .data               usbd_msc.o
    0x200000f4   0x0000006a   Data   RW         5366    .data               usbd_msc.o
    0x2000015e   0x00000002   PAD
    0x20000160   0x00000004   Data   RW         5671    .data               user_usart.o
    0x20000164   0x00000030   Zero   RW          254    .bss                adc.o
    0x20000194   0x00000028   Zero   RW          296    .bss                can.o
    0x200001bc   0x00000054   Zero   RW          459    .bss                i2c.o
    0x20000210   0x000000e0   Zero   RW          501    .bss                spi.o
    0x200002f0   0x00000100   Zero   RW          546    .bss                tim.o
    0x200003f0   0x000001d0   Zero   RW          605    .bss                usart.o
    0x200005c0   0x00000224   Zero   RW          655    .bss                usb_device.o
    0x200007e4   0x000006d0   Zero   RW          741    .bss                usbd_conf.o
    0x20000eb4   0x00000200   Zero   RW          929    .bss                usbd_desc.o
    0x200010b4   0x0000000c   Zero   RW         6104    .bss                ff_gen_drv.o
    0x200010c0   0x00000400   Zero   RW            1    STACK               startup_stm32f103xb.o


==============================================================================

Image component sizes


      Code (inc. data)   RO Data    RW Data    ZI Data      Debug   Object Name

       168         24          0          0         48       1485   adc.o
       208         26          0          0         40       1539   can.o
       124          4          0          0          0        722   dma.o
        28         10          0          5          0        942   fatfs.o
        70          4          0          0         12       1499   ff_gen_drv.o
        60          6          0          0          0        735   gpio.o
       156         26          0          0         84       1481   i2c.o
       202         10          0         27          0     490709   main.o
       288         30          0          0        224       1695   spi.o
        36          8        236          0       1024        776   startup_stm32f103xb.o
       164         28          0         12          0       5681   stm32f1xx_hal.o
       612         24          0          0          0       3176   stm32f1xx_hal_adc.o
       816          0          0          0          0       9155   stm32f1xx_hal_can.o
       194         14          0          0          0      25595   stm32f1xx_hal_cortex.o
       738         36          0          0          0       4158   stm32f1xx_hal_dma.o
       444         36          0          0          0       2200   stm32f1xx_hal_gpio.o
       320         18          0          0          0       2863   stm32f1xx_hal_i2c.o
        60          8          0          0          0        790   stm32f1xx_hal_msp.o
      1862          0          0          0          0      10364   stm32f1xx_hal_pcd.o
        52          0          0          0          0       1118   stm32f1xx_hal_pcd_ex.o
      1308         98          0          0          0       5052   stm32f1xx_hal_rcc.o
       236         12          0          0          0       1336   stm32f1xx_hal_rcc_ex.o
       214          6          0          0          0       2501   stm32f1xx_hal_spi.o
       130          0          0          0          0       1011   stm32f1xx_hal_spi_ex.o
       878         14          0          0          0       8991   stm32f1xx_hal_tim.o
        84          0          0          0          0       2222   stm32f1xx_hal_tim_ex.o
      1310         24          0          0          0       9169   stm32f1xx_hal_uart.o
       216         94          0          0          0       9646   stm32f1xx_it.o
      1674          0          0          0          0      13151   stm32f1xx_ll_usb.o
        72         16         24          4          0       1079   system_stm32f1xx.o
       564         50          0          0        256       3425   tim.o
       656         56          0          0        464       3144   usart.o
        84         18          0          0        548       5769   usb_device.o
       546         28          0          0       1744      13323   usbd_conf.o
       592          0          0          0          0       8776   usbd_core.o
       986         30          0          1          0       7496   usbd_ctlreq.o
       284        100          0         78        512       5381   usbd_desc.o
       102          0          0          0          0       3492   usbd_ioreq.o
       398         16          0        162          0       8744   usbd_msc.o
       586         12          0          0          0       6789   usbd_msc_bot.o
         0          0         23          0          0        833   usbd_msc_data.o
      1408         12          0          0          0      10059   usbd_msc_scsi.o
        38          0         36         32          0       3683   usbd_storage_if.o
        44         12          0         21          0       2792   user_diskio.o
        42         12          0          4          0       1449   user_usart.o

    ----------------------------------------------------------------------
     19090        922        352        356       4956     705996   Object Totals
         0          0         32          0          0          0   (incl. Generated)
        36          0          1         10          0          0   (incl. Padding)

    ----------------------------------------------------------------------

      Code (inc. data)   RO Data    RW Data    ZI Data      Debug   Library Member Name

        86          0          0          0          0          0   __dczerorl2.o
         0          0          0          0          0          0   entry.o
         0          0          0          0          0          0   entry10a.o
         0          0          0          0          0          0   entry11a.o
         8          4          0          0          0          0   entry2.o
         4          0          0          0          0          0   entry5.o
         0          0          0          0          0          0   entry7b.o
         0          0          0          0          0          0   entry8b.o
         8          4          0          0          0          0   entry9a.o
        30          0          0          0          0          0   handlers.o
        36          8          0          0          0         68   init.o
        36          0          0          0          0         68   memcpya.o
        36          0          0          0          0        108   memseta.o

    ----------------------------------------------------------------------
       246         16          0          0          0        244   Library Totals
         2          0          0          0          0          0   (incl. Padding)

    ----------------------------------------------------------------------

      Code (inc. data)   RO Data    RW Data    ZI Data      Debug   Library Name

       244         16          0          0          0        244   mc_w.l

    ----------------------------------------------------------------------
       246         16          0          0          0        244   Library Totals

    ----------------------------------------------------------------------

==============================================================================


      Code (inc. data)   RO Data    RW Data    ZI Data      Debug   

     19336        938        352        356       4956     693212   Grand Totals
     19336        938        352        208       4956     693212   ELF Image Totals (compressed)
     19336        938        352        208          0          0   ROM Totals

==============================================================================

    Total RO  Size (Code + RO Data)                19688 (  19.23kB)
    Total RW  Size (RW Data + ZI Data)              5312 (   5.19kB)
    Total ROM Size (Code + RO Data + RW Data)      19896 (  19.43kB)

==============================================================================

